{
  "timestamp": "2026-07-06T13:01:35.005985",
  "total": 75,
  "complete": 75,
  "failed": 0,
  "records": [
    {
      "label": "yaw2425_pitchp0275_roll+005",
      "record_id": "phase63_yaw242_pitch+028",
      "yaw_deg": 242.5,
      "pitch_deg": 27.5,
      "ocs_total": 0.09919793903827667,
      "ocs_per_part": {
        "jinshuzhuti": 0.0898263156414032,
        "taiyangnengban": 0.0012289101723581553,
        "yinshenban": 0.008142703212797642
      },
      "n_pixels_camera_visible": 6298,
      "n_pixels_nol_positive": 4054,
      "n_pixels_sun_visible": 6285,
      "n_pixels_contributing": 4054,
      "exr_path": "v0.4_results/23A_three_axis_p4phys_top1_roll_confirmation/postprocess/phase63/roll+005/yaw2425_pitchp0275_roll+005_linear.exr",
      "png_path": "v0.4_results/23A_three_axis_p4phys_top1_roll_confirmation/postprocess/phase63/roll+005/yaw2425_pitchp0275_roll+005_brdf.png",
      "ocs_json_path": "v0.4_results/23A_three_axis_p4phys_top1_roll_confirmation/postprocess/phase63/roll+005/yaw2425_pitchp0275_roll+005_ocs.json",
      "sun_visibility_mask_path": "v0.4_results/01_fullrun/postprocess/yaw2425_pitchp0275_roll+005_v_sun_macro.png",
      "status": "COMPLETE",
      "roll_deg": 5.0,
      "cluster": "R1_top"
    },
    {
      "label": "yaw2425_pitchp0300_roll+005",
      "record_id": "phase63_yaw242_pitch+030",
      "yaw_deg": 242.5,
      "pitch_deg": 30.0,
      "ocs_total": 0.09852290153503418,
      "ocs_per_part": {
        "jinshuzhuti": 0.08911602944135666,
        "taiyangnengban": 0.0012758019147440791,
        "yinshenban": 0.008131074719130993
      },
      "n_pixels_camera_visible": 6337,
      "n_pixels_nol_positive": 4084,
      "n_pixels_sun_visible": 6315,
      "n_pixels_contributing": 4084,
      "exr_path": "v0.4_results/23A_three_axis_p4phys_top1_roll_confirmation/postprocess/phase63/roll+005/yaw2425_pitchp0300_roll+005_linear.exr",
      "png_path": "v0.4_results/23A_three_axis_p4phys_top1_roll_confirmation/postprocess/phase63/roll+005/yaw2425_pitchp0300_roll+005_brdf.png",
      "ocs_json_path": "v0.4_results/23A_three_axis_p4phys_top1_roll_confirmation/postprocess/phase63/roll+005/yaw2425_pitchp0300_roll+005_ocs.json",
      "sun_visibility_mask_path": "v0.4_results/01_fullrun/postprocess/yaw2425_pitchp0300_roll+005_v_sun_macro.png",
      "status": "COMPLETE",
      "roll_deg": 5.0,
      "cluster": "R1_top"
    },
    {
      "label": "yaw2425_pitchp0325_roll+005",
      "record_id": "phase63_yaw242_pitch+032",
      "yaw_deg": 242.5,
      "pitch_deg": 32.5,
      "ocs_total": 0.09813183546066284,
      "ocs_per_part": {
        "jinshuzhuti": 0.08871129900217056,
        "taiyangnengban": 0.0012556032743304968,
        "yinshenban": 0.008164937607944012
      },
      "n_pixels_camera_visible": 6355,
      "n_pixels_nol_positive": 4095,
      "n_pixels_sun_visible": 6312,
      "n_pixels_contributing": 4095,
      "exr_path": "v0.4_results/23A_three_axis_p4phys_top1_roll_confirmation/postprocess/phase63/roll+005/yaw2425_pitchp0325_roll+005_linear.exr",
      "png_path": "v0.4_results/23A_three_axis_p4phys_top1_roll_confirmation/postprocess/phase63/roll+005/yaw2425_pitchp0325_roll+005_brdf.png",
      "ocs_json_path": "v0.4_results/23A_three_axis_p4phys_top1_roll_confirmation/postprocess/phase63/roll+005/yaw2425_pitchp0325_roll+005_ocs.json",
      "sun_visibility_mask_path": "v0.4_results/01_fullrun/postprocess/yaw2425_pitchp0325_roll+005_v_sun_macro.png",
      "status": "COMPLETE",
      "roll_deg": 5.0,
      "cluster": "R1_top"
    },
    {
      "label": "yaw2425_pitchp0350_roll+005",
      "record_id": "phase63_yaw242_pitch+035",
      "yaw_deg": 242.5,
      "pitch_deg": 35.0,
      "ocs_total": 0.09751703590154648,
      "ocs_per_part": {
        "jinshuzhuti": 0.08817234635353088,
        "taiyangnengban": 0.0012468370841816068,
        "yinshenban": 0.008097845129668713
      },
      "n_pixels_camera_visible": 6369,
      "n_pixels_nol_positive": 4113,
      "n_pixels_sun_visible": 6325,
      "n_pixels_contributing": 4113,
      "exr_path": "v0.4_results/23A_three_axis_p4phys_top1_roll_confirmation/postprocess/phase63/roll+005/yaw2425_pitchp0350_roll+005_linear.exr",
      "png_path": "v0.4_results/23A_three_axis_p4phys_top1_roll_confirmation/postprocess/phase63/roll+005/yaw2425_pitchp0350_roll+005_brdf.png",
      "ocs_json_path": "v0.4_results/23A_three_axis_p4phys_top1_roll_confirmation/postprocess/phase63/roll+005/yaw2425_pitchp0350_roll+005_ocs.json",
      "sun_visibility_mask_path": "v0.4_results/01_fullrun/postprocess/yaw2425_pitchp0350_roll+005_v_sun_macro.png",
      "status": "COMPLETE",
      "roll_deg": 5.0,
      "cluster": "R1_top"
    },
    {
      "label": "yaw2450_pitchp0275_roll+005",
      "record_id": "phase63_yaw245_pitch+028",
      "yaw_deg": 245.0,
      "pitch_deg": 27.5,
      "ocs_total": 0.08476638793945312,
      "ocs_per_part": {
        "jinshuzhuti": 0.0755159929394722,
        "taiyangnengban": 0.0012649819254875183,
        "yinshenban": 0.00798541959375143
      },
      "n_pixels_camera_visible": 6322,
      "n_pixels_nol_positive": 3964,
      "n_pixels_sun_visible": 6314,
      "n_pixels_contributing": 3964,
      "exr_path": "v0.4_results/23A_three_axis_p4phys_top1_roll_confirmation/postprocess/phase63/roll+005/yaw2450_pitchp0275_roll+005_linear.exr",
      "png_path": "v0.4_results/23A_three_axis_p4phys_top1_roll_confirmation/postprocess/phase63/roll+005/yaw2450_pitchp0275_roll+005_brdf.png",
      "ocs_json_path": "v0.4_results/23A_three_axis_p4phys_top1_roll_confirmation/postprocess/phase63/roll+005/yaw2450_pitchp0275_roll+005_ocs.json",
      "sun_visibility_mask_path": "v0.4_results/01_fullrun/postprocess/yaw2450_pitchp0275_roll+005_v_sun_macro.png",
      "status": "COMPLETE",
      "roll_deg": 5.0,
      "cluster": "R1_top"
    },
    {
      "label": "yaw2450_pitchp0300_roll+005",
      "record_id": "phase63_yaw245_pitch+030",
      "yaw_deg": 245.0,
      "pitch_deg": 30.0,
      "ocs_total": 0.08474087715148926,
      "ocs_per_part": {
        "jinshuzhuti": 0.07554297894239426,
        "taiyangnengban": 0.0012113164411857724,
        "yinshenban": 0.007986575365066528
      },
      "n_pixels_camera_visible": 6357,
      "n_pixels_nol_positive": 3973,
      "n_pixels_sun_visible": 6348,
      "n_pixels_contributing": 3973,
      "exr_path": "v0.4_results/23A_three_axis_p4phys_top1_roll_confirmation/postprocess/phase63/roll+005/yaw2450_pitchp0300_roll+005_linear.exr",
      "png_path": "v0.4_results/23A_three_axis_p4phys_top1_roll_confirmation/postprocess/phase63/roll+005/yaw2450_pitchp0300_roll+005_brdf.png",
      "ocs_json_path": "v0.4_results/23A_three_axis_p4phys_top1_roll_confirmation/postprocess/phase63/roll+005/yaw2450_pitchp0300_roll+005_ocs.json",
      "sun_visibility_mask_path": "v0.4_results/01_fullrun/postprocess/yaw2450_pitchp0300_roll+005_v_sun_macro.png",
      "status": "COMPLETE",
      "roll_deg": 5.0,
      "cluster": "R1_top"
    },
    {
      "label": "yaw2450_pitchp0325_roll+005",
      "record_id": "phase63_yaw245_pitch+032",
      "yaw_deg": 245.0,
      "pitch_deg": 32.5,
      "ocs_total": 0.08502770215272903,
      "ocs_per_part": {
        "jinshuzhuti": 0.07583320885896683,
        "taiyangnengban": 0.0012142196064814925,
        "yinshenban": 0.007980266585946083
      },
      "n_pixels_camera_visible": 6377,
      "n_pixels_nol_positive": 3993,
      "n_pixels_sun_visible": 6360,
      "n_pixels_contributing": 3993,
      "exr_path": "v0.4_results/23A_three_axis_p4phys_top1_roll_confirmation/postprocess/phase63/roll+005/yaw2450_pitchp0325_roll+005_linear.exr",
      "png_path": "v0.4_results/23A_three_axis_p4phys_top1_roll_confirmation/postprocess/phase63/roll+005/yaw2450_pitchp0325_roll+005_brdf.png",
      "ocs_json_path": "v0.4_results/23A_three_axis_p4phys_top1_roll_confirmation/postprocess/phase63/roll+005/yaw2450_pitchp0325_roll+005_ocs.json",
      "sun_visibility_mask_path": "v0.4_results/01_fullrun/postprocess/yaw2450_pitchp0325_roll+005_v_sun_macro.png",
      "status": "COMPLETE",
      "roll_deg": 5.0,
      "cluster": "R1_top"
    },
    {
      "label": "yaw2450_pitchp0350_roll+005",
      "record_id": "phase63_yaw245_pitch+035",
      "yaw_deg": 245.0,
      "pitch_deg": 35.0,
      "ocs_total": 0.08414075523614883,
      "ocs_per_part": {
        "jinshuzhuti": 0.07496955990791321,
        "taiyangnengban": 0.0012046338524669409,
        "yinshenban": 0.007966569624841213
      },
      "n_pixels_camera_visible": 6388,
      "n_pixels_nol_positive": 3984,
      "n_pixels_sun_visible": 6358,
      "n_pixels_contributing": 3983,
      "exr_path": "v0.4_results/23A_three_axis_p4phys_top1_roll_confirmation/postprocess/phase63/roll+005/yaw2450_pitchp0350_roll+005_linear.exr",
      "png_path": "v0.4_results/23A_three_axis_p4phys_top1_roll_confirmation/postprocess/phase63/roll+005/yaw2450_pitchp0350_roll+005_brdf.png",
      "ocs_json_path": "v0.4_results/23A_three_axis_p4phys_top1_roll_confirmation/postprocess/phase63/roll+005/yaw2450_pitchp0350_roll+005_ocs.json",
      "sun_visibility_mask_path": "v0.4_results/01_fullrun/postprocess/yaw2450_pitchp0350_roll+005_v_sun_macro.png",
      "status": "COMPLETE",
      "roll_deg": 5.0,
      "cluster": "R1_top"
    },
    {
      "label": "yaw2475_pitchp0275_roll+005",
      "record_id": "phase63_yaw247_pitch+028",
      "yaw_deg": 247.5,
      "pitch_deg": 27.5,
      "ocs_total": 0.06658433377742767,
      "ocs_per_part": {
        "jinshuzhuti": 0.05777562037110329,
        "taiyangnengban": 0.0011006036074832082,
        "yinshenban": 0.007708101533353329
      },
      "n_pixels_camera_visible": 6331,
      "n_pixels_nol_positive": 4744,
      "n_pixels_sun_visible": 6323,
      "n_pixels_contributing": 4736,
      "exr_path": "v0.4_results/23A_three_axis_p4phys_top1_roll_confirmation/postprocess/phase63/roll+005/yaw2475_pitchp0275_roll+005_linear.exr",
      "png_path": "v0.4_results/23A_three_axis_p4phys_top1_roll_confirmation/postprocess/phase63/roll+005/yaw2475_pitchp0275_roll+005_brdf.png",
      "ocs_json_path": "v0.4_results/23A_three_axis_p4phys_top1_roll_confirmation/postprocess/phase63/roll+005/yaw2475_pitchp0275_roll+005_ocs.json",
      "sun_visibility_mask_path": "v0.4_results/01_fullrun/postprocess/yaw2475_pitchp0275_roll+005_v_sun_macro.png",
      "status": "COMPLETE",
      "roll_deg": 5.0,
      "cluster": "R1_top"
    },
    {
      "label": "yaw2475_pitchp0300_roll+005",
      "record_id": "phase63_yaw247_pitch+030",
      "yaw_deg": 247.5,
      "pitch_deg": 30.0,
      "ocs_total": 0.06712444871664047,
      "ocs_per_part": {
        "jinshuzhuti": 0.058350514620542526,
        "taiyangnengban": 0.001071381033398211,
        "yinshenban": 0.007702551316469908
      },
      "n_pixels_camera_visible": 6364,
      "n_pixels_nol_positive": 3830,
      "n_pixels_sun_visible": 6362,
      "n_pixels_contributing": 3830,
      "exr_path": "v0.4_results/23A_three_axis_p4phys_top1_roll_confirmation/postprocess/phase63/roll+005/yaw2475_pitchp0300_roll+005_linear.exr",
      "png_path": "v0.4_results/23A_three_axis_p4phys_top1_roll_confirmation/postprocess/phase63/roll+005/yaw2475_pitchp0300_roll+005_brdf.png",
      "ocs_json_path": "v0.4_results/23A_three_axis_p4phys_top1_roll_confirmation/postprocess/phase63/roll+005/yaw2475_pitchp0300_roll+005_ocs.json",
      "sun_visibility_mask_path": "v0.4_results/01_fullrun/postprocess/yaw2475_pitchp0300_roll+005_v_sun_macro.png",
      "status": "COMPLETE",
      "roll_deg": 5.0,
      "cluster": "R1_top"
    },
    {
      "label": "yaw2475_pitchp0325_roll+005",
      "record_id": "phase63_yaw247_pitch+032",
      "yaw_deg": 247.5,
      "pitch_deg": 32.5,
      "ocs_total": 0.06748652458190918,
      "ocs_per_part": {
        "jinshuzhuti": 0.05872693657875061,
        "taiyangnengban": 0.0010212456109002233,
        "yinshenban": 0.007738333195447922
      },
      "n_pixels_camera_visible": 6393,
      "n_pixels_nol_positive": 3837,
      "n_pixels_sun_visible": 6387,
      "n_pixels_contributing": 3837,
      "exr_path": "v0.4_results/23A_three_axis_p4phys_top1_roll_confirmation/postprocess/phase63/roll+005/yaw2475_pitchp0325_roll+005_linear.exr",
      "png_path": "v0.4_results/23A_three_axis_p4phys_top1_roll_confirmation/postprocess/phase63/roll+005/yaw2475_pitchp0325_roll+005_brdf.png",
      "ocs_json_path": "v0.4_results/23A_three_axis_p4phys_top1_roll_confirmation/postprocess/phase63/roll+005/yaw2475_pitchp0325_roll+005_ocs.json",
      "sun_visibility_mask_path": "v0.4_results/01_fullrun/postprocess/yaw2475_pitchp0325_roll+005_v_sun_macro.png",
      "status": "COMPLETE",
      "roll_deg": 5.0,
      "cluster": "R1_top"
    },
    {
      "label": "yaw2475_pitchp0350_roll+005",
      "record_id": "phase63_yaw247_pitch+035",
      "yaw_deg": 247.5,
      "pitch_deg": 35.0,
      "ocs_total": 0.06863773614168167,
      "ocs_per_part": {
        "jinshuzhuti": 0.05946550890803337,
        "taiyangnengban": 0.0013819278683513403,
        "yinshenban": 0.007790304254740477
      },
      "n_pixels_camera_visible": 6411,
      "n_pixels_nol_positive": 3880,
      "n_pixels_sun_visible": 6402,
      "n_pixels_contributing": 3880,
      "exr_path": "v0.4_results/23A_three_axis_p4phys_top1_roll_confirmation/postprocess/phase63/roll+005/yaw2475_pitchp0350_roll+005_linear.exr",
      "png_path": "v0.4_results/23A_three_axis_p4phys_top1_roll_confirmation/postprocess/phase63/roll+005/yaw2475_pitchp0350_roll+005_brdf.png",
      "ocs_json_path": "v0.4_results/23A_three_axis_p4phys_top1_roll_confirmation/postprocess/phase63/roll+005/yaw2475_pitchp0350_roll+005_ocs.json",
      "sun_visibility_mask_path": "v0.4_results/01_fullrun/postprocess/yaw2475_pitchp0350_roll+005_v_sun_macro.png",
      "status": "COMPLETE",
      "roll_deg": 5.0,
      "cluster": "R1_top"
    },
    {
      "label": "yaw2425_pitchp0275_roll+010",
      "record_id": "phase63_yaw242_pitch+028",
      "yaw_deg": 242.5,
      "pitch_deg": 27.5,
      "ocs_total": 0.17843039333820343,
      "ocs_per_part": {
        "jinshuzhuti": 0.16839410364627838,
        "taiyangnengban": 0.0013766959309577942,
        "yinshenban": 0.008659596554934978
      },
      "n_pixels_camera_visible": 6212,
      "n_pixels_nol_positive": 4168,
      "n_pixels_sun_visible": 6165,
      "n_pixels_contributing": 4166,
      "exr_path": "v0.4_results/23A_three_axis_p4phys_top1_roll_confirmation/postprocess/phase63/roll+010/yaw2425_pitchp0275_roll+010_linear.exr",
      "png_path": "v0.4_results/23A_three_axis_p4phys_top1_roll_confirmation/postprocess/phase63/roll+010/yaw2425_pitchp0275_roll+010_brdf.png",
      "ocs_json_path": "v0.4_results/23A_three_axis_p4phys_top1_roll_confirmation/postprocess/phase63/roll+010/yaw2425_pitchp0275_roll+010_ocs.json",
      "sun_visibility_mask_path": "v0.4_results/01_fullrun/postprocess/yaw2425_pitchp0275_roll+010_v_sun_macro.png",
      "status": "COMPLETE",
      "roll_deg": 10.0,
      "cluster": "R1_top"
    },
    {
      "label": "yaw2425_pitchp0300_roll+010",
      "record_id": "phase63_yaw242_pitch+030",
      "yaw_deg": 242.5,
      "pitch_deg": 30.0,
      "ocs_total": 0.17278778553009033,
      "ocs_per_part": {
        "jinshuzhuti": 0.1625642627477646,
        "taiyangnengban": 0.0016080653294920921,
        "yinshenban": 0.008615459315478802
      },
      "n_pixels_camera_visible": 6237,
      "n_pixels_nol_positive": 4162,
      "n_pixels_sun_visible": 6188,
      "n_pixels_contributing": 4160,
      "exr_path": "v0.4_results/23A_three_axis_p4phys_top1_roll_confirmation/postprocess/phase63/roll+010/yaw2425_pitchp0300_roll+010_linear.exr",
      "png_path": "v0.4_results/23A_three_axis_p4phys_top1_roll_confirmation/postprocess/phase63/roll+010/yaw2425_pitchp0300_roll+010_brdf.png",
      "ocs_json_path": "v0.4_results/23A_three_axis_p4phys_top1_roll_confirmation/postprocess/phase63/roll+010/yaw2425_pitchp0300_roll+010_ocs.json",
      "sun_visibility_mask_path": "v0.4_results/01_fullrun/postprocess/yaw2425_pitchp0300_roll+010_v_sun_macro.png",
      "status": "COMPLETE",
      "roll_deg": 10.0,
      "cluster": "R1_top"
    },
    {
      "label": "yaw2425_pitchp0325_roll+010",
      "record_id": "phase63_yaw242_pitch+032",
      "yaw_deg": 242.5,
      "pitch_deg": 32.5,
      "ocs_total": 0.1710790991783142,
      "ocs_per_part": {
        "jinshuzhuti": 0.16102199256420135,
        "taiyangnengban": 0.0014104098081588745,
        "yinshenban": 0.008646680042147636
      },
      "n_pixels_camera_visible": 6240,
      "n_pixels_nol_positive": 4196,
      "n_pixels_sun_visible": 6210,
      "n_pixels_contributing": 4195,
      "exr_path": "v0.4_results/23A_three_axis_p4phys_top1_roll_confirmation/postprocess/phase63/roll+010/yaw2425_pitchp0325_roll+010_linear.exr",
      "png_path": "v0.4_results/23A_three_axis_p4phys_top1_roll_confirmation/postprocess/phase63/roll+010/yaw2425_pitchp0325_roll+010_brdf.png",
      "ocs_json_path": "v0.4_results/23A_three_axis_p4phys_top1_roll_confirmation/postprocess/phase63/roll+010/yaw2425_pitchp0325_roll+010_ocs.json",
      "sun_visibility_mask_path": "v0.4_results/01_fullrun/postprocess/yaw2425_pitchp0325_roll+010_v_sun_macro.png",
      "status": "COMPLETE",
      "roll_deg": 10.0,
      "cluster": "R1_top"
    },
    {
      "label": "yaw2425_pitchp0350_roll+010",
      "record_id": "phase63_yaw242_pitch+035",
      "yaw_deg": 242.5,
      "pitch_deg": 35.0,
      "ocs_total": 0.1666892170906067,
      "ocs_per_part": {
        "jinshuzhuti": 0.15663504600524902,
        "taiyangnengban": 0.0014338961336761713,
        "yinshenban": 0.008620277047157288
      },
      "n_pixels_camera_visible": 6263,
      "n_pixels_nol_positive": 4221,
      "n_pixels_sun_visible": 6239,
      "n_pixels_contributing": 4221,
      "exr_path": "v0.4_results/23A_three_axis_p4phys_top1_roll_confirmation/postprocess/phase63/roll+010/yaw2425_pitchp0350_roll+010_linear.exr",
      "png_path": "v0.4_results/23A_three_axis_p4phys_top1_roll_confirmation/postprocess/phase63/roll+010/yaw2425_pitchp0350_roll+010_brdf.png",
      "ocs_json_path": "v0.4_results/23A_three_axis_p4phys_top1_roll_confirmation/postprocess/phase63/roll+010/yaw2425_pitchp0350_roll+010_ocs.json",
      "sun_visibility_mask_path": "v0.4_results/01_fullrun/postprocess/yaw2425_pitchp0350_roll+010_v_sun_macro.png",
      "status": "COMPLETE",
      "roll_deg": 10.0,
      "cluster": "R1_top"
    },
    {
      "label": "yaw2450_pitchp0275_roll+010",
      "record_id": "phase63_yaw245_pitch+028",
      "yaw_deg": 245.0,
      "pitch_deg": 27.5,
      "ocs_total": 0.16521452367305756,
      "ocs_per_part": {
        "jinshuzhuti": 0.15536101162433624,
        "taiyangnengban": 0.0012926924973726273,
        "yinshenban": 0.008560813032090664
      },
      "n_pixels_camera_visible": 6240,
      "n_pixels_nol_positive": 4053,
      "n_pixels_sun_visible": 6207,
      "n_pixels_contributing": 4053,
      "exr_path": "v0.4_results/23A_three_axis_p4phys_top1_roll_confirmation/postprocess/phase63/roll+010/yaw2450_pitchp0275_roll+010_linear.exr",
      "png_path": "v0.4_results/23A_three_axis_p4phys_top1_roll_confirmation/postprocess/phase63/roll+010/yaw2450_pitchp0275_roll+010_brdf.png",
      "ocs_json_path": "v0.4_results/23A_three_axis_p4phys_top1_roll_confirmation/postprocess/phase63/roll+010/yaw2450_pitchp0275_roll+010_ocs.json",
      "sun_visibility_mask_path": "v0.4_results/01_fullrun/postprocess/yaw2450_pitchp0275_roll+010_v_sun_macro.png",
      "status": "COMPLETE",
      "roll_deg": 10.0,
      "cluster": "R1_top"
    },
    {
      "label": "yaw2450_pitchp0300_roll+010",
      "record_id": "phase63_yaw245_pitch+030",
      "yaw_deg": 245.0,
      "pitch_deg": 30.0,
      "ocs_total": 0.1649530529975891,
      "ocs_per_part": {
        "jinshuzhuti": 0.154823899269104,
        "taiyangnengban": 0.0015607804525643587,
        "yinshenban": 0.008568378165364265
      },
      "n_pixels_camera_visible": 6257,
      "n_pixels_nol_positive": 4090,
      "n_pixels_sun_visible": 6213,
      "n_pixels_contributing": 4088,
      "exr_path": "v0.4_results/23A_three_axis_p4phys_top1_roll_confirmation/postprocess/phase63/roll+010/yaw2450_pitchp0300_roll+010_linear.exr",
      "png_path": "v0.4_results/23A_three_axis_p4phys_top1_roll_confirmation/postprocess/phase63/roll+010/yaw2450_pitchp0300_roll+010_brdf.png",
      "ocs_json_path": "v0.4_results/23A_three_axis_p4phys_top1_roll_confirmation/postprocess/phase63/roll+010/yaw2450_pitchp0300_roll+010_ocs.json",
      "sun_visibility_mask_path": "v0.4_results/01_fullrun/postprocess/yaw2450_pitchp0300_roll+010_v_sun_macro.png",
      "status": "COMPLETE",
      "roll_deg": 10.0,
      "cluster": "R1_top"
    },
    {
      "label": "yaw2450_pitchp0325_roll+010",
      "record_id": "phase63_yaw245_pitch+032",
      "yaw_deg": 245.0,
      "pitch_deg": 32.5,
      "ocs_total": 0.1644950807094574,
      "ocs_per_part": {
        "jinshuzhuti": 0.15458865463733673,
        "taiyangnengban": 0.0013587811263278127,
        "yinshenban": 0.008547644130885601
      },
      "n_pixels_camera_visible": 6298,
      "n_pixels_nol_positive": 4098,
      "n_pixels_sun_visible": 6257,
      "n_pixels_contributing": 4097,
      "exr_path": "v0.4_results/23A_three_axis_p4phys_top1_roll_confirmation/postprocess/phase63/roll+010/yaw2450_pitchp0325_roll+010_linear.exr",
      "png_path": "v0.4_results/23A_three_axis_p4phys_top1_roll_confirmation/postprocess/phase63/roll+010/yaw2450_pitchp0325_roll+010_brdf.png",
      "ocs_json_path": "v0.4_results/23A_three_axis_p4phys_top1_roll_confirmation/postprocess/phase63/roll+010/yaw2450_pitchp0325_roll+010_ocs.json",
      "sun_visibility_mask_path": "v0.4_results/01_fullrun/postprocess/yaw2450_pitchp0325_roll+010_v_sun_macro.png",
      "status": "COMPLETE",
      "roll_deg": 10.0,
      "cluster": "R1_top"
    },
    {
      "label": "yaw2450_pitchp0350_roll+010",
      "record_id": "phase63_yaw245_pitch+035",
      "yaw_deg": 245.0,
      "pitch_deg": 35.0,
      "ocs_total": 0.16348208487033844,
      "ocs_per_part": {
        "jinshuzhuti": 0.1536853015422821,
        "taiyangnengban": 0.0012732058530673385,
        "yinshenban": 0.00852358341217041
      },
      "n_pixels_camera_visible": 6306,
      "n_pixels_nol_positive": 4130,
      "n_pixels_sun_visible": 6279,
      "n_pixels_contributing": 4129,
      "exr_path": "v0.4_results/23A_three_axis_p4phys_top1_roll_confirmation/postprocess/phase63/roll+010/yaw2450_pitchp0350_roll+010_linear.exr",
      "png_path": "v0.4_results/23A_three_axis_p4phys_top1_roll_confirmation/postprocess/phase63/roll+010/yaw2450_pitchp0350_roll+010_brdf.png",
      "ocs_json_path": "v0.4_results/23A_three_axis_p4phys_top1_roll_confirmation/postprocess/phase63/roll+010/yaw2450_pitchp0350_roll+010_ocs.json",
      "sun_visibility_mask_path": "v0.4_results/01_fullrun/postprocess/yaw2450_pitchp0350_roll+010_v_sun_macro.png",
      "status": "COMPLETE",
      "roll_deg": 10.0,
      "cluster": "R1_top"
    },
    {
      "label": "yaw2475_pitchp0275_roll+010",
      "record_id": "phase63_yaw247_pitch+028",
      "yaw_deg": 247.5,
      "pitch_deg": 27.5,
      "ocs_total": 0.13485991954803467,
      "ocs_per_part": {
        "jinshuzhuti": 0.1251547783613205,
        "taiyangnengban": 0.0013489417033270001,
        "yinshenban": 0.008356192149221897
      },
      "n_pixels_camera_visible": 6256,
      "n_pixels_nol_positive": 3943,
      "n_pixels_sun_visible": 6243,
      "n_pixels_contributing": 3943,
      "exr_path": "v0.4_results/23A_three_axis_p4phys_top1_roll_confirmation/postprocess/phase63/roll+010/yaw2475_pitchp0275_roll+010_linear.exr",
      "png_path": "v0.4_results/23A_three_axis_p4phys_top1_roll_confirmation/postprocess/phase63/roll+010/yaw2475_pitchp0275_roll+010_brdf.png",
      "ocs_json_path": "v0.4_results/23A_three_axis_p4phys_top1_roll_confirmation/postprocess/phase63/roll+010/yaw2475_pitchp0275_roll+010_ocs.json",
      "sun_visibility_mask_path": "v0.4_results/01_fullrun/postprocess/yaw2475_pitchp0275_roll+010_v_sun_macro.png",
      "status": "COMPLETE",
      "roll_deg": 10.0,
      "cluster": "R1_top"
    },
    {
      "label": "yaw2475_pitchp0300_roll+010",
      "record_id": "phase63_yaw247_pitch+030",
      "yaw_deg": 247.5,
      "pitch_deg": 30.0,
      "ocs_total": 0.1379542201757431,
      "ocs_per_part": {
        "jinshuzhuti": 0.12829244136810303,
        "taiyangnengban": 0.0012334553757682443,
        "yinshenban": 0.008428323082625866
      },
      "n_pixels_camera_visible": 6291,
      "n_pixels_nol_positive": 3956,
      "n_pixels_sun_visible": 6262,
      "n_pixels_contributing": 3954,
      "exr_path": "v0.4_results/23A_three_axis_p4phys_top1_roll_confirmation/postprocess/phase63/roll+010/yaw2475_pitchp0300_roll+010_linear.exr",
      "png_path": "v0.4_results/23A_three_axis_p4phys_top1_roll_confirmation/postprocess/phase63/roll+010/yaw2475_pitchp0300_roll+010_brdf.png",
      "ocs_json_path": "v0.4_results/23A_three_axis_p4phys_top1_roll_confirmation/postprocess/phase63/roll+010/yaw2475_pitchp0300_roll+010_ocs.json",
      "sun_visibility_mask_path": "v0.4_results/01_fullrun/postprocess/yaw2475_pitchp0300_roll+010_v_sun_macro.png",
      "status": "COMPLETE",
      "roll_deg": 10.0,
      "cluster": "R1_top"
    },
    {
      "label": "yaw2475_pitchp0325_roll+010",
      "record_id": "phase63_yaw247_pitch+032",
      "yaw_deg": 247.5,
      "pitch_deg": 32.5,
      "ocs_total": 0.13982200622558594,
      "ocs_per_part": {
        "jinshuzhuti": 0.12995043396949768,
        "taiyangnengban": 0.0014438498765230179,
        "yinshenban": 0.008427713997662067
      },
      "n_pixels_camera_visible": 6326,
      "n_pixels_nol_positive": 3976,
      "n_pixels_sun_visible": 6289,
      "n_pixels_contributing": 3974,
      "exr_path": "v0.4_results/23A_three_axis_p4phys_top1_roll_confirmation/postprocess/phase63/roll+010/yaw2475_pitchp0325_roll+010_linear.exr",
      "png_path": "v0.4_results/23A_three_axis_p4phys_top1_roll_confirmation/postprocess/phase63/roll+010/yaw2475_pitchp0325_roll+010_brdf.png",
      "ocs_json_path": "v0.4_results/23A_three_axis_p4phys_top1_roll_confirmation/postprocess/phase63/roll+010/yaw2475_pitchp0325_roll+010_ocs.json",
      "sun_visibility_mask_path": "v0.4_results/01_fullrun/postprocess/yaw2475_pitchp0325_roll+010_v_sun_macro.png",
      "status": "COMPLETE",
      "roll_deg": 10.0,
      "cluster": "R1_top"
    },
    {
      "label": "yaw2475_pitchp0350_roll+010",
      "record_id": "phase63_yaw247_pitch+035",
      "yaw_deg": 247.5,
      "pitch_deg": 35.0,
      "ocs_total": 0.14180736243724823,
      "ocs_per_part": {
        "jinshuzhuti": 0.1325596570968628,
        "taiyangnengban": 0.0007682516006752849,
        "yinshenban": 0.008479457348585129
      },
      "n_pixels_camera_visible": 6348,
      "n_pixels_nol_positive": 3997,
      "n_pixels_sun_visible": 6317,
      "n_pixels_contributing": 3995,
      "exr_path": "v0.4_results/23A_three_axis_p4phys_top1_roll_confirmation/postprocess/phase63/roll+010/yaw2475_pitchp0350_roll+010_linear.exr",
      "png_path": "v0.4_results/23A_three_axis_p4phys_top1_roll_confirmation/postprocess/phase63/roll+010/yaw2475_pitchp0350_roll+010_brdf.png",
      "ocs_json_path": "v0.4_results/23A_three_axis_p4phys_top1_roll_confirmation/postprocess/phase63/roll+010/yaw2475_pitchp0350_roll+010_ocs.json",
      "sun_visibility_mask_path": "v0.4_results/01_fullrun/postprocess/yaw2475_pitchp0350_roll+010_v_sun_macro.png",
      "status": "COMPLETE",
      "roll_deg": 10.0,
      "cluster": "R1_top"
    },
    {
      "label": "yaw2425_pitchp0275_roll+0125",
      "record_id": "phase63_yaw242_pitch+028",
      "yaw_deg": 242.5,
      "pitch_deg": 27.5,
      "ocs_total": 0.20112067461013794,
      "ocs_per_part": {
        "jinshuzhuti": 0.19085820019245148,
        "taiyangnengban": 0.0015393688809126616,
        "yinshenban": 0.008723102509975433
      },
      "n_pixels_camera_visible": 6171,
      "n_pixels_nol_positive": 4201,
      "n_pixels_sun_visible": 6129,
      "n_pixels_contributing": 4201,
      "exr_path": "v0.4_results/23A_three_axis_p4phys_top1_roll_confirmation/postprocess/phase63/roll+0125/yaw2425_pitchp0275_roll+0125_linear.exr",
      "png_path": "v0.4_results/23A_three_axis_p4phys_top1_roll_confirmation/postprocess/phase63/roll+0125/yaw2425_pitchp0275_roll+0125_brdf.png",
      "ocs_json_path": "v0.4_results/23A_three_axis_p4phys_top1_roll_confirmation/postprocess/phase63/roll+0125/yaw2425_pitchp0275_roll+0125_ocs.json",
      "sun_visibility_mask_path": "v0.4_results/01_fullrun/postprocess/yaw2425_pitchp0275_roll+0125_v_sun_macro.png",
      "status": "COMPLETE",
      "roll_deg": 12.5,
      "cluster": "R1_top"
    },
    {
      "label": "yaw2425_pitchp0300_roll+0125",
      "record_id": "phase63_yaw242_pitch+030",
      "yaw_deg": 242.5,
      "pitch_deg": 30.0,
      "ocs_total": 0.19711169600486755,
      "ocs_per_part": {
        "jinshuzhuti": 0.18685542047023773,
        "taiyangnengban": 0.0015238429186865687,
        "yinshenban": 0.008732406422495842
      },
      "n_pixels_camera_visible": 6192,
      "n_pixels_nol_positive": 4228,
      "n_pixels_sun_visible": 6164,
      "n_pixels_contributing": 4227,
      "exr_path": "v0.4_results/23A_three_axis_p4phys_top1_roll_confirmation/postprocess/phase63/roll+0125/yaw2425_pitchp0300_roll+0125_linear.exr",
      "png_path": "v0.4_results/23A_three_axis_p4phys_top1_roll_confirmation/postprocess/phase63/roll+0125/yaw2425_pitchp0300_roll+0125_brdf.png",
      "ocs_json_path": "v0.4_results/23A_three_axis_p4phys_top1_roll_confirmation/postprocess/phase63/roll+0125/yaw2425_pitchp0300_roll+0125_ocs.json",
      "sun_visibility_mask_path": "v0.4_results/01_fullrun/postprocess/yaw2425_pitchp0300_roll+0125_v_sun_macro.png",
      "status": "COMPLETE",
      "roll_deg": 12.5,
      "cluster": "R1_top"
    },
    {
      "label": "yaw2425_pitchp0325_roll+0125",
      "record_id": "phase63_yaw242_pitch+032",
      "yaw_deg": 242.5,
      "pitch_deg": 32.5,
      "ocs_total": 0.19175606966018677,
      "ocs_per_part": {
        "jinshuzhuti": 0.18157872557640076,
        "taiyangnengban": 0.001506467116996646,
        "yinshenban": 0.008670894429087639
      },
      "n_pixels_camera_visible": 6215,
      "n_pixels_nol_positive": 4245,
      "n_pixels_sun_visible": 6201,
      "n_pixels_contributing": 4243,
      "exr_path": "v0.4_results/23A_three_axis_p4phys_top1_roll_confirmation/postprocess/phase63/roll+0125/yaw2425_pitchp0325_roll+0125_linear.exr",
      "png_path": "v0.4_results/23A_three_axis_p4phys_top1_roll_confirmation/postprocess/phase63/roll+0125/yaw2425_pitchp0325_roll+0125_brdf.png",
      "ocs_json_path": "v0.4_results/23A_three_axis_p4phys_top1_roll_confirmation/postprocess/phase63/roll+0125/yaw2425_pitchp0325_roll+0125_ocs.json",
      "sun_visibility_mask_path": "v0.4_results/01_fullrun/postprocess/yaw2425_pitchp0325_roll+0125_v_sun_macro.png",
      "status": "COMPLETE",
      "roll_deg": 12.5,
      "cluster": "R1_top"
    },
    {
      "label": "yaw2425_pitchp0350_roll+0125",
      "record_id": "phase63_yaw242_pitch+035",
      "yaw_deg": 242.5,
      "pitch_deg": 35.0,
      "ocs_total": 0.18324358761310577,
      "ocs_per_part": {
        "jinshuzhuti": 0.1731812059879303,
        "taiyangnengban": 0.001372937811538577,
        "yinshenban": 0.008689427748322487
      },
      "n_pixels_camera_visible": 6217,
      "n_pixels_nol_positive": 4259,
      "n_pixels_sun_visible": 6216,
      "n_pixels_contributing": 4259,
      "exr_path": "v0.4_results/23A_three_axis_p4phys_top1_roll_confirmation/postprocess/phase63/roll+0125/yaw2425_pitchp0350_roll+0125_linear.exr",
      "png_path": "v0.4_results/23A_three_axis_p4phys_top1_roll_confirmation/postprocess/phase63/roll+0125/yaw2425_pitchp0350_roll+0125_brdf.png",
      "ocs_json_path": "v0.4_results/23A_three_axis_p4phys_top1_roll_confirmation/postprocess/phase63/roll+0125/yaw2425_pitchp0350_roll+0125_ocs.json",
      "sun_visibility_mask_path": "v0.4_results/01_fullrun/postprocess/yaw2425_pitchp0350_roll+0125_v_sun_macro.png",
      "status": "COMPLETE",
      "roll_deg": 12.5,
      "cluster": "R1_top"
    },
    {
      "label": "yaw2450_pitchp0275_roll+0125",
      "record_id": "phase63_yaw245_pitch+028",
      "yaw_deg": 245.0,
      "pitch_deg": 27.5,
      "ocs_total": 0.19780397415161133,
      "ocs_per_part": {
        "jinshuzhuti": 0.18736940622329712,
        "taiyangnengban": 0.0016819757875055075,
        "yinshenban": 0.008752585388720036
      },
      "n_pixels_camera_visible": 6205,
      "n_pixels_nol_positive": 4131,
      "n_pixels_sun_visible": 6164,
      "n_pixels_contributing": 4131,
      "exr_path": "v0.4_results/23A_three_axis_p4phys_top1_roll_confirmation/postprocess/phase63/roll+0125/yaw2450_pitchp0275_roll+0125_linear.exr",
      "png_path": "v0.4_results/23A_three_axis_p4phys_top1_roll_confirmation/postprocess/phase63/roll+0125/yaw2450_pitchp0275_roll+0125_brdf.png",
      "ocs_json_path": "v0.4_results/23A_three_axis_p4phys_top1_roll_confirmation/postprocess/phase63/roll+0125/yaw2450_pitchp0275_roll+0125_ocs.json",
      "sun_visibility_mask_path": "v0.4_results/01_fullrun/postprocess/yaw2450_pitchp0275_roll+0125_v_sun_macro.png",
      "status": "COMPLETE",
      "roll_deg": 12.5,
      "cluster": "R1_top"
    },
    {
      "label": "yaw2450_pitchp0300_roll+0125",
      "record_id": "phase63_yaw245_pitch+030",
      "yaw_deg": 245.0,
      "pitch_deg": 30.0,
      "ocs_total": 0.19776536524295807,
      "ocs_per_part": {
        "jinshuzhuti": 0.18761809170246124,
        "taiyangnengban": 0.0013658442767336965,
        "yinshenban": 0.008781452663242817
      },
      "n_pixels_camera_visible": 6218,
      "n_pixels_nol_positive": 4134,
      "n_pixels_sun_visible": 6190,
      "n_pixels_contributing": 4134,
      "exr_path": "v0.4_results/23A_three_axis_p4phys_top1_roll_confirmation/postprocess/phase63/roll+0125/yaw2450_pitchp0300_roll+0125_linear.exr",
      "png_path": "v0.4_results/23A_three_axis_p4phys_top1_roll_confirmation/postprocess/phase63/roll+0125/yaw2450_pitchp0300_roll+0125_brdf.png",
      "ocs_json_path": "v0.4_results/23A_three_axis_p4phys_top1_roll_confirmation/postprocess/phase63/roll+0125/yaw2450_pitchp0300_roll+0125_ocs.json",
      "sun_visibility_mask_path": "v0.4_results/01_fullrun/postprocess/yaw2450_pitchp0300_roll+0125_v_sun_macro.png",
      "status": "COMPLETE",
      "roll_deg": 12.5,
      "cluster": "R1_top"
    },
    {
      "label": "yaw2450_pitchp0325_roll+0125",
      "record_id": "phase63_yaw245_pitch+032",
      "yaw_deg": 245.0,
      "pitch_deg": 32.5,
      "ocs_total": 0.19685949385166168,
      "ocs_per_part": {
        "jinshuzhuti": 0.1864733248949051,
        "taiyangnengban": 0.0016365940682590008,
        "yinshenban": 0.008749588392674923
      },
      "n_pixels_camera_visible": 6238,
      "n_pixels_nol_positive": 4165,
      "n_pixels_sun_visible": 6224,
      "n_pixels_contributing": 4163,
      "exr_path": "v0.4_results/23A_three_axis_p4phys_top1_roll_confirmation/postprocess/phase63/roll+0125/yaw2450_pitchp0325_roll+0125_linear.exr",
      "png_path": "v0.4_results/23A_three_axis_p4phys_top1_roll_confirmation/postprocess/phase63/roll+0125/yaw2450_pitchp0325_roll+0125_brdf.png",
      "ocs_json_path": "v0.4_results/23A_three_axis_p4phys_top1_roll_confirmation/postprocess/phase63/roll+0125/yaw2450_pitchp0325_roll+0125_ocs.json",
      "sun_visibility_mask_path": "v0.4_results/01_fullrun/postprocess/yaw2450_pitchp0325_roll+0125_v_sun_macro.png",
      "status": "COMPLETE",
      "roll_deg": 12.5,
      "cluster": "R1_top"
    },
    {
      "label": "yaw2450_pitchp0350_roll+0125",
      "record_id": "phase63_yaw245_pitch+035",
      "yaw_deg": 245.0,
      "pitch_deg": 35.0,
      "ocs_total": 0.19404736161231995,
      "ocs_per_part": {
        "jinshuzhuti": 0.183763325214386,
        "taiyangnengban": 0.0015644464874640107,
        "yinshenban": 0.008719585835933685
      },
      "n_pixels_camera_visible": 6266,
      "n_pixels_nol_positive": 4167,
      "n_pixels_sun_visible": 6259,
      "n_pixels_contributing": 4167,
      "exr_path": "v0.4_results/23A_three_axis_p4phys_top1_roll_confirmation/postprocess/phase63/roll+0125/yaw2450_pitchp0350_roll+0125_linear.exr",
      "png_path": "v0.4_results/23A_three_axis_p4phys_top1_roll_confirmation/postprocess/phase63/roll+0125/yaw2450_pitchp0350_roll+0125_brdf.png",
      "ocs_json_path": "v0.4_results/23A_three_axis_p4phys_top1_roll_confirmation/postprocess/phase63/roll+0125/yaw2450_pitchp0350_roll+0125_ocs.json",
      "sun_visibility_mask_path": "v0.4_results/01_fullrun/postprocess/yaw2450_pitchp0350_roll+0125_v_sun_macro.png",
      "status": "COMPLETE",
      "roll_deg": 12.5,
      "cluster": "R1_top"
    },
    {
      "label": "yaw2475_pitchp0275_roll+0125",
      "record_id": "phase63_yaw247_pitch+028",
      "yaw_deg": 247.5,
      "pitch_deg": 27.5,
      "ocs_total": 0.171909362077713,
      "ocs_per_part": {
        "jinshuzhuti": 0.1620302051305771,
        "taiyangnengban": 0.0012863188749179244,
        "yinshenban": 0.008592828176915646
      },
      "n_pixels_camera_visible": 6219,
      "n_pixels_nol_positive": 3997,
      "n_pixels_sun_visible": 6186,
      "n_pixels_contributing": 3997,
      "exr_path": "v0.4_results/23A_three_axis_p4phys_top1_roll_confirmation/postprocess/phase63/roll+0125/yaw2475_pitchp0275_roll+0125_linear.exr",
      "png_path": "v0.4_results/23A_three_axis_p4phys_top1_roll_confirmation/postprocess/phase63/roll+0125/yaw2475_pitchp0275_roll+0125_brdf.png",
      "ocs_json_path": "v0.4_results/23A_three_axis_p4phys_top1_roll_confirmation/postprocess/phase63/roll+0125/yaw2475_pitchp0275_roll+0125_ocs.json",
      "sun_visibility_mask_path": "v0.4_results/01_fullrun/postprocess/yaw2475_pitchp0275_roll+0125_v_sun_macro.png",
      "status": "COMPLETE",
      "roll_deg": 12.5,
      "cluster": "R1_top"
    },
    {
      "label": "yaw2475_pitchp0300_roll+0125",
      "record_id": "phase63_yaw247_pitch+030",
      "yaw_deg": 247.5,
      "pitch_deg": 30.0,
      "ocs_total": 0.17561425268650055,
      "ocs_per_part": {
        "jinshuzhuti": 0.16567707061767578,
        "taiyangnengban": 0.0013469187542796135,
        "yinshenban": 0.008590242825448513
      },
      "n_pixels_camera_visible": 6247,
      "n_pixels_nol_positive": 4001,
      "n_pixels_sun_visible": 6214,
      "n_pixels_contributing": 4000,
      "exr_path": "v0.4_results/23A_three_axis_p4phys_top1_roll_confirmation/postprocess/phase63/roll+0125/yaw2475_pitchp0300_roll+0125_linear.exr",
      "png_path": "v0.4_results/23A_three_axis_p4phys_top1_roll_confirmation/postprocess/phase63/roll+0125/yaw2475_pitchp0300_roll+0125_brdf.png",
      "ocs_json_path": "v0.4_results/23A_three_axis_p4phys_top1_roll_confirmation/postprocess/phase63/roll+0125/yaw2475_pitchp0300_roll+0125_ocs.json",
      "sun_visibility_mask_path": "v0.4_results/01_fullrun/postprocess/yaw2475_pitchp0300_roll+0125_v_sun_macro.png",
      "status": "COMPLETE",
      "roll_deg": 12.5,
      "cluster": "R1_top"
    },
    {
      "label": "yaw2475_pitchp0325_roll+0125",
      "record_id": "phase63_yaw247_pitch+032",
      "yaw_deg": 247.5,
      "pitch_deg": 32.5,
      "ocs_total": 0.1802377551794052,
      "ocs_per_part": {
        "jinshuzhuti": 0.17027191817760468,
        "taiyangnengban": 0.0013451220002025366,
        "yinshenban": 0.008620702661573887
      },
      "n_pixels_camera_visible": 6264,
      "n_pixels_nol_positive": 4043,
      "n_pixels_sun_visible": 6244,
      "n_pixels_contributing": 4042,
      "exr_path": "v0.4_results/23A_three_axis_p4phys_top1_roll_confirmation/postprocess/phase63/roll+0125/yaw2475_pitchp0325_roll+0125_linear.exr",
      "png_path": "v0.4_results/23A_three_axis_p4phys_top1_roll_confirmation/postprocess/phase63/roll+0125/yaw2475_pitchp0325_roll+0125_brdf.png",
      "ocs_json_path": "v0.4_results/23A_three_axis_p4phys_top1_roll_confirmation/postprocess/phase63/roll+0125/yaw2475_pitchp0325_roll+0125_ocs.json",
      "sun_visibility_mask_path": "v0.4_results/01_fullrun/postprocess/yaw2475_pitchp0325_roll+0125_v_sun_macro.png",
      "status": "COMPLETE",
      "roll_deg": 12.5,
      "cluster": "R1_top"
    },
    {
      "label": "yaw2475_pitchp0350_roll+0125",
      "record_id": "phase63_yaw247_pitch+035",
      "yaw_deg": 247.5,
      "pitch_deg": 35.0,
      "ocs_total": 0.18119215965270996,
      "ocs_per_part": {
        "jinshuzhuti": 0.17069299519062042,
        "taiyangnengban": 0.0018216540338471532,
        "yinshenban": 0.008677496574819088
      },
      "n_pixels_camera_visible": 6305,
      "n_pixels_nol_positive": 4065,
      "n_pixels_sun_visible": 6296,
      "n_pixels_contributing": 4065,
      "exr_path": "v0.4_results/23A_three_axis_p4phys_top1_roll_confirmation/postprocess/phase63/roll+0125/yaw2475_pitchp0350_roll+0125_linear.exr",
      "png_path": "v0.4_results/23A_three_axis_p4phys_top1_roll_confirmation/postprocess/phase63/roll+0125/yaw2475_pitchp0350_roll+0125_brdf.png",
      "ocs_json_path": "v0.4_results/23A_three_axis_p4phys_top1_roll_confirmation/postprocess/phase63/roll+0125/yaw2475_pitchp0350_roll+0125_ocs.json",
      "sun_visibility_mask_path": "v0.4_results/01_fullrun/postprocess/yaw2475_pitchp0350_roll+0125_v_sun_macro.png",
      "status": "COMPLETE",
      "roll_deg": 12.5,
      "cluster": "R1_top"
    },
    {
      "label": "yaw2425_pitchp0275_roll+015",
      "record_id": "phase63_yaw242_pitch+028",
      "yaw_deg": 242.5,
      "pitch_deg": 27.5,
      "ocs_total": 0.19927522540092468,
      "ocs_per_part": {
        "jinshuzhuti": 0.18886128067970276,
        "taiyangnengban": 0.001680608605965972,
        "yinshenban": 0.00873334240168333
      },
      "n_pixels_camera_visible": 6132,
      "n_pixels_nol_positive": 4243,
      "n_pixels_sun_visible": 6109,
      "n_pixels_contributing": 4241,
      "exr_path": "v0.4_results/23A_three_axis_p4phys_top1_roll_confirmation/postprocess/phase63/roll+015/yaw2425_pitchp0275_roll+015_linear.exr",
      "png_path": "v0.4_results/23A_three_axis_p4phys_top1_roll_confirmation/postprocess/phase63/roll+015/yaw2425_pitchp0275_roll+015_brdf.png",
      "ocs_json_path": "v0.4_results/23A_three_axis_p4phys_top1_roll_confirmation/postprocess/phase63/roll+015/yaw2425_pitchp0275_roll+015_ocs.json",
      "sun_visibility_mask_path": "v0.4_results/01_fullrun/postprocess/yaw2425_pitchp0275_roll+015_v_sun_macro.png",
      "status": "COMPLETE",
      "roll_deg": 15.0,
      "cluster": "R1_top"
    },
    {
      "label": "yaw2450_pitchp0275_roll+015",
      "record_id": "phase63_yaw245_pitch+028",
      "yaw_deg": 245.0,
      "pitch_deg": 27.5,
      "ocs_total": 0.20889048278331757,
      "ocs_per_part": {
        "jinshuzhuti": 0.19849658012390137,
        "taiyangnengban": 0.0016192957991734147,
        "yinshenban": 0.008774611167609692
      },
      "n_pixels_camera_visible": 6157,
      "n_pixels_nol_positive": 4143,
      "n_pixels_sun_visible": 6137,
      "n_pixels_contributing": 4141,
      "exr_path": "v0.4_results/23A_three_axis_p4phys_top1_roll_confirmation/postprocess/phase63/roll+015/yaw2450_pitchp0275_roll+015_linear.exr",
      "png_path": "v0.4_results/23A_three_axis_p4phys_top1_roll_confirmation/postprocess/phase63/roll+015/yaw2450_pitchp0275_roll+015_brdf.png",
      "ocs_json_path": "v0.4_results/23A_three_axis_p4phys_top1_roll_confirmation/postprocess/phase63/roll+015/yaw2450_pitchp0275_roll+015_ocs.json",
      "sun_visibility_mask_path": "v0.4_results/01_fullrun/postprocess/yaw2450_pitchp0275_roll+015_v_sun_macro.png",
      "status": "COMPLETE",
      "roll_deg": 15.0,
      "cluster": "R1_top"
    },
    {
      "label": "yaw2475_pitchp0275_roll+015",
      "record_id": "phase63_yaw247_pitch+028",
      "yaw_deg": 247.5,
      "pitch_deg": 27.5,
      "ocs_total": 0.1918971687555313,
      "ocs_per_part": {
        "jinshuzhuti": 0.1816103309392929,
        "taiyangnengban": 0.001592092216014862,
        "yinshenban": 0.008694739080965519
      },
      "n_pixels_camera_visible": 6187,
      "n_pixels_nol_positive": 4030,
      "n_pixels_sun_visible": 6164,
      "n_pixels_contributing": 4029,
      "exr_path": "v0.4_results/23A_three_axis_p4phys_top1_roll_confirmation/postprocess/phase63/roll+015/yaw2475_pitchp0275_roll+015_linear.exr",
      "png_path": "v0.4_results/23A_three_axis_p4phys_top1_roll_confirmation/postprocess/phase63/roll+015/yaw2475_pitchp0275_roll+015_brdf.png",
      "ocs_json_path": "v0.4_results/23A_three_axis_p4phys_top1_roll_confirmation/postprocess/phase63/roll+015/yaw2475_pitchp0275_roll+015_ocs.json",
      "sun_visibility_mask_path": "v0.4_results/01_fullrun/postprocess/yaw2475_pitchp0275_roll+015_v_sun_macro.png",
      "status": "COMPLETE",
      "roll_deg": 15.0,
      "cluster": "R1_top"
    },
    {
      "label": "yaw2425_pitchp0275_roll+0175",
      "record_id": "phase63_yaw242_pitch+028",
      "yaw_deg": 242.5,
      "pitch_deg": 27.5,
      "ocs_total": 0.17356915771961212,
      "ocs_per_part": {
        "jinshuzhuti": 0.16332851350307465,
        "taiyangnengban": 0.0015813742065802217,
        "yinshenban": 0.008659270592033863
      },
      "n_pixels_camera_visible": 6055,
      "n_pixels_nol_positive": 4250,
      "n_pixels_sun_visible": 6054,
      "n_pixels_contributing": 4249,
      "exr_path": "v0.4_results/23A_three_axis_p4phys_top1_roll_confirmation/postprocess/phase63/roll+0175/yaw2425_pitchp0275_roll+0175_linear.exr",
      "png_path": "v0.4_results/23A_three_axis_p4phys_top1_roll_confirmation/postprocess/phase63/roll+0175/yaw2425_pitchp0275_roll+0175_brdf.png",
      "ocs_json_path": "v0.4_results/23A_three_axis_p4phys_top1_roll_confirmation/postprocess/phase63/roll+0175/yaw2425_pitchp0275_roll+0175_ocs.json",
      "sun_visibility_mask_path": "v0.4_results/01_fullrun/postprocess/yaw2425_pitchp0275_roll+0175_v_sun_macro.png",
      "status": "COMPLETE",
      "roll_deg": 17.5,
      "cluster": "R1_top"
    },
    {
      "label": "yaw2425_pitchp0300_roll+0175",
      "record_id": "phase63_yaw242_pitch+030",
      "yaw_deg": 242.5,
      "pitch_deg": 30.0,
      "ocs_total": 0.16856606304645538,
      "ocs_per_part": {
        "jinshuzhuti": 0.15848013758659363,
        "taiyangnengban": 0.0015034411335363984,
        "yinshenban": 0.00858249794691801
      },
      "n_pixels_camera_visible": 6090,
      "n_pixels_nol_positive": 4276,
      "n_pixels_sun_visible": 6089,
      "n_pixels_contributing": 4276,
      "exr_path": "v0.4_results/23A_three_axis_p4phys_top1_roll_confirmation/postprocess/phase63/roll+0175/yaw2425_pitchp0300_roll+0175_linear.exr",
      "png_path": "v0.4_results/23A_three_axis_p4phys_top1_roll_confirmation/postprocess/phase63/roll+0175/yaw2425_pitchp0300_roll+0175_brdf.png",
      "ocs_json_path": "v0.4_results/23A_three_axis_p4phys_top1_roll_confirmation/postprocess/phase63/roll+0175/yaw2425_pitchp0300_roll+0175_ocs.json",
      "sun_visibility_mask_path": "v0.4_results/01_fullrun/postprocess/yaw2425_pitchp0300_roll+0175_v_sun_macro.png",
      "status": "COMPLETE",
      "roll_deg": 17.5,
      "cluster": "R1_top"
    },
    {
      "label": "yaw2425_pitchp0325_roll+0175",
      "record_id": "phase63_yaw242_pitch+032",
      "yaw_deg": 242.5,
      "pitch_deg": 32.5,
      "ocs_total": 0.16220161318778992,
      "ocs_per_part": {
        "jinshuzhuti": 0.15213492512702942,
        "taiyangnengban": 0.001461294712498784,
        "yinshenban": 0.008605411276221275
      },
      "n_pixels_camera_visible": 6106,
      "n_pixels_nol_positive": 4329,
      "n_pixels_sun_visible": 6104,
      "n_pixels_contributing": 4329,
      "exr_path": "v0.4_results/23A_three_axis_p4phys_top1_roll_confirmation/postprocess/phase63/roll+0175/yaw2425_pitchp0325_roll+0175_linear.exr",
      "png_path": "v0.4_results/23A_three_axis_p4phys_top1_roll_confirmation/postprocess/phase63/roll+0175/yaw2425_pitchp0325_roll+0175_brdf.png",
      "ocs_json_path": "v0.4_results/23A_three_axis_p4phys_top1_roll_confirmation/postprocess/phase63/roll+0175/yaw2425_pitchp0325_roll+0175_ocs.json",
      "sun_visibility_mask_path": "v0.4_results/01_fullrun/postprocess/yaw2425_pitchp0325_roll+0175_v_sun_macro.png",
      "status": "COMPLETE",
      "roll_deg": 17.5,
      "cluster": "R1_top"
    },
    {
      "label": "yaw2425_pitchp0350_roll+0175",
      "record_id": "phase63_yaw242_pitch+035",
      "yaw_deg": 242.5,
      "pitch_deg": 35.0,
      "ocs_total": 0.15498830378055573,
      "ocs_per_part": {
        "jinshuzhuti": 0.1448647677898407,
        "taiyangnengban": 0.0015252152225002646,
        "yinshenban": 0.008598300628364086
      },
      "n_pixels_camera_visible": 6130,
      "n_pixels_nol_positive": 4348,
      "n_pixels_sun_visible": 6127,
      "n_pixels_contributing": 4348,
      "exr_path": "v0.4_results/23A_three_axis_p4phys_top1_roll_confirmation/postprocess/phase63/roll+0175/yaw2425_pitchp0350_roll+0175_linear.exr",
      "png_path": "v0.4_results/23A_three_axis_p4phys_top1_roll_confirmation/postprocess/phase63/roll+0175/yaw2425_pitchp0350_roll+0175_brdf.png",
      "ocs_json_path": "v0.4_results/23A_three_axis_p4phys_top1_roll_confirmation/postprocess/phase63/roll+0175/yaw2425_pitchp0350_roll+0175_ocs.json",
      "sun_visibility_mask_path": "v0.4_results/01_fullrun/postprocess/yaw2425_pitchp0350_roll+0175_v_sun_macro.png",
      "status": "COMPLETE",
      "roll_deg": 17.5,
      "cluster": "R1_top"
    },
    {
      "label": "yaw2450_pitchp0275_roll+0175",
      "record_id": "phase63_yaw245_pitch+028",
      "yaw_deg": 245.0,
      "pitch_deg": 27.5,
      "ocs_total": 0.1930774450302124,
      "ocs_per_part": {
        "jinshuzhuti": 0.182925283908844,
        "taiyangnengban": 0.0014215785777196288,
        "yinshenban": 0.008730580098927021
      },
      "n_pixels_camera_visible": 6107,
      "n_pixels_nol_positive": 4174,
      "n_pixels_sun_visible": 6105,
      "n_pixels_contributing": 4173,
      "exr_path": "v0.4_results/23A_three_axis_p4phys_top1_roll_confirmation/postprocess/phase63/roll+0175/yaw2450_pitchp0275_roll+0175_linear.exr",
      "png_path": "v0.4_results/23A_three_axis_p4phys_top1_roll_confirmation/postprocess/phase63/roll+0175/yaw2450_pitchp0275_roll+0175_brdf.png",
      "ocs_json_path": "v0.4_results/23A_three_axis_p4phys_top1_roll_confirmation/postprocess/phase63/roll+0175/yaw2450_pitchp0275_roll+0175_ocs.json",
      "sun_visibility_mask_path": "v0.4_results/01_fullrun/postprocess/yaw2450_pitchp0275_roll+0175_v_sun_macro.png",
      "status": "COMPLETE",
      "roll_deg": 17.5,
      "cluster": "R1_top"
    },
    {
      "label": "yaw2450_pitchp0300_roll+0175",
      "record_id": "phase63_yaw245_pitch+030",
      "yaw_deg": 245.0,
      "pitch_deg": 30.0,
      "ocs_total": 0.1915687620639801,
      "ocs_per_part": {
        "jinshuzhuti": 0.18125151097774506,
        "taiyangnengban": 0.0015841479180380702,
        "yinshenban": 0.008733089081943035
      },
      "n_pixels_camera_visible": 6133,
      "n_pixels_nol_positive": 4191,
      "n_pixels_sun_visible": 6133,
      "n_pixels_contributing": 4191,
      "exr_path": "v0.4_results/23A_three_axis_p4phys_top1_roll_confirmation/postprocess/phase63/roll+0175/yaw2450_pitchp0300_roll+0175_linear.exr",
      "png_path": "v0.4_results/23A_three_axis_p4phys_top1_roll_confirmation/postprocess/phase63/roll+0175/yaw2450_pitchp0300_roll+0175_brdf.png",
      "ocs_json_path": "v0.4_results/23A_three_axis_p4phys_top1_roll_confirmation/postprocess/phase63/roll+0175/yaw2450_pitchp0300_roll+0175_ocs.json",
      "sun_visibility_mask_path": "v0.4_results/01_fullrun/postprocess/yaw2450_pitchp0300_roll+0175_v_sun_macro.png",
      "status": "COMPLETE",
      "roll_deg": 17.5,
      "cluster": "R1_top"
    },
    {
      "label": "yaw2450_pitchp0325_roll+0175",
      "record_id": "phase63_yaw245_pitch+032",
      "yaw_deg": 245.0,
      "pitch_deg": 32.5,
      "ocs_total": 0.1917119324207306,
      "ocs_per_part": {
        "jinshuzhuti": 0.1815136820077896,
        "taiyangnengban": 0.0014574044616892934,
        "yinshenban": 0.008740831166505814
      },
      "n_pixels_camera_visible": 6160,
      "n_pixels_nol_positive": 4232,
      "n_pixels_sun_visible": 6160,
      "n_pixels_contributing": 4232,
      "exr_path": "v0.4_results/23A_three_axis_p4phys_top1_roll_confirmation/postprocess/phase63/roll+0175/yaw2450_pitchp0325_roll+0175_linear.exr",
      "png_path": "v0.4_results/23A_three_axis_p4phys_top1_roll_confirmation/postprocess/phase63/roll+0175/yaw2450_pitchp0325_roll+0175_brdf.png",
      "ocs_json_path": "v0.4_results/23A_three_axis_p4phys_top1_roll_confirmation/postprocess/phase63/roll+0175/yaw2450_pitchp0325_roll+0175_ocs.json",
      "sun_visibility_mask_path": "v0.4_results/01_fullrun/postprocess/yaw2450_pitchp0325_roll+0175_v_sun_macro.png",
      "status": "COMPLETE",
      "roll_deg": 17.5,
      "cluster": "R1_top"
    },
    {
      "label": "yaw2450_pitchp0350_roll+0175",
      "record_id": "phase63_yaw245_pitch+035",
      "yaw_deg": 245.0,
      "pitch_deg": 35.0,
      "ocs_total": 0.18849723041057587,
      "ocs_per_part": {
        "jinshuzhuti": 0.17831891775131226,
        "taiyangnengban": 0.0014606546610593796,
        "yinshenban": 0.008717662654817104
      },
      "n_pixels_camera_visible": 6179,
      "n_pixels_nol_positive": 4262,
      "n_pixels_sun_visible": 6176,
      "n_pixels_contributing": 4262,
      "exr_path": "v0.4_results/23A_three_axis_p4phys_top1_roll_confirmation/postprocess/phase63/roll+0175/yaw2450_pitchp0350_roll+0175_linear.exr",
      "png_path": "v0.4_results/23A_three_axis_p4phys_top1_roll_confirmation/postprocess/phase63/roll+0175/yaw2450_pitchp0350_roll+0175_brdf.png",
      "ocs_json_path": "v0.4_results/23A_three_axis_p4phys_top1_roll_confirmation/postprocess/phase63/roll+0175/yaw2450_pitchp0350_roll+0175_ocs.json",
      "sun_visibility_mask_path": "v0.4_results/01_fullrun/postprocess/yaw2450_pitchp0350_roll+0175_v_sun_macro.png",
      "status": "COMPLETE",
      "roll_deg": 17.5,
      "cluster": "R1_top"
    },
    {
      "label": "yaw2475_pitchp0275_roll+0175",
      "record_id": "phase63_yaw247_pitch+028",
      "yaw_deg": 247.5,
      "pitch_deg": 27.5,
      "ocs_total": 0.1889883428812027,
      "ocs_per_part": {
        "jinshuzhuti": 0.17867277562618256,
        "taiyangnengban": 0.0016336326953023672,
        "yinshenban": 0.008681957609951496
      },
      "n_pixels_camera_visible": 6134,
      "n_pixels_nol_positive": 4055,
      "n_pixels_sun_visible": 6132,
      "n_pixels_contributing": 4054,
      "exr_path": "v0.4_results/23A_three_axis_p4phys_top1_roll_confirmation/postprocess/phase63/roll+0175/yaw2475_pitchp0275_roll+0175_linear.exr",
      "png_path": "v0.4_results/23A_three_axis_p4phys_top1_roll_confirmation/postprocess/phase63/roll+0175/yaw2475_pitchp0275_roll+0175_brdf.png",
      "ocs_json_path": "v0.4_results/23A_three_axis_p4phys_top1_roll_confirmation/postprocess/phase63/roll+0175/yaw2475_pitchp0275_roll+0175_ocs.json",
      "sun_visibility_mask_path": "v0.4_results/01_fullrun/postprocess/yaw2475_pitchp0275_roll+0175_v_sun_macro.png",
      "status": "COMPLETE",
      "roll_deg": 17.5,
      "cluster": "R1_top"
    },
    {
      "label": "yaw2475_pitchp0300_roll+0175",
      "record_id": "phase63_yaw247_pitch+030",
      "yaw_deg": 247.5,
      "pitch_deg": 30.0,
      "ocs_total": 0.19526323676109314,
      "ocs_per_part": {
        "jinshuzhuti": 0.18503788113594055,
        "taiyangnengban": 0.001533191534690559,
        "yinshenban": 0.008692135103046894
      },
      "n_pixels_camera_visible": 6163,
      "n_pixels_nol_positive": 4080,
      "n_pixels_sun_visible": 6162,
      "n_pixels_contributing": 4080,
      "exr_path": "v0.4_results/23A_three_axis_p4phys_top1_roll_confirmation/postprocess/phase63/roll+0175/yaw2475_pitchp0300_roll+0175_linear.exr",
      "png_path": "v0.4_results/23A_three_axis_p4phys_top1_roll_confirmation/postprocess/phase63/roll+0175/yaw2475_pitchp0300_roll+0175_brdf.png",
      "ocs_json_path": "v0.4_results/23A_three_axis_p4phys_top1_roll_confirmation/postprocess/phase63/roll+0175/yaw2475_pitchp0300_roll+0175_ocs.json",
      "sun_visibility_mask_path": "v0.4_results/01_fullrun/postprocess/yaw2475_pitchp0300_roll+0175_v_sun_macro.png",
      "status": "COMPLETE",
      "roll_deg": 17.5,
      "cluster": "R1_top"
    },
    {
      "label": "yaw2475_pitchp0325_roll+0175",
      "record_id": "phase63_yaw247_pitch+032",
      "yaw_deg": 247.5,
      "pitch_deg": 32.5,
      "ocs_total": 0.20157746970653534,
      "ocs_per_part": {
        "jinshuzhuti": 0.191399946808815,
        "taiyangnengban": 0.0014698182931169868,
        "yinshenban": 0.008707721717655659
      },
      "n_pixels_camera_visible": 6192,
      "n_pixels_nol_positive": 4139,
      "n_pixels_sun_visible": 6191,
      "n_pixels_contributing": 4139,
      "exr_path": "v0.4_results/23A_three_axis_p4phys_top1_roll_confirmation/postprocess/phase63/roll+0175/yaw2475_pitchp0325_roll+0175_linear.exr",
      "png_path": "v0.4_results/23A_three_axis_p4phys_top1_roll_confirmation/postprocess/phase63/roll+0175/yaw2475_pitchp0325_roll+0175_brdf.png",
      "ocs_json_path": "v0.4_results/23A_three_axis_p4phys_top1_roll_confirmation/postprocess/phase63/roll+0175/yaw2475_pitchp0325_roll+0175_ocs.json",
      "sun_visibility_mask_path": "v0.4_results/01_fullrun/postprocess/yaw2475_pitchp0325_roll+0175_v_sun_macro.png",
      "status": "COMPLETE",
      "roll_deg": 17.5,
      "cluster": "R1_top"
    },
    {
      "label": "yaw2475_pitchp0350_roll+0175",
      "record_id": "phase63_yaw247_pitch+035",
      "yaw_deg": 247.5,
      "pitch_deg": 35.0,
      "ocs_total": 0.20010019838809967,
      "ocs_per_part": {
        "jinshuzhuti": 0.1893588751554489,
        "taiyangnengban": 0.002025171183049679,
        "yinshenban": 0.008716152049601078
      },
      "n_pixels_camera_visible": 6223,
      "n_pixels_nol_positive": 4140,
      "n_pixels_sun_visible": 6220,
      "n_pixels_contributing": 4140,
      "exr_path": "v0.4_results/23A_three_axis_p4phys_top1_roll_confirmation/postprocess/phase63/roll+0175/yaw2475_pitchp0350_roll+0175_linear.exr",
      "png_path": "v0.4_results/23A_three_axis_p4phys_top1_roll_confirmation/postprocess/phase63/roll+0175/yaw2475_pitchp0350_roll+0175_brdf.png",
      "ocs_json_path": "v0.4_results/23A_three_axis_p4phys_top1_roll_confirmation/postprocess/phase63/roll+0175/yaw2475_pitchp0350_roll+0175_ocs.json",
      "sun_visibility_mask_path": "v0.4_results/01_fullrun/postprocess/yaw2475_pitchp0350_roll+0175_v_sun_macro.png",
      "status": "COMPLETE",
      "roll_deg": 17.5,
      "cluster": "R1_top"
    },
    {
      "label": "yaw2425_pitchp0275_roll+020",
      "record_id": "phase63_yaw242_pitch+028",
      "yaw_deg": 242.5,
      "pitch_deg": 27.5,
      "ocs_total": 0.13325978815555573,
      "ocs_per_part": {
        "jinshuzhuti": 0.12338773161172867,
        "taiyangnengban": 0.001448154915124178,
        "yinshenban": 0.008423907682299614
      },
      "n_pixels_camera_visible": 5972,
      "n_pixels_nol_positive": 4239,
      "n_pixels_sun_visible": 5971,
      "n_pixels_contributing": 4239,
      "exr_path": "v0.4_results/23A_three_axis_p4phys_top1_roll_confirmation/postprocess/phase63/roll+020/yaw2425_pitchp0275_roll+020_linear.exr",
      "png_path": "v0.4_results/23A_three_axis_p4phys_top1_roll_confirmation/postprocess/phase63/roll+020/yaw2425_pitchp0275_roll+020_brdf.png",
      "ocs_json_path": "v0.4_results/23A_three_axis_p4phys_top1_roll_confirmation/postprocess/phase63/roll+020/yaw2425_pitchp0275_roll+020_ocs.json",
      "sun_visibility_mask_path": "v0.4_results/01_fullrun/postprocess/yaw2425_pitchp0275_roll+020_v_sun_macro.png",
      "status": "COMPLETE",
      "roll_deg": 20.0,
      "cluster": "R1_top"
    },
    {
      "label": "yaw2425_pitchp0300_roll+020",
      "record_id": "phase63_yaw242_pitch+030",
      "yaw_deg": 242.5,
      "pitch_deg": 30.0,
      "ocs_total": 0.12984973192214966,
      "ocs_per_part": {
        "jinshuzhuti": 0.12003089487552643,
        "taiyangnengban": 0.0014250539243221283,
        "yinshenban": 0.008393771946430206
      },
      "n_pixels_camera_visible": 6007,
      "n_pixels_nol_positive": 4294,
      "n_pixels_sun_visible": 6006,
      "n_pixels_contributing": 4294,
      "exr_path": "v0.4_results/23A_three_axis_p4phys_top1_roll_confirmation/postprocess/phase63/roll+020/yaw2425_pitchp0300_roll+020_linear.exr",
      "png_path": "v0.4_results/23A_three_axis_p4phys_top1_roll_confirmation/postprocess/phase63/roll+020/yaw2425_pitchp0300_roll+020_brdf.png",
      "ocs_json_path": "v0.4_results/23A_three_axis_p4phys_top1_roll_confirmation/postprocess/phase63/roll+020/yaw2425_pitchp0300_roll+020_ocs.json",
      "sun_visibility_mask_path": "v0.4_results/01_fullrun/postprocess/yaw2425_pitchp0300_roll+020_v_sun_macro.png",
      "status": "COMPLETE",
      "roll_deg": 20.0,
      "cluster": "R1_top"
    },
    {
      "label": "yaw2425_pitchp0325_roll+020",
      "record_id": "phase63_yaw242_pitch+032",
      "yaw_deg": 242.5,
      "pitch_deg": 32.5,
      "ocs_total": 0.12559716403484344,
      "ocs_per_part": {
        "jinshuzhuti": 0.11584726721048355,
        "taiyangnengban": 0.0013873950811102986,
        "yinshenban": 0.008362502790987492
      },
      "n_pixels_camera_visible": 6051,
      "n_pixels_nol_positive": 4316,
      "n_pixels_sun_visible": 6049,
      "n_pixels_contributing": 4316,
      "exr_path": "v0.4_results/23A_three_axis_p4phys_top1_roll_confirmation/postprocess/phase63/roll+020/yaw2425_pitchp0325_roll+020_linear.exr",
      "png_path": "v0.4_results/23A_three_axis_p4phys_top1_roll_confirmation/postprocess/phase63/roll+020/yaw2425_pitchp0325_roll+020_brdf.png",
      "ocs_json_path": "v0.4_results/23A_three_axis_p4phys_top1_roll_confirmation/postprocess/phase63/roll+020/yaw2425_pitchp0325_roll+020_ocs.json",
      "sun_visibility_mask_path": "v0.4_results/01_fullrun/postprocess/yaw2425_pitchp0325_roll+020_v_sun_macro.png",
      "status": "COMPLETE",
      "roll_deg": 20.0,
      "cluster": "R1_top"
    },
    {
      "label": "yaw2425_pitchp0350_roll+020",
      "record_id": "phase63_yaw242_pitch+035",
      "yaw_deg": 242.5,
      "pitch_deg": 35.0,
      "ocs_total": 0.11986152082681656,
      "ocs_per_part": {
        "jinshuzhuti": 0.11011511087417603,
        "taiyangnengban": 0.0014384210808202624,
        "yinshenban": 0.0083079868927598
      },
      "n_pixels_camera_visible": 6076,
      "n_pixels_nol_positive": 4361,
      "n_pixels_sun_visible": 6076,
      "n_pixels_contributing": 4361,
      "exr_path": "v0.4_results/23A_three_axis_p4phys_top1_roll_confirmation/postprocess/phase63/roll+020/yaw2425_pitchp0350_roll+020_linear.exr",
      "png_path": "v0.4_results/23A_three_axis_p4phys_top1_roll_confirmation/postprocess/phase63/roll+020/yaw2425_pitchp0350_roll+020_brdf.png",
      "ocs_json_path": "v0.4_results/23A_three_axis_p4phys_top1_roll_confirmation/postprocess/phase63/roll+020/yaw2425_pitchp0350_roll+020_ocs.json",
      "sun_visibility_mask_path": "v0.4_results/01_fullrun/postprocess/yaw2425_pitchp0350_roll+020_v_sun_macro.png",
      "status": "COMPLETE",
      "roll_deg": 20.0,
      "cluster": "R1_top"
    },
    {
      "label": "yaw2450_pitchp0275_roll+020",
      "record_id": "phase63_yaw245_pitch+028",
      "yaw_deg": 245.0,
      "pitch_deg": 27.5,
      "ocs_total": 0.156571626663208,
      "ocs_per_part": {
        "jinshuzhuti": 0.1465645730495453,
        "taiyangnengban": 0.0014272598782554269,
        "yinshenban": 0.008579793386161327
      },
      "n_pixels_camera_visible": 6010,
      "n_pixels_nol_positive": 4178,
      "n_pixels_sun_visible": 6008,
      "n_pixels_contributing": 4177,
      "exr_path": "v0.4_results/23A_three_axis_p4phys_top1_roll_confirmation/postprocess/phase63/roll+020/yaw2450_pitchp0275_roll+020_linear.exr",
      "png_path": "v0.4_results/23A_three_axis_p4phys_top1_roll_confirmation/postprocess/phase63/roll+020/yaw2450_pitchp0275_roll+020_brdf.png",
      "ocs_json_path": "v0.4_results/23A_three_axis_p4phys_top1_roll_confirmation/postprocess/phase63/roll+020/yaw2450_pitchp0275_roll+020_ocs.json",
      "sun_visibility_mask_path": "v0.4_results/01_fullrun/postprocess/yaw2450_pitchp0275_roll+020_v_sun_macro.png",
      "status": "COMPLETE",
      "roll_deg": 20.0,
      "cluster": "R1_top"
    },
    {
      "label": "yaw2450_pitchp0300_roll+020",
      "record_id": "phase63_yaw245_pitch+030",
      "yaw_deg": 245.0,
      "pitch_deg": 30.0,
      "ocs_total": 0.15754501521587372,
      "ocs_per_part": {
        "jinshuzhuti": 0.14745336771011353,
        "taiyangnengban": 0.001543281483463943,
        "yinshenban": 0.008548364043235779
      },
      "n_pixels_camera_visible": 6073,
      "n_pixels_nol_positive": 4216,
      "n_pixels_sun_visible": 6072,
      "n_pixels_contributing": 4216,
      "exr_path": "v0.4_results/23A_three_axis_p4phys_top1_roll_confirmation/postprocess/phase63/roll+020/yaw2450_pitchp0300_roll+020_linear.exr",
      "png_path": "v0.4_results/23A_three_axis_p4phys_top1_roll_confirmation/postprocess/phase63/roll+020/yaw2450_pitchp0300_roll+020_brdf.png",
      "ocs_json_path": "v0.4_results/23A_three_axis_p4phys_top1_roll_confirmation/postprocess/phase63/roll+020/yaw2450_pitchp0300_roll+020_ocs.json",
      "sun_visibility_mask_path": "v0.4_results/01_fullrun/postprocess/yaw2450_pitchp0300_roll+020_v_sun_macro.png",
      "status": "COMPLETE",
      "roll_deg": 20.0,
      "cluster": "R1_top"
    },
    {
      "label": "yaw2450_pitchp0325_roll+020",
      "record_id": "phase63_yaw245_pitch+032",
      "yaw_deg": 245.0,
      "pitch_deg": 32.5,
      "ocs_total": 0.15656113624572754,
      "ocs_per_part": {
        "jinshuzhuti": 0.14657467603683472,
        "taiyangnengban": 0.0014354272279888391,
        "yinshenban": 0.008551018312573433
      },
      "n_pixels_camera_visible": 6097,
      "n_pixels_nol_positive": 4255,
      "n_pixels_sun_visible": 6097,
      "n_pixels_contributing": 4255,
      "exr_path": "v0.4_results/23A_three_axis_p4phys_top1_roll_confirmation/postprocess/phase63/roll+020/yaw2450_pitchp0325_roll+020_linear.exr",
      "png_path": "v0.4_results/23A_three_axis_p4phys_top1_roll_confirmation/postprocess/phase63/roll+020/yaw2450_pitchp0325_roll+020_brdf.png",
      "ocs_json_path": "v0.4_results/23A_three_axis_p4phys_top1_roll_confirmation/postprocess/phase63/roll+020/yaw2450_pitchp0325_roll+020_ocs.json",
      "sun_visibility_mask_path": "v0.4_results/01_fullrun/postprocess/yaw2450_pitchp0325_roll+020_v_sun_macro.png",
      "status": "COMPLETE",
      "roll_deg": 20.0,
      "cluster": "R1_top"
    },
    {
      "label": "yaw2450_pitchp0350_roll+020",
      "record_id": "phase63_yaw245_pitch+035",
      "yaw_deg": 245.0,
      "pitch_deg": 35.0,
      "ocs_total": 0.15318641066551208,
      "ocs_per_part": {
        "jinshuzhuti": 0.14321768283843994,
        "taiyangnengban": 0.0014927384909242392,
        "yinshenban": 0.008475990034639835
      },
      "n_pixels_camera_visible": 6135,
      "n_pixels_nol_positive": 4276,
      "n_pixels_sun_visible": 6134,
      "n_pixels_contributing": 4276,
      "exr_path": "v0.4_results/23A_three_axis_p4phys_top1_roll_confirmation/postprocess/phase63/roll+020/yaw2450_pitchp0350_roll+020_linear.exr",
      "png_path": "v0.4_results/23A_three_axis_p4phys_top1_roll_confirmation/postprocess/phase63/roll+020/yaw2450_pitchp0350_roll+020_brdf.png",
      "ocs_json_path": "v0.4_results/23A_three_axis_p4phys_top1_roll_confirmation/postprocess/phase63/roll+020/yaw2450_pitchp0350_roll+020_ocs.json",
      "sun_visibility_mask_path": "v0.4_results/01_fullrun/postprocess/yaw2450_pitchp0350_roll+020_v_sun_macro.png",
      "status": "COMPLETE",
      "roll_deg": 20.0,
      "cluster": "R1_top"
    },
    {
      "label": "yaw2475_pitchp0275_roll+020",
      "record_id": "phase63_yaw247_pitch+028",
      "yaw_deg": 247.5,
      "pitch_deg": 27.5,
      "ocs_total": 0.16471001505851746,
      "ocs_per_part": {
        "jinshuzhuti": 0.15466658771038055,
        "taiyangnengban": 0.0015124966157600284,
        "yinshenban": 0.008530940860509872
      },
      "n_pixels_camera_visible": 6058,
      "n_pixels_nol_positive": 4093,
      "n_pixels_sun_visible": 6056,
      "n_pixels_contributing": 4092,
      "exr_path": "v0.4_results/23A_three_axis_p4phys_top1_roll_confirmation/postprocess/phase63/roll+020/yaw2475_pitchp0275_roll+020_linear.exr",
      "png_path": "v0.4_results/23A_three_axis_p4phys_top1_roll_confirmation/postprocess/phase63/roll+020/yaw2475_pitchp0275_roll+020_brdf.png",
      "ocs_json_path": "v0.4_results/23A_three_axis_p4phys_top1_roll_confirmation/postprocess/phase63/roll+020/yaw2475_pitchp0275_roll+020_ocs.json",
      "sun_visibility_mask_path": "v0.4_results/01_fullrun/postprocess/yaw2475_pitchp0275_roll+020_v_sun_macro.png",
      "status": "COMPLETE",
      "roll_deg": 20.0,
      "cluster": "R1_top"
    },
    {
      "label": "yaw2475_pitchp0300_roll+020",
      "record_id": "phase63_yaw247_pitch+030",
      "yaw_deg": 247.5,
      "pitch_deg": 30.0,
      "ocs_total": 0.16987556219100952,
      "ocs_per_part": {
        "jinshuzhuti": 0.15967723727226257,
        "taiyangnengban": 0.0015902285231277347,
        "yinshenban": 0.008608091622591019
      },
      "n_pixels_camera_visible": 6118,
      "n_pixels_nol_positive": 4133,
      "n_pixels_sun_visible": 6116,
      "n_pixels_contributing": 4133,
      "exr_path": "v0.4_results/23A_three_axis_p4phys_top1_roll_confirmation/postprocess/phase63/roll+020/yaw2475_pitchp0300_roll+020_linear.exr",
      "png_path": "v0.4_results/23A_three_axis_p4phys_top1_roll_confirmation/postprocess/phase63/roll+020/yaw2475_pitchp0300_roll+020_brdf.png",
      "ocs_json_path": "v0.4_results/23A_three_axis_p4phys_top1_roll_confirmation/postprocess/phase63/roll+020/yaw2475_pitchp0300_roll+020_ocs.json",
      "sun_visibility_mask_path": "v0.4_results/01_fullrun/postprocess/yaw2475_pitchp0300_roll+020_v_sun_macro.png",
      "status": "COMPLETE",
      "roll_deg": 20.0,
      "cluster": "R1_top"
    },
    {
      "label": "yaw2475_pitchp0325_roll+020",
      "record_id": "phase63_yaw247_pitch+032",
      "yaw_deg": 247.5,
      "pitch_deg": 32.5,
      "ocs_total": 0.17508721351623535,
      "ocs_per_part": {
        "jinshuzhuti": 0.1650829017162323,
        "taiyangnengban": 0.0013766138581559062,
        "yinshenban": 0.00862770713865757
      },
      "n_pixels_camera_visible": 6141,
      "n_pixels_nol_positive": 4156,
      "n_pixels_sun_visible": 6140,
      "n_pixels_contributing": 4156,
      "exr_path": "v0.4_results/23A_three_axis_p4phys_top1_roll_confirmation/postprocess/phase63/roll+020/yaw2475_pitchp0325_roll+020_linear.exr",
      "png_path": "v0.4_results/23A_three_axis_p4phys_top1_roll_confirmation/postprocess/phase63/roll+020/yaw2475_pitchp0325_roll+020_brdf.png",
      "ocs_json_path": "v0.4_results/23A_three_axis_p4phys_top1_roll_confirmation/postprocess/phase63/roll+020/yaw2475_pitchp0325_roll+020_ocs.json",
      "sun_visibility_mask_path": "v0.4_results/01_fullrun/postprocess/yaw2475_pitchp0325_roll+020_v_sun_macro.png",
      "status": "COMPLETE",
      "roll_deg": 20.0,
      "cluster": "R1_top"
    },
    {
      "label": "yaw2475_pitchp0350_roll+020",
      "record_id": "phase63_yaw247_pitch+035",
      "yaw_deg": 247.5,
      "pitch_deg": 35.0,
      "ocs_total": 0.17554238438606262,
      "ocs_per_part": {
        "jinshuzhuti": 0.16489484906196594,
        "taiyangnengban": 0.0020023551769554615,
        "yinshenban": 0.008645182475447655
      },
      "n_pixels_camera_visible": 6178,
      "n_pixels_nol_positive": 4208,
      "n_pixels_sun_visible": 6176,
      "n_pixels_contributing": 4208,
      "exr_path": "v0.4_results/23A_three_axis_p4phys_top1_roll_confirmation/postprocess/phase63/roll+020/yaw2475_pitchp0350_roll+020_linear.exr",
      "png_path": "v0.4_results/23A_three_axis_p4phys_top1_roll_confirmation/postprocess/phase63/roll+020/yaw2475_pitchp0350_roll+020_brdf.png",
      "ocs_json_path": "v0.4_results/23A_three_axis_p4phys_top1_roll_confirmation/postprocess/phase63/roll+020/yaw2475_pitchp0350_roll+020_ocs.json",
      "sun_visibility_mask_path": "v0.4_results/01_fullrun/postprocess/yaw2475_pitchp0350_roll+020_v_sun_macro.png",
      "status": "COMPLETE",
      "roll_deg": 20.0,
      "cluster": "R1_top"
    },
    {
      "label": "yaw2425_pitchp0275_roll+025",
      "record_id": "phase63_yaw242_pitch+028",
      "yaw_deg": 242.5,
      "pitch_deg": 27.5,
      "ocs_total": 0.06527949124574661,
      "ocs_per_part": {
        "jinshuzhuti": 0.055958375334739685,
        "taiyangnengban": 0.0015588763635605574,
        "yinshenban": 0.007762242574244738
      },
      "n_pixels_camera_visible": 5884,
      "n_pixels_nol_positive": 4404,
      "n_pixels_sun_visible": 5884,
      "n_pixels_contributing": 4404,
      "exr_path": "v0.4_results/23A_three_axis_p4phys_top1_roll_confirmation/postprocess/phase63/roll+025/yaw2425_pitchp0275_roll+025_linear.exr",
      "png_path": "v0.4_results/23A_three_axis_p4phys_top1_roll_confirmation/postprocess/phase63/roll+025/yaw2425_pitchp0275_roll+025_brdf.png",
      "ocs_json_path": "v0.4_results/23A_three_axis_p4phys_top1_roll_confirmation/postprocess/phase63/roll+025/yaw2425_pitchp0275_roll+025_ocs.json",
      "sun_visibility_mask_path": "v0.4_results/01_fullrun/postprocess/yaw2425_pitchp0275_roll+025_v_sun_macro.png",
      "status": "COMPLETE",
      "roll_deg": 25.0,
      "cluster": "R1_top"
    },
    {
      "label": "yaw2425_pitchp0300_roll+025",
      "record_id": "phase63_yaw242_pitch+030",
      "yaw_deg": 242.5,
      "pitch_deg": 30.0,
      "ocs_total": 0.06350258737802505,
      "ocs_per_part": {
        "jinshuzhuti": 0.05453510582447052,
        "taiyangnengban": 0.0012518158182501793,
        "yinshenban": 0.007715669926255941
      },
      "n_pixels_camera_visible": 5768,
      "n_pixels_nol_positive": 4322,
      "n_pixels_sun_visible": 5762,
      "n_pixels_contributing": 4317,
      "exr_path": "v0.4_results/23A_three_axis_p4phys_top1_roll_confirmation/postprocess/phase63/roll+025/yaw2425_pitchp0300_roll+025_linear.exr",
      "png_path": "v0.4_results/23A_three_axis_p4phys_top1_roll_confirmation/postprocess/phase63/roll+025/yaw2425_pitchp0300_roll+025_brdf.png",
      "ocs_json_path": "v0.4_results/23A_three_axis_p4phys_top1_roll_confirmation/postprocess/phase63/roll+025/yaw2425_pitchp0300_roll+025_ocs.json",
      "sun_visibility_mask_path": "v0.4_results/01_fullrun/postprocess/yaw2425_pitchp0300_roll+025_v_sun_macro.png",
      "status": "COMPLETE",
      "roll_deg": 25.0,
      "cluster": "R1_top"
    },
    {
      "label": "yaw2425_pitchp0325_roll+025",
      "record_id": "phase63_yaw242_pitch+032",
      "yaw_deg": 242.5,
      "pitch_deg": 32.5,
      "ocs_total": 0.06104103848338127,
      "ocs_per_part": {
        "jinshuzhuti": 0.052155084908008575,
        "taiyangnengban": 0.0012497263960540295,
        "yinshenban": 0.007636226247996092
      },
      "n_pixels_camera_visible": 5813,
      "n_pixels_nol_positive": 4323,
      "n_pixels_sun_visible": 5798,
      "n_pixels_contributing": 4308,
      "exr_path": "v0.4_results/23A_three_axis_p4phys_top1_roll_confirmation/postprocess/phase63/roll+025/yaw2425_pitchp0325_roll+025_linear.exr",
      "png_path": "v0.4_results/23A_three_axis_p4phys_top1_roll_confirmation/postprocess/phase63/roll+025/yaw2425_pitchp0325_roll+025_brdf.png",
      "ocs_json_path": "v0.4_results/23A_three_axis_p4phys_top1_roll_confirmation/postprocess/phase63/roll+025/yaw2425_pitchp0325_roll+025_ocs.json",
      "sun_visibility_mask_path": "v0.4_results/01_fullrun/postprocess/yaw2425_pitchp0325_roll+025_v_sun_macro.png",
      "status": "COMPLETE",
      "roll_deg": 25.0,
      "cluster": "R1_top"
    },
    {
      "label": "yaw2425_pitchp0350_roll+025",
      "record_id": "phase63_yaw242_pitch+035",
      "yaw_deg": 242.5,
      "pitch_deg": 35.0,
      "ocs_total": 0.058237262070178986,
      "ocs_per_part": {
        "jinshuzhuti": 0.049437668174505234,
        "taiyangnengban": 0.0011927668238058686,
        "yinshenban": 0.007606831844896078
      },
      "n_pixels_camera_visible": 5885,
      "n_pixels_nol_positive": 4344,
      "n_pixels_sun_visible": 5867,
      "n_pixels_contributing": 4326,
      "exr_path": "v0.4_results/23A_three_axis_p4phys_top1_roll_confirmation/postprocess/phase63/roll+025/yaw2425_pitchp0350_roll+025_linear.exr",
      "png_path": "v0.4_results/23A_three_axis_p4phys_top1_roll_confirmation/postprocess/phase63/roll+025/yaw2425_pitchp0350_roll+025_brdf.png",
      "ocs_json_path": "v0.4_results/23A_three_axis_p4phys_top1_roll_confirmation/postprocess/phase63/roll+025/yaw2425_pitchp0350_roll+025_ocs.json",
      "sun_visibility_mask_path": "v0.4_results/01_fullrun/postprocess/yaw2425_pitchp0350_roll+025_v_sun_macro.png",
      "status": "COMPLETE",
      "roll_deg": 25.0,
      "cluster": "R1_top"
    },
    {
      "label": "yaw2450_pitchp0275_roll+025",
      "record_id": "phase63_yaw245_pitch+028",
      "yaw_deg": 245.0,
      "pitch_deg": 27.5,
      "ocs_total": 0.07965894788503647,
      "ocs_per_part": {
        "jinshuzhuti": 0.0704730972647667,
        "taiyangnengban": 0.001238186378031969,
        "yinshenban": 0.007947671227157116
      },
      "n_pixels_camera_visible": 5751,
      "n_pixels_nol_positive": 4186,
      "n_pixels_sun_visible": 5751,
      "n_pixels_contributing": 4186,
      "exr_path": "v0.4_results/23A_three_axis_p4phys_top1_roll_confirmation/postprocess/phase63/roll+025/yaw2450_pitchp0275_roll+025_linear.exr",
      "png_path": "v0.4_results/23A_three_axis_p4phys_top1_roll_confirmation/postprocess/phase63/roll+025/yaw2450_pitchp0275_roll+025_brdf.png",
      "ocs_json_path": "v0.4_results/23A_three_axis_p4phys_top1_roll_confirmation/postprocess/phase63/roll+025/yaw2450_pitchp0275_roll+025_ocs.json",
      "sun_visibility_mask_path": "v0.4_results/01_fullrun/postprocess/yaw2450_pitchp0275_roll+025_v_sun_macro.png",
      "status": "COMPLETE",
      "roll_deg": 25.0,
      "cluster": "R1_top"
    },
    {
      "label": "yaw2450_pitchp0300_roll+025",
      "record_id": "phase63_yaw245_pitch+030",
      "yaw_deg": 245.0,
      "pitch_deg": 30.0,
      "ocs_total": 0.07964949309825897,
      "ocs_per_part": {
        "jinshuzhuti": 0.07042280584573746,
        "taiyangnengban": 0.0012720264494419098,
        "yinshenban": 0.007954663597047329
      },
      "n_pixels_camera_visible": 5868,
      "n_pixels_nol_positive": 4203,
      "n_pixels_sun_visible": 5868,
      "n_pixels_contributing": 4203,
      "exr_path": "v0.4_results/23A_three_axis_p4phys_top1_roll_confirmation/postprocess/phase63/roll+025/yaw2450_pitchp0300_roll+025_linear.exr",
      "png_path": "v0.4_results/23A_three_axis_p4phys_top1_roll_confirmation/postprocess/phase63/roll+025/yaw2450_pitchp0300_roll+025_brdf.png",
      "ocs_json_path": "v0.4_results/23A_three_axis_p4phys_top1_roll_confirmation/postprocess/phase63/roll+025/yaw2450_pitchp0300_roll+025_ocs.json",
      "sun_visibility_mask_path": "v0.4_results/01_fullrun/postprocess/yaw2450_pitchp0300_roll+025_v_sun_macro.png",
      "status": "COMPLETE",
      "roll_deg": 25.0,
      "cluster": "R1_top"
    },
    {
      "label": "yaw2450_pitchp0325_roll+025",
      "record_id": "phase63_yaw245_pitch+032",
      "yaw_deg": 245.0,
      "pitch_deg": 32.5,
      "ocs_total": 0.0785672515630722,
      "ocs_per_part": {
        "jinshuzhuti": 0.06936635076999664,
        "taiyangnengban": 0.0012862562434747815,
        "yinshenban": 0.007914646528661251
      },
      "n_pixels_camera_visible": 5944,
      "n_pixels_nol_positive": 4227,
      "n_pixels_sun_visible": 5936,
      "n_pixels_contributing": 4219,
      "exr_path": "v0.4_results/23A_three_axis_p4phys_top1_roll_confirmation/postprocess/phase63/roll+025/yaw2450_pitchp0325_roll+025_linear.exr",
      "png_path": "v0.4_results/23A_three_axis_p4phys_top1_roll_confirmation/postprocess/phase63/roll+025/yaw2450_pitchp0325_roll+025_brdf.png",
      "ocs_json_path": "v0.4_results/23A_three_axis_p4phys_top1_roll_confirmation/postprocess/phase63/roll+025/yaw2450_pitchp0325_roll+025_ocs.json",
      "sun_visibility_mask_path": "v0.4_results/01_fullrun/postprocess/yaw2450_pitchp0325_roll+025_v_sun_macro.png",
      "status": "COMPLETE",
      "roll_deg": 25.0,
      "cluster": "R1_top"
    },
    {
      "label": "yaw2450_pitchp0350_roll+025",
      "record_id": "phase63_yaw245_pitch+035",
      "yaw_deg": 245.0,
      "pitch_deg": 35.0,
      "ocs_total": 0.07754239439964294,
      "ocs_per_part": {
        "jinshuzhuti": 0.06838066875934601,
        "taiyangnengban": 0.00123615562915802,
        "yinshenban": 0.007925571873784065
      },
      "n_pixels_camera_visible": 5987,
      "n_pixels_nol_positive": 4276,
      "n_pixels_sun_visible": 5975,
      "n_pixels_contributing": 4264,
      "exr_path": "v0.4_results/23A_three_axis_p4phys_top1_roll_confirmation/postprocess/phase63/roll+025/yaw2450_pitchp0350_roll+025_linear.exr",
      "png_path": "v0.4_results/23A_three_axis_p4phys_top1_roll_confirmation/postprocess/phase63/roll+025/yaw2450_pitchp0350_roll+025_brdf.png",
      "ocs_json_path": "v0.4_results/23A_three_axis_p4phys_top1_roll_confirmation/postprocess/phase63/roll+025/yaw2450_pitchp0350_roll+025_ocs.json",
      "sun_visibility_mask_path": "v0.4_results/01_fullrun/postprocess/yaw2450_pitchp0350_roll+025_v_sun_macro.png",
      "status": "COMPLETE",
      "roll_deg": 25.0,
      "cluster": "R1_top"
    },
    {
      "label": "yaw2475_pitchp0275_roll+025",
      "record_id": "phase63_yaw247_pitch+028",
      "yaw_deg": 247.5,
      "pitch_deg": 27.5,
      "ocs_total": 0.08968111872673035,
      "ocs_per_part": {
        "jinshuzhuti": 0.08032115548849106,
        "taiyangnengban": 0.001294390414841473,
        "yinshenban": 0.008065564557909966
      },
      "n_pixels_camera_visible": 5897,
      "n_pixels_nol_positive": 4101,
      "n_pixels_sun_visible": 5897,
      "n_pixels_contributing": 4101,
      "exr_path": "v0.4_results/23A_three_axis_p4phys_top1_roll_confirmation/postprocess/phase63/roll+025/yaw2475_pitchp0275_roll+025_linear.exr",
      "png_path": "v0.4_results/23A_three_axis_p4phys_top1_roll_confirmation/postprocess/phase63/roll+025/yaw2475_pitchp0275_roll+025_brdf.png",
      "ocs_json_path": "v0.4_results/23A_three_axis_p4phys_top1_roll_confirmation/postprocess/phase63/roll+025/yaw2475_pitchp0275_roll+025_ocs.json",
      "sun_visibility_mask_path": "v0.4_results/01_fullrun/postprocess/yaw2475_pitchp0275_roll+025_v_sun_macro.png",
      "status": "COMPLETE",
      "roll_deg": 25.0,
      "cluster": "R1_top"
    },
    {
      "label": "yaw2475_pitchp0300_roll+025",
      "record_id": "phase63_yaw247_pitch+030",
      "yaw_deg": 247.5,
      "pitch_deg": 30.0,
      "ocs_total": 0.09306423366069794,
      "ocs_per_part": {
        "jinshuzhuti": 0.08361440151929855,
        "taiyangnengban": 0.0013265837915241718,
        "yinshenban": 0.008123244158923626
      },
      "n_pixels_camera_visible": 5944,
      "n_pixels_nol_positive": 4133,
      "n_pixels_sun_visible": 5944,
      "n_pixels_contributing": 4133,
      "exr_path": "v0.4_results/23A_three_axis_p4phys_top1_roll_confirmation/postprocess/phase63/roll+025/yaw2475_pitchp0300_roll+025_linear.exr",
      "png_path": "v0.4_results/23A_three_axis_p4phys_top1_roll_confirmation/postprocess/phase63/roll+025/yaw2475_pitchp0300_roll+025_brdf.png",
      "ocs_json_path": "v0.4_results/23A_three_axis_p4phys_top1_roll_confirmation/postprocess/phase63/roll+025/yaw2475_pitchp0300_roll+025_ocs.json",
      "sun_visibility_mask_path": "v0.4_results/01_fullrun/postprocess/yaw2475_pitchp0300_roll+025_v_sun_macro.png",
      "status": "COMPLETE",
      "roll_deg": 25.0,
      "cluster": "R1_top"
    },
    {
      "label": "yaw2475_pitchp0325_roll+025",
      "record_id": "phase63_yaw247_pitch+032",
      "yaw_deg": 247.5,
      "pitch_deg": 32.5,
      "ocs_total": 0.09615351259708405,
      "ocs_per_part": {
        "jinshuzhuti": 0.08672839403152466,
        "taiyangnengban": 0.0013052269350737333,
        "yinshenban": 0.008119900710880756
      },
      "n_pixels_camera_visible": 6008,
      "n_pixels_nol_positive": 4165,
      "n_pixels_sun_visible": 6006,
      "n_pixels_contributing": 4163,
      "exr_path": "v0.4_results/23A_three_axis_p4phys_top1_roll_confirmation/postprocess/phase63/roll+025/yaw2475_pitchp0325_roll+025_linear.exr",
      "png_path": "v0.4_results/23A_three_axis_p4phys_top1_roll_confirmation/postprocess/phase63/roll+025/yaw2475_pitchp0325_roll+025_brdf.png",
      "ocs_json_path": "v0.4_results/23A_three_axis_p4phys_top1_roll_confirmation/postprocess/phase63/roll+025/yaw2475_pitchp0325_roll+025_ocs.json",
      "sun_visibility_mask_path": "v0.4_results/01_fullrun/postprocess/yaw2475_pitchp0325_roll+025_v_sun_macro.png",
      "status": "COMPLETE",
      "roll_deg": 25.0,
      "cluster": "R1_top"
    },
    {
      "label": "yaw2475_pitchp0350_roll+025",
      "record_id": "phase63_yaw247_pitch+035",
      "yaw_deg": 247.5,
      "pitch_deg": 35.0,
      "ocs_total": 0.09826139360666275,
      "ocs_per_part": {
        "jinshuzhuti": 0.08840204030275345,
        "taiyangnengban": 0.00170701346360147,
        "yinshenban": 0.008152341470122337
      },
      "n_pixels_camera_visible": 6066,
      "n_pixels_nol_positive": 4250,
      "n_pixels_sun_visible": 6056,
      "n_pixels_contributing": 4240,
      "exr_path": "v0.4_results/23A_three_axis_p4phys_top1_roll_confirmation/postprocess/phase63/roll+025/yaw2475_pitchp0350_roll+025_linear.exr",
      "png_path": "v0.4_results/23A_three_axis_p4phys_top1_roll_confirmation/postprocess/phase63/roll+025/yaw2475_pitchp0350_roll+025_brdf.png",
      "ocs_json_path": "v0.4_results/23A_three_axis_p4phys_top1_roll_confirmation/postprocess/phase63/roll+025/yaw2475_pitchp0350_roll+025_ocs.json",
      "sun_visibility_mask_path": "v0.4_results/01_fullrun/postprocess/yaw2475_pitchp0350_roll+025_v_sun_macro.png",
      "status": "COMPLETE",
      "roll_deg": 25.0,
      "cluster": "R1_top"
    }
  ]
}