=== RENDER phase63 roll+015 (312 subset) ===
  RENDERED:          301
  SKIPPED_EXISTING:  11
  FAILED:            0
[SUCCESS] 301 rendered + 11 skipped = 鍏ㄩ儴瀹屾垚
=== POSTPROCESS phase63 roll+015 ===
  n_labels=312
Resume: 已有 3 个 COMPLETE 记录
  [COMPLETE] OCS_total=1.936355e-02 visible=5774 contrib=5477
  [COMPLETE] OCS_total=1.862869e-02 visible=5882 contrib=5618
  [COMPLETE] OCS_total=1.729786e-02 visible=5891 contrib=5685
  [COMPLETE] OCS_total=1.687366e-02 visible=5727 contrib=5516
  [COMPLETE] OCS_total=1.749020e-02 visible=5937 contrib=5286
  [COMPLETE] OCS_total=1.497791e-02 visible=6101 contrib=2147
  [COMPLETE] OCS_total=1.472237e-02 visible=6155 contrib=2325
  [COMPLETE] OCS_total=1.523451e-02 visible=6049 contrib=2405
  [COMPLETE] OCS_total=1.575745e-02 visible=5907 contrib=2335
  [COMPLETE] OCS_total=1.649602e-02 visible=5736 contrib=2104
  [COMPLETE] OCS_total=2.122836e-02 visible=5575 contrib=1815
  [COMPLETE] OCS_total=1.699636e-02 visible=5688 contrib=2148
  [COMPLETE] OCS_total=2.479897e-02 visible=5487 contrib=5088
  [COMPLETE] OCS_total=2.387696e-02 visible=5571 contrib=5078
  [COMPLETE] OCS_total=2.367226e-02 visible=5717 contrib=5123
  [COMPLETE] OCS_total=2.386543e-02 visible=5799 contrib=5072
  [COMPLETE] OCS_total=2.218901e-02 visible=5899 contrib=5039
  [COMPLETE] OCS_total=1.764113e-02 visible=5945 contrib=5654
  [COMPLETE] OCS_total=1.618193e-02 visible=5969 contrib=5623
  [COMPLETE] OCS_total=1.479118e-02 visible=5941 contrib=5500
  [COMPLETE] OCS_total=1.399009e-02 visible=5892 contrib=5428
  [COMPLETE] OCS_total=1.385581e-02 visible=5837 contrib=5302
  [COMPLETE] OCS_total=1.405931e-02 visible=5765 contrib=1645
  [COMPLETE] OCS_total=1.304049e-02 visible=5786 contrib=1563
  [COMPLETE] OCS_total=1.320586e-02 visible=5891 contrib=1760
  [COMPLETE] OCS_total=3.854684e-02 visible=5780 contrib=4824
  [COMPLETE] OCS_total=3.379244e-02 visible=5776 contrib=4766
  [COMPLETE] OCS_total=3.147885e-02 visible=5742 contrib=4675
  [COMPLETE] OCS_total=2.907055e-02 visible=5749 contrib=4633
  [COMPLETE] OCS_total=2.478975e-02 visible=5703 contrib=4487
  [COMPLETE] OCS_total=2.321600e-02 visible=5751 contrib=5345
  [COMPLETE] OCS_total=2.267327e-02 visible=5801 contrib=5401
  [COMPLETE] OCS_total=2.234983e-02 visible=5829 contrib=5353
  [COMPLETE] OCS_total=2.172449e-02 visible=5847 contrib=5318
  [COMPLETE] OCS_total=2.130629e-02 visible=5837 contrib=5239
  [COMPLETE] OCS_total=2.062361e-02 visible=5820 contrib=5315
  [COMPLETE] OCS_total=1.901870e-02 visible=5785 contrib=5518
  [COMPLETE] OCS_total=1.908186e-02 visible=5726 contrib=5402
  [COMPLETE] OCS_total=7.325693e-02 visible=5789 contrib=4375
  [COMPLETE] OCS_total=4.430148e-02 visible=5696 contrib=4213
  [COMPLETE] OCS_total=3.503097e-02 visible=5833 contrib=4171
  [COMPLETE] OCS_total=3.134386e-02 visible=5973 contrib=4132
  [COMPLETE] OCS_total=3.065996e-02 visible=6083 contrib=5233
  [COMPLETE] OCS_total=3.166968e-02 visible=6152 contrib=5182
  [COMPLETE] OCS_total=3.186948e-02 visible=6146 contrib=5106
  [COMPLETE] OCS_total=3.055641e-02 visible=6110 contrib=5053
  [COMPLETE] OCS_total=2.930840e-02 visible=6029 contrib=5003
  [COMPLETE] OCS_total=2.778038e-02 visible=5871 contrib=4950
  [COMPLETE] OCS_total=2.586021e-02 visible=5665 contrib=4918
  [COMPLETE] OCS_total=2.480952e-02 visible=5580 contrib=5207
  [COMPLETE] OCS_total=2.460582e-02 visible=5479 contrib=4956
  [COMPLETE] OCS_total=3.302861e-02 visible=5426 contrib=3574
  [COMPLETE] OCS_total=3.176480e-02 visible=5466 contrib=3385
  [COMPLETE] OCS_total=3.109169e-02 visible=5716 contrib=3386
  [COMPLETE] OCS_total=3.133702e-02 visible=5922 contrib=4839
  [COMPLETE] OCS_total=3.181918e-02 visible=6100 contrib=4725
  [COMPLETE] OCS_total=3.263403e-02 visible=6181 contrib=4644
  [COMPLETE] OCS_total=3.258885e-02 visible=6177 contrib=4563
  [COMPLETE] OCS_total=3.134941e-02 visible=6097 contrib=4482
  [COMPLETE] OCS_total=3.002849e-02 visible=5873 contrib=4375
  [COMPLETE] OCS_total=2.923328e-02 visible=6052 contrib=4304
  [COMPLETE] OCS_total=2.964026e-02 visible=6129 contrib=5197
  [COMPLETE] OCS_total=3.214295e-02 visible=6118 contrib=4947
  [COMPLETE] OCS_total=3.693365e-02 visible=5967 contrib=4655
  [COMPLETE] OCS_total=2.482248e-02 visible=4815 contrib=2625
  [COMPLETE] OCS_total=2.541585e-02 visible=4909 contrib=4426
  [COMPLETE] OCS_total=2.712190e-02 visible=5285 contrib=4270
  [COMPLETE] OCS_total=2.782516e-02 visible=5579 contrib=4138
  [COMPLETE] OCS_total=2.771471e-02 visible=5772 contrib=3984
  [COMPLETE] OCS_total=2.798063e-02 visible=5911 contrib=3848
  [COMPLETE] OCS_total=2.773536e-02 visible=5880 contrib=3761
  [COMPLETE] OCS_total=2.696987e-02 visible=5719 contrib=3653
  [COMPLETE] OCS_total=2.696975e-02 visible=5941 contrib=3548
  [COMPLETE] OCS_total=2.880506e-02 visible=6261 contrib=5087
  [COMPLETE] OCS_total=3.297393e-02 visible=6415 contrib=4872
  [COMPLETE] OCS_total=4.193633e-02 visible=6371 contrib=4543
  [COMPLETE] OCS_total=7.007990e-02 visible=6173 contrib=4184
  [COMPLETE] OCS_total=1.688486e-02 visible=3928 contrib=3829
  [COMPLETE] OCS_total=2.004566e-02 visible=4140 contrib=3575
  [COMPLETE] OCS_total=1.974783e-02 visible=4584 contrib=3390
  [COMPLETE] OCS_total=2.004308e-02 visible=4969 contrib=3263
  [COMPLETE] OCS_total=2.041245e-02 visible=5186 contrib=3117
  [COMPLETE] OCS_total=2.019020e-02 visible=5289 contrib=2956
  [COMPLETE] OCS_total=2.150181e-02 visible=5073 contrib=4733
  [COMPLETE] OCS_total=2.482070e-02 visible=5687 contrib=4687
  [COMPLETE] OCS_total=2.880010e-02 visible=6065 contrib=4510
  [COMPLETE] OCS_total=3.129276e-02 visible=6266 contrib=4264
  [COMPLETE] OCS_total=3.057687e-02 visible=6161 contrib=3804
  [COMPLETE] OCS_total=3.079895e-02 visible=5934 contrib=3401
  [COMPLETE] OCS_total=1.550689e-02 visible=3806 contrib=3302
  [COMPLETE] OCS_total=1.664934e-02 visible=4045 contrib=2998
  [COMPLETE] OCS_total=1.517930e-02 visible=4338 contrib=2695
  [COMPLETE] OCS_total=1.413297e-02 visible=4462 contrib=2438
  [COMPLETE] OCS_total=1.471939e-02 visible=4633 contrib=4395
  [COMPLETE] OCS_total=1.535225e-02 visible=4602 contrib=4396
  [COMPLETE] OCS_total=1.705348e-02 visible=4343 contrib=4188
  [COMPLETE] OCS_total=1.946330e-02 visible=4512 contrib=3950
  [COMPLETE] OCS_total=2.376785e-02 visible=5100 contrib=3841
  [COMPLETE] OCS_total=2.456896e-02 visible=5504 contrib=3645
  [COMPLETE] OCS_total=2.301359e-02 visible=5644 contrib=3298
  [COMPLETE] OCS_total=2.191520e-02 visible=5583 contrib=2831
  [COMPLETE] OCS_total=2.025739e-02 visible=5301 contrib=2240
  [COMPLETE] OCS_total=2.344706e-02 visible=4887 contrib=3213
  [COMPLETE] OCS_total=4.887030e-02 visible=4999 contrib=2821
  [COMPLETE] OCS_total=1.988690e-02 visible=5271 contrib=2500
  [COMPLETE] OCS_total=1.815416e-02 visible=5397 contrib=3987
  [COMPLETE] OCS_total=1.785071e-02 visible=5260 contrib=4078
  [COMPLETE] OCS_total=1.805945e-02 visible=4869 contrib=3982
  [COMPLETE] OCS_total=1.808563e-02 visible=4216 contrib=3618
  [COMPLETE] OCS_total=1.819331e-02 visible=4022 contrib=3159
  [COMPLETE] OCS_total=1.703025e-02 visible=4327 contrib=2876
  [COMPLETE] OCS_total=1.588318e-02 visible=4636 contrib=2584
  [COMPLETE] OCS_total=1.462858e-02 visible=4734 contrib=4664
  [COMPLETE] OCS_total=1.634662e-02 visible=4650 contrib=4540
  [COMPLETE] OCS_total=1.664962e-02 visible=4363 contrib=4258
  [COMPLETE] OCS_total=4.295273e-02 visible=5694 contrib=2894
  [COMPLETE] OCS_total=1.610265e-01 visible=5712 contrib=2515
  [COMPLETE] OCS_total=2.743243e-02 visible=5929 contrib=3459
  [COMPLETE] OCS_total=2.341908e-02 visible=6047 contrib=3725
  [COMPLETE] OCS_total=2.121283e-02 visible=5917 contrib=3830
  [COMPLETE] OCS_total=2.320159e-02 visible=5553 contrib=3708
  [COMPLETE] OCS_total=2.654125e-02 visible=4846 contrib=3270
  [COMPLETE] OCS_total=4.968595e-02 visible=5019 contrib=3007
  [COMPLETE] OCS_total=1.998512e-02 visible=4943 contrib=2592
  [COMPLETE] OCS_total=1.609971e-02 visible=4823 contrib=4195
  [COMPLETE] OCS_total=1.443817e-02 visible=4506 contrib=4070
  [COMPLETE] OCS_total=1.497876e-02 visible=4016 contrib=3770
  [COMPLETE] OCS_total=1.503958e-02 visible=3570 contrib=3424
  [COMPLETE] OCS_total=2.138369e-02 visible=6116 contrib=2557
  [COMPLETE] OCS_total=2.407547e-02 visible=6097 contrib=2196
  [COMPLETE] OCS_total=1.962694e-02 visible=6258 contrib=2937
  [COMPLETE] OCS_total=1.981729e-02 visible=6358 contrib=3266
  [COMPLETE] OCS_total=2.096184e-02 visible=6259 contrib=3383
  [COMPLETE] OCS_total=2.241110e-02 visible=5925 contrib=3224
  [COMPLETE] OCS_total=4.461611e-02 visible=5605 contrib=2836
  [COMPLETE] OCS_total=1.751459e-01 visible=5715 contrib=2627
  [COMPLETE] OCS_total=2.384246e-02 visible=5668 contrib=3846
  [COMPLETE] OCS_total=1.841633e-02 visible=5536 contrib=3946
  [COMPLETE] OCS_total=1.733793e-02 visible=5255 contrib=3891
  [COMPLETE] OCS_total=1.840151e-02 visible=4805 contrib=3685
  [COMPLETE] OCS_total=2.915754e-02 visible=4375 contrib=3412
  [COMPLETE] OCS_total=1.634783e-02 visible=6119 contrib=2108
  [COMPLETE] OCS_total=1.694897e-02 visible=6112 contrib=5559
  [COMPLETE] OCS_total=1.603930e-02 visible=6251 contrib=6040
  [COMPLETE] OCS_total=1.549315e-02 visible=6274 contrib=2567
  [COMPLETE] OCS_total=1.677936e-02 visible=6193 contrib=2629
  [COMPLETE] OCS_total=1.886159e-02 visible=5981 contrib=2546
  [COMPLETE] OCS_total=2.130403e-02 visible=6012 contrib=2323
  [COMPLETE] OCS_total=2.629494e-02 visible=6145 contrib=2180
  [COMPLETE] OCS_total=1.917195e-02 visible=6097 contrib=3399
  [COMPLETE] OCS_total=1.799344e-02 visible=5973 contrib=3464
  [COMPLETE] OCS_total=1.814424e-02 visible=5740 contrib=3494
  [COMPLETE] OCS_total=2.058657e-02 visible=5393 contrib=3330
  [COMPLETE] OCS_total=4.008618e-02 visible=5127 contrib=3082
  [COMPLETE] OCS_total=1.831015e-02 visible=5796 contrib=5622
  [COMPLETE] OCS_total=2.061548e-02 visible=5699 contrib=5494
  [COMPLETE] OCS_total=1.781478e-02 visible=5844 contrib=5717
  [COMPLETE] OCS_total=1.737184e-02 visible=5902 contrib=5770
  [COMPLETE] OCS_total=1.712375e-02 visible=5852 contrib=5735
  [COMPLETE] OCS_total=1.674043e-02 visible=5821 contrib=5438
  [COMPLETE] OCS_total=1.601239e-02 visible=6136 contrib=5039
  [COMPLETE] OCS_total=1.475558e-02 visible=6165 contrib=2743
  [COMPLETE] OCS_total=1.523408e-02 visible=6108 contrib=2825
  [COMPLETE] OCS_total=1.605988e-02 visible=5981 contrib=2896
  [COMPLETE] OCS_total=1.775086e-02 visible=5806 contrib=2818
  [COMPLETE] OCS_total=2.501403e-02 visible=5632 contrib=2710
  [COMPLETE] OCS_total=2.011833e-02 visible=5500 contrib=4999
  [COMPLETE] OCS_total=2.108925e-02 visible=5312 contrib=4948
  [COMPLETE] OCS_total=2.086589e-02 visible=5253 contrib=4895
  [COMPLETE] OCS_total=1.992548e-02 visible=5411 contrib=4996
  [COMPLETE] OCS_total=1.877218e-02 visible=5530 contrib=5002
  [COMPLETE] OCS_total=1.867858e-02 visible=5679 contrib=5011
  [COMPLETE] OCS_total=1.949898e-02 visible=5777 contrib=4923
  [COMPLETE] OCS_total=1.751687e-02 visible=5888 contrib=5728
  [COMPLETE] OCS_total=1.463544e-02 visible=5936 contrib=5740
  [COMPLETE] OCS_total=1.430361e-02 visible=5962 contrib=5750
  [COMPLETE] OCS_total=1.405762e-02 visible=5954 contrib=5740
  [COMPLETE] OCS_total=1.407710e-02 visible=5895 contrib=5699
  [COMPLETE] OCS_total=1.526555e-02 visible=5848 contrib=2317
  [COMPLETE] OCS_total=2.890081e-02 visible=5835 contrib=4566
  [COMPLETE] OCS_total=3.378411e-02 visible=5855 contrib=4632
  [COMPLETE] OCS_total=3.544718e-02 visible=5828 contrib=4428
  [COMPLETE] OCS_total=3.101514e-02 visible=5812 contrib=4438
  [COMPLETE] OCS_total=2.654589e-02 visible=5756 contrib=4519
  [COMPLETE] OCS_total=2.416981e-02 visible=5694 contrib=4566
  [COMPLETE] OCS_total=2.362855e-02 visible=5613 contrib=4619
  [COMPLETE] OCS_total=2.157463e-02 visible=5547 contrib=5271
  [COMPLETE] OCS_total=1.854128e-02 visible=5468 contrib=5263
  [COMPLETE] OCS_total=1.760348e-02 visible=5497 contrib=5298
  [COMPLETE] OCS_total=1.698031e-02 visible=5550 contrib=5354
  [COMPLETE] OCS_total=1.644595e-02 visible=5617 contrib=5351
  [COMPLETE] OCS_total=1.648935e-02 visible=5680 contrib=5492
  [COMPLETE] OCS_total=4.611476e-02 visible=5836 contrib=3805
  [COMPLETE] OCS_total=8.192287e-02 visible=5990 contrib=4040
  [COMPLETE] OCS_total=1.356947e-01 visible=6094 contrib=3722
  [COMPLETE] OCS_total=1.690252e-01 visible=6173 contrib=3831
  [COMPLETE] OCS_total=1.476135e-01 visible=6153 contrib=3969
  [COMPLETE] OCS_total=9.571552e-02 visible=6082 contrib=4156
  [COMPLETE] OCS_total=5.406708e-02 visible=6003 contrib=4333
  [COMPLETE] OCS_total=3.567148e-02 visible=5839 contrib=4865
  [COMPLETE] OCS_total=2.923701e-02 visible=5619 contrib=4807
  [COMPLETE] OCS_total=2.522063e-02 visible=5581 contrib=4708
  [COMPLETE] OCS_total=2.268058e-02 visible=5499 contrib=4764
  [COMPLETE] OCS_total=2.092368e-02 visible=5337 contrib=4748
  [COMPLETE] OCS_total=1.986837e-02 visible=5457 contrib=4851
  [COMPLETE] OCS_total=2.158816e-02 visible=5500 contrib=2871
  [COMPLETE] OCS_total=2.414240e-02 visible=5745 contrib=3220
  [COMPLETE] OCS_total=2.897894e-02 visible=5964 contrib=3692
  [COMPLETE] OCS_total=4.258885e-02 visible=6113 contrib=3058
  [COMPLETE] OCS_total=7.331089e-02 visible=6199 contrib=3285
  [COMPLETE] OCS_total=1.245475e-01 visible=6159 contrib=3528
  [COMPLETE] OCS_total=1.797650e-01 visible=6054 contrib=3865
  [COMPLETE] OCS_total=1.971308e-01 visible=5780 contrib=4178
  [COMPLETE] OCS_total=1.596705e-01 visible=6111 contrib=4346
  [COMPLETE] OCS_total=1.048866e-01 visible=6144 contrib=4441
  [COMPLETE] OCS_total=6.264206e-02 visible=6094 contrib=4527
  [COMPLETE] OCS_total=4.154339e-02 visible=5930 contrib=4596
  [COMPLETE] OCS_total=3.217175e-02 visible=5962 contrib=4793
  [COMPLETE] OCS_total=1.323243e-02 visible=4902 contrib=1895
  [COMPLETE] OCS_total=1.486201e-02 visible=5240 contrib=2378
  [COMPLETE] OCS_total=1.592800e-02 visible=5541 contrib=2941
  [COMPLETE] OCS_total=1.722807e-02 visible=5770 contrib=3535
  [COMPLETE] OCS_total=2.023148e-02 visible=5893 contrib=2444
  [COMPLETE] OCS_total=2.477221e-02 visible=5918 contrib=2744
  [COMPLETE] OCS_total=3.234437e-02 visible=5747 contrib=3130
  [COMPLETE] OCS_total=4.988381e-02 visible=5917 contrib=3481
  [COMPLETE] OCS_total=8.700977e-02 visible=6240 contrib=3709
  [COMPLETE] OCS_total=1.267990e-01 visible=6416 contrib=3871
  [COMPLETE] OCS_total=1.311610e-01 visible=6382 contrib=4050
  [COMPLETE] OCS_total=9.214313e-02 visible=6184 contrib=4159
  [COMPLETE] OCS_total=5.565755e-02 visible=6142 contrib=4459
  [COMPLETE] OCS_total=1.123913e-02 visible=4015 contrib=3888
  [COMPLETE] OCS_total=1.143090e-02 visible=4491 contrib=4381
  [COMPLETE] OCS_total=1.138350e-02 visible=4886 contrib=4811
  [COMPLETE] OCS_total=1.220021e-02 visible=5163 contrib=5095
  [COMPLETE] OCS_total=1.337828e-02 visible=5270 contrib=5182
  [COMPLETE] OCS_total=1.661791e-02 visible=5281 contrib=4251
  [COMPLETE] OCS_total=1.976136e-02 visible=5082 contrib=2354
  [COMPLETE] OCS_total=2.137078e-02 visible=5554 contrib=3099
  [COMPLETE] OCS_total=2.319446e-02 visible=6003 contrib=2823
  [COMPLETE] OCS_total=2.505029e-02 visible=6240 contrib=3081
  [COMPLETE] OCS_total=2.729946e-02 visible=6200 contrib=3280
  [COMPLETE] OCS_total=2.853495e-02 visible=5997 contrib=3412
  [COMPLETE] OCS_total=2.762648e-02 visible=5898 contrib=3682
  [COMPLETE] OCS_total=1.525425e-02 visible=3920 contrib=3555
  [COMPLETE] OCS_total=1.412627e-02 visible=4273 contrib=3989
  [COMPLETE] OCS_total=1.300732e-02 visible=4465 contrib=4308
  [COMPLETE] OCS_total=1.307554e-02 visible=4605 contrib=4518
  [COMPLETE] OCS_total=1.359189e-02 visible=4625 contrib=4525
  [COMPLETE] OCS_total=1.551684e-02 visible=4424 contrib=4311
  [COMPLETE] OCS_total=1.794334e-02 visible=4303 contrib=4174
  [COMPLETE] OCS_total=1.637230e-02 visible=4902 contrib=4767
  [COMPLETE] OCS_total=1.620730e-02 visible=5403 contrib=5265
  [COMPLETE] OCS_total=1.752676e-02 visible=5628 contrib=3957
  [COMPLETE] OCS_total=1.923833e-02 visible=5621 contrib=4500
  [COMPLETE] OCS_total=2.009800e-02 visible=5411 contrib=4939
  [COMPLETE] OCS_total=1.951590e-02 visible=5307 contrib=2735
  [COMPLETE] OCS_total=3.037965e-02 visible=4927 contrib=3518
  [COMPLETE] OCS_total=1.965581e-02 visible=5189 contrib=3793
  [COMPLETE] OCS_total=1.762633e-02 visible=5397 contrib=4142
  [COMPLETE] OCS_total=1.726015e-02 visible=5340 contrib=4236
  [COMPLETE] OCS_total=1.759847e-02 visible=5035 contrib=4136
  [COMPLETE] OCS_total=1.921368e-02 visible=4435 contrib=3757
  [COMPLETE] OCS_total=1.924158e-02 visible=4007 contrib=3631
  [COMPLETE] OCS_total=1.608660e-02 visible=4249 contrib=4073
  [COMPLETE] OCS_total=1.430080e-02 visible=4549 contrib=4389
  [COMPLETE] OCS_total=1.535647e-02 visible=4730 contrib=4552
  [COMPLETE] OCS_total=1.560246e-02 visible=4665 contrib=3585
  [COMPLETE] OCS_total=1.693807e-02 visible=4462 contrib=4009
  [COMPLETE] OCS_total=1.767703e-02 visible=4432 contrib=4345
  [COMPLETE] OCS_total=4.468217e-02 visible=5658 contrib=3220
  [COMPLETE] OCS_total=2.583256e-02 visible=5871 contrib=3451
  [COMPLETE] OCS_total=1.992991e-02 visible=6037 contrib=3708
  [COMPLETE] OCS_total=2.092748e-02 visible=5979 contrib=3807
  [COMPLETE] OCS_total=2.177560e-02 visible=5681 contrib=3708
  [COMPLETE] OCS_total=4.826958e-02 visible=5144 contrib=3373
  [COMPLETE] OCS_total=2.689333e-02 visible=5009 contrib=3501
  [COMPLETE] OCS_total=1.926274e-02 visible=4978 contrib=3700
  [COMPLETE] OCS_total=1.662807e-02 visible=4864 contrib=3859
  [COMPLETE] OCS_total=1.643271e-02 visible=4606 contrib=3808
  [COMPLETE] OCS_total=1.502750e-02 visible=4153 contrib=3544
  [COMPLETE] OCS_total=1.539115e-02 visible=3668 contrib=2866
  [COMPLETE] OCS_total=1.634855e-02 visible=3685 contrib=3253
  [COMPLETE] OCS_total=2.724081e-02 visible=6083 contrib=2678
  [COMPLETE] OCS_total=1.995143e-02 visible=6224 contrib=2948
  [COMPLETE] OCS_total=1.844427e-02 visible=6352 contrib=3178
  [COMPLETE] OCS_total=1.993020e-02 visible=6290 contrib=3213
  [COMPLETE] OCS_total=2.478783e-02 visible=6016 contrib=3094
  [COMPLETE] OCS_total=1.720198e-01 visible=5536 contrib=2656
  [COMPLETE] OCS_total=4.559653e-02 visible=5713 contrib=3185
  [COMPLETE] OCS_total=2.214807e-02 visible=5677 contrib=3380
  [COMPLETE] OCS_total=1.891455e-02 visible=5566 contrib=3365
  [COMPLETE] OCS_total=1.777503e-02 visible=5298 contrib=3346
  [COMPLETE] OCS_total=1.816011e-02 visible=4896 contrib=3109
  [COMPLETE] OCS_total=3.681863e-02 visible=4407 contrib=2443
  [COMPLETE] OCS_total=2.104220e-02 visible=4449 contrib=2806
  [COMPLETE] OCS_total=1.586567e-02 visible=6099 contrib=2129
  [COMPLETE] OCS_total=1.529464e-02 visible=6254 contrib=2353
  [COMPLETE] OCS_total=1.458950e-02 visible=6273 contrib=2477
  [COMPLETE] OCS_total=1.607810e-02 visible=6198 contrib=2448
  [COMPLETE] OCS_total=1.924728e-02 visible=5985 contrib=2325
  [COMPLETE] OCS_total=2.560212e-02 visible=6008 contrib=2137
  [COMPLETE] OCS_total=2.044551e-02 visible=6137 contrib=2791
  [COMPLETE] OCS_total=1.921529e-02 visible=6106 contrib=2906
  [COMPLETE] OCS_total=1.913688e-02 visible=5961 contrib=2973
  [COMPLETE] OCS_total=1.843505e-02 visible=5733 contrib=2871
  [COMPLETE] OCS_total=2.410910e-02 visible=5385 contrib=2614
  [COMPLETE] OCS_total=1.571801e-01 visible=5122 contrib=2187
  [COMPLETE] OCS_total=3.779334e-02 visible=5206 contrib=2520
OVERALL: COMPLETE
=== RENDER phase63 roll-015 (312 subset) ===
  RENDERED:          312
  SKIPPED_EXISTING:  0
  FAILED:            0
[SUCCESS] 312 rendered + 0 skipped = 鍏ㄩ儴瀹屾垚
=== POSTPROCESS phase63 roll-015 ===
  n_labels=312
  [COMPLETE] OCS_total=2.724081e-02 visible=6083 contrib=2678
  [COMPLETE] OCS_total=1.948072e-02 visible=6173 contrib=2772
  [COMPLETE] OCS_total=1.599662e-02 visible=6275 contrib=2818
  [COMPLETE] OCS_total=1.470792e-02 visible=6337 contrib=2787
  [COMPLETE] OCS_total=1.343924e-02 visible=6315 contrib=2661
  [COMPLETE] OCS_total=1.349407e-02 visible=6226 contrib=4996
  [COMPLETE] OCS_total=1.644707e-02 visible=6083 contrib=5151
  [COMPLETE] OCS_total=1.634168e-02 visible=5851 contrib=5243
  [COMPLETE] OCS_total=1.710816e-02 visible=5808 contrib=5457
  [COMPLETE] OCS_total=1.847547e-02 visible=5826 contrib=5561
  [COMPLETE] OCS_total=1.986129e-02 visible=5744 contrib=5513
  [COMPLETE] OCS_total=2.017226e-02 visible=5586 contrib=5303
  [COMPLETE] OCS_total=1.908186e-02 visible=5726 contrib=5402
  [COMPLETE] OCS_total=1.586567e-02 visible=6099 contrib=2129
  [COMPLETE] OCS_total=1.560607e-02 visible=6148 contrib=5693
  [COMPLETE] OCS_total=1.520347e-02 visible=6155 contrib=5905
  [COMPLETE] OCS_total=1.524784e-02 visible=6121 contrib=5911
  [COMPLETE] OCS_total=1.626189e-02 visible=6066 contrib=5883
  [COMPLETE] OCS_total=1.828760e-02 visible=5995 contrib=5720
  [COMPLETE] OCS_total=2.128978e-02 visible=5902 contrib=4915
  [COMPLETE] OCS_total=2.209087e-02 visible=5776 contrib=4989
  [COMPLETE] OCS_total=2.368618e-02 visible=5626 contrib=5010
  [COMPLETE] OCS_total=2.605269e-02 visible=5456 contrib=4938
  [COMPLETE] OCS_total=2.660827e-02 visible=5300 contrib=4863
  [COMPLETE] OCS_total=2.636081e-02 visible=5341 contrib=4911
  [COMPLETE] OCS_total=2.460578e-02 visible=5479 contrib=4956
  [COMPLETE] OCS_total=1.936355e-02 visible=5774 contrib=5477
  [COMPLETE] OCS_total=2.019940e-02 visible=5709 contrib=5457
  [COMPLETE] OCS_total=2.077589e-02 visible=5634 contrib=5456
  [COMPLETE] OCS_total=2.142173e-02 visible=5604 contrib=5411
  [COMPLETE] OCS_total=2.282208e-02 visible=5561 contrib=5378
  [COMPLETE] OCS_total=2.529983e-02 visible=5622 contrib=5322
  [COMPLETE] OCS_total=2.772736e-02 visible=5703 contrib=4635
  [COMPLETE] OCS_total=2.912779e-02 visible=5766 contrib=4599
  [COMPLETE] OCS_total=3.220553e-02 visible=5823 contrib=4554
  [COMPLETE] OCS_total=3.998716e-02 visible=5887 contrib=4547
  [COMPLETE] OCS_total=4.869598e-02 visible=5934 contrib=4520
  [COMPLETE] OCS_total=4.601351e-02 visible=5973 contrib=4739
  [COMPLETE] OCS_total=3.693365e-02 visible=5967 contrib=4655
  [COMPLETE] OCS_total=2.479899e-02 visible=5487 contrib=5088
  [COMPLETE] OCS_total=2.501291e-02 visible=5293 contrib=4817
  [COMPLETE] OCS_total=2.650490e-02 visible=5463 contrib=4770
  [COMPLETE] OCS_total=2.927929e-02 visible=5552 contrib=4744
  [COMPLETE] OCS_total=3.403997e-02 visible=5636 contrib=4876
  [COMPLETE] OCS_total=4.386292e-02 visible=5883 contrib=5000
  [COMPLETE] OCS_total=7.436802e-02 visible=6064 contrib=4405
  [COMPLETE] OCS_total=1.466332e-01 visible=6172 contrib=4250
  [COMPLETE] OCS_total=2.438227e-01 visible=6279 contrib=4153
  [COMPLETE] OCS_total=2.876237e-01 visible=6332 contrib=4040
  [COMPLETE] OCS_total=2.321538e-01 visible=6327 contrib=4064
  [COMPLETE] OCS_total=1.347614e-01 visible=6278 contrib=4385
  [COMPLETE] OCS_total=7.008007e-02 visible=6173 contrib=4183
  [COMPLETE] OCS_total=3.854684e-02 visible=5780 contrib=4824
  [COMPLETE] OCS_total=5.224580e-02 visible=5778 contrib=4667
  [COMPLETE] OCS_total=8.671114e-02 visible=6000 contrib=4605
  [COMPLETE] OCS_total=1.543872e-01 visible=6066 contrib=4472
  [COMPLETE] OCS_total=2.455345e-01 visible=6040 contrib=4350
  [COMPLETE] OCS_total=3.098033e-01 visible=5774 contrib=4233
  [COMPLETE] OCS_total=2.871997e-01 visible=6132 contrib=4003
  [COMPLETE] OCS_total=2.018528e-01 visible=6279 contrib=3718
  [COMPLETE] OCS_total=1.174239e-01 visible=6396 contrib=3541
  [COMPLETE] OCS_total=6.576958e-02 visible=6396 contrib=3435
  [COMPLETE] OCS_total=4.222377e-02 visible=6299 contrib=4115
  [COMPLETE] OCS_total=3.412113e-02 visible=6121 contrib=3696
  [COMPLETE] OCS_total=3.079895e-02 visible=5934 contrib=3401
  [COMPLETE] OCS_total=7.325681e-02 visible=5789 contrib=4375
  [COMPLETE] OCS_total=1.332619e-01 visible=5873 contrib=4171
  [COMPLETE] OCS_total=1.981461e-01 visible=6123 contrib=4084
  [COMPLETE] OCS_total=1.917010e-01 visible=6207 contrib=3868
  [COMPLETE] OCS_total=1.269907e-01 visible=6138 contrib=3744
  [COMPLETE] OCS_total=6.636857e-02 visible=5861 contrib=3530
  [COMPLETE] OCS_total=4.032053e-02 visible=5782 contrib=3248
  [COMPLETE] OCS_total=3.111424e-02 visible=6004 contrib=2946
  [COMPLETE] OCS_total=2.710667e-02 visible=6055 contrib=2688
  [COMPLETE] OCS_total=2.452266e-02 visible=6009 contrib=3906
  [COMPLETE] OCS_total=2.363178e-02 visible=5824 contrib=3361
  [COMPLETE] OCS_total=2.255463e-02 visible=5602 contrib=2819
  [COMPLETE] OCS_total=2.025739e-02 visible=5301 contrib=2240
  [COMPLETE] OCS_total=3.302861e-02 visible=5426 contrib=3574
  [COMPLETE] OCS_total=3.501960e-02 visible=5617 contrib=3376
  [COMPLETE] OCS_total=3.354196e-02 visible=5868 contrib=3255
  [COMPLETE] OCS_total=3.009267e-02 visible=5971 contrib=3049
  [COMPLETE] OCS_total=2.748182e-02 visible=5897 contrib=2878
  [COMPLETE] OCS_total=2.606595e-02 visible=5574 contrib=3223
  [COMPLETE] OCS_total=2.497233e-02 visible=5059 contrib=2408
  [COMPLETE] OCS_total=2.301469e-02 visible=5295 contrib=4262
  [COMPLETE] OCS_total=1.979165e-02 visible=5367 contrib=5305
  [COMPLETE] OCS_total=1.805855e-02 visible=5275 contrib=5227
  [COMPLETE] OCS_total=1.669615e-02 visible=5032 contrib=4961
  [COMPLETE] OCS_total=1.698325e-02 visible=4728 contrib=4643
  [COMPLETE] OCS_total=1.664962e-02 visible=4363 contrib=4258
  [COMPLETE] OCS_total=2.482248e-02 visible=4815 contrib=2625
  [COMPLETE] OCS_total=2.634143e-02 visible=5018 contrib=4379
  [COMPLETE] OCS_total=2.401561e-02 visible=5320 contrib=4092
  [COMPLETE] OCS_total=2.152153e-02 visible=5433 contrib=3664
  [COMPLETE] OCS_total=1.985906e-02 visible=5289 contrib=5130
  [COMPLETE] OCS_total=1.951185e-02 visible=4924 contrib=4760
  [COMPLETE] OCS_total=2.158809e-02 visible=4315 contrib=4182
  [COMPLETE] OCS_total=1.914080e-02 visible=4331 contrib=4239
  [COMPLETE] OCS_total=1.448587e-02 visible=4442 contrib=4376
  [COMPLETE] OCS_total=1.336254e-02 visible=4451 contrib=4358
  [COMPLETE] OCS_total=1.340417e-02 visible=4236 contrib=4109
  [COMPLETE] OCS_total=1.555839e-02 visible=3966 contrib=3801
  [COMPLETE] OCS_total=1.503961e-02 visible=3570 contrib=3423
  [COMPLETE] OCS_total=1.688486e-02 visible=3928 contrib=3829
  [COMPLETE] OCS_total=1.922526e-02 visible=4169 contrib=3551
  [COMPLETE] OCS_total=1.679346e-02 visible=4533 contrib=3257
  [COMPLETE] OCS_total=1.612481e-02 visible=4694 contrib=4505
  [COMPLETE] OCS_total=1.576394e-02 visible=4684 contrib=4498
  [COMPLETE] OCS_total=1.630501e-02 visible=4443 contrib=4259
  [COMPLETE] OCS_total=1.864116e-02 visible=4073 contrib=3689
  [COMPLETE] OCS_total=1.941543e-02 visible=4359 contrib=3685
  [COMPLETE] OCS_total=1.721812e-02 visible=4785 contrib=4000
  [COMPLETE] OCS_total=1.724135e-02 visible=5070 contrib=4132
  [COMPLETE] OCS_total=1.742611e-02 visible=5075 contrib=4085
  [COMPLETE] OCS_total=1.857915e-02 visible=4788 contrib=3771
  [COMPLETE] OCS_total=2.915754e-02 visible=4375 contrib=3412
  [COMPLETE] OCS_total=1.550687e-02 visible=3806 contrib=3302
  [COMPLETE] OCS_total=1.584418e-02 visible=4037 contrib=2976
  [COMPLETE] OCS_total=1.524116e-02 visible=4487 contrib=3754
  [COMPLETE] OCS_total=1.684452e-02 visible=4894 contrib=4085
  [COMPLETE] OCS_total=1.807561e-02 visible=5132 contrib=4160
  [COMPLETE] OCS_total=2.034547e-02 visible=5214 contrib=4044
  [COMPLETE] OCS_total=2.656060e-02 visible=5102 contrib=3681
  [COMPLETE] OCS_total=5.088258e-02 visible=5074 contrib=3399
  [COMPLETE] OCS_total=2.195708e-02 visible=5475 contrib=3662
  [COMPLETE] OCS_total=2.001503e-02 visible=5739 contrib=3808
  [COMPLETE] OCS_total=1.928843e-02 visible=5736 contrib=3760
  [COMPLETE] OCS_total=2.126109e-02 visible=5475 contrib=3507
  [COMPLETE] OCS_total=4.008623e-02 visible=5127 contrib=3082
  [COMPLETE] OCS_total=2.344706e-02 visible=4887 contrib=3213
  [COMPLETE] OCS_total=4.129960e-02 visible=4944 contrib=2852
  [COMPLETE] OCS_total=2.029546e-02 visible=5289 contrib=3543
  [COMPLETE] OCS_total=2.078229e-02 visible=5620 contrib=3836
  [COMPLETE] OCS_total=2.203265e-02 visible=5850 contrib=3923
  [COMPLETE] OCS_total=2.433456e-02 visible=5925 contrib=3815
  [COMPLETE] OCS_total=4.672011e-02 visible=5852 contrib=3512
  [COMPLETE] OCS_total=1.819999e-01 visible=5564 contrib=2778
  [COMPLETE] OCS_total=2.632180e-02 visible=5935 contrib=3168
  [COMPLETE] OCS_total=1.955818e-02 visible=6127 contrib=3236
  [COMPLETE] OCS_total=1.838476e-02 visible=6099 contrib=3274
  [COMPLETE] OCS_total=1.828414e-02 visible=5910 contrib=3027
  [COMPLETE] OCS_total=2.501403e-02 visible=5632 contrib=2710
  [COMPLETE] OCS_total=4.295246e-02 visible=5694 contrib=2894
  [COMPLETE] OCS_total=1.746112e-01 visible=5654 contrib=2617
  [COMPLETE] OCS_total=2.901702e-02 visible=5857 contrib=3151
  [COMPLETE] OCS_total=2.409485e-02 visible=6083 contrib=3432
  [COMPLETE] OCS_total=2.195445e-02 visible=6250 contrib=3516
  [COMPLETE] OCS_total=2.324200e-02 visible=6310 contrib=3406
  [COMPLETE] OCS_total=2.239630e-02 visible=6249 contrib=3138
  [COMPLETE] OCS_total=2.712093e-02 visible=6061 contrib=2302
  [COMPLETE] OCS_total=2.057256e-02 visible=5951 contrib=2374
  [COMPLETE] OCS_total=1.621057e-02 visible=6126 contrib=2467
  [COMPLETE] OCS_total=1.491945e-02 visible=6152 contrib=2498
  [COMPLETE] OCS_total=1.435305e-02 visible=6045 contrib=2383
  [COMPLETE] OCS_total=1.526555e-02 visible=5848 contrib=2145
  [COMPLETE] OCS_total=2.138369e-02 visible=6116 contrib=2557
  [COMPLETE] OCS_total=2.728591e-02 visible=5980 contrib=2309
  [COMPLETE] OCS_total=2.110143e-02 visible=6109 contrib=2610
  [COMPLETE] OCS_total=2.009815e-02 visible=6221 contrib=2812
  [COMPLETE] OCS_total=1.876700e-02 visible=6310 contrib=2877
  [COMPLETE] OCS_total=1.830962e-02 visible=6335 contrib=2818
  [COMPLETE] OCS_total=1.748329e-02 visible=6295 contrib=2664
  [COMPLETE] OCS_total=1.647840e-02 visible=6167 contrib=2389
  [COMPLETE] OCS_total=1.793049e-02 visible=6002 contrib=5345
  [COMPLETE] OCS_total=1.500722e-02 visible=5735 contrib=5420
  [COMPLETE] OCS_total=1.520732e-02 visible=5825 contrib=5530
  [COMPLETE] OCS_total=1.569831e-02 visible=5806 contrib=5520
  [COMPLETE] OCS_total=1.648935e-02 visible=5680 contrib=5492
  [COMPLETE] OCS_total=1.634784e-02 visible=6119 contrib=2285
  [COMPLETE] OCS_total=1.751341e-02 visible=6049 contrib=1926
  [COMPLETE] OCS_total=1.694776e-02 visible=6026 contrib=1948
  [COMPLETE] OCS_total=1.696666e-02 visible=6102 contrib=5821
  [COMPLETE] OCS_total=1.616363e-02 visible=6153 contrib=5922
  [COMPLETE] OCS_total=1.607441e-02 visible=6176 contrib=5973
  [COMPLETE] OCS_total=1.607682e-02 visible=6141 contrib=5945
  [COMPLETE] OCS_total=1.669814e-02 visible=6084 contrib=5848
  [COMPLETE] OCS_total=2.009445e-02 visible=6005 contrib=5092
  [COMPLETE] OCS_total=2.162039e-02 visible=5909 contrib=5079
  [COMPLETE] OCS_total=2.021640e-02 visible=5814 contrib=5053
  [COMPLETE] OCS_total=1.982446e-02 visible=5648 contrib=5015
  [COMPLETE] OCS_total=1.986608e-02 visible=5457 contrib=4850
  [COMPLETE] OCS_total=1.831015e-02 visible=5796 contrib=5622
  [COMPLETE] OCS_total=1.868794e-02 visible=5857 contrib=5710
  [COMPLETE] OCS_total=1.952448e-02 visible=5908 contrib=5510
  [COMPLETE] OCS_total=1.918159e-02 visible=5957 contrib=5499
  [COMPLETE] OCS_total=1.948418e-02 visible=5968 contrib=5558
  [COMPLETE] OCS_total=1.965334e-02 visible=5982 contrib=5603
  [COMPLETE] OCS_total=1.959432e-02 visible=5994 contrib=5687
  [COMPLETE] OCS_total=1.939681e-02 visible=5945 contrib=5686
  [COMPLETE] OCS_total=2.016670e-02 visible=5911 contrib=4589
  [COMPLETE] OCS_total=2.414132e-02 visible=5926 contrib=4608
  [COMPLETE] OCS_total=2.780855e-02 visible=5947 contrib=4650
  [COMPLETE] OCS_total=2.985146e-02 visible=5961 contrib=4723
  [COMPLETE] OCS_total=3.217175e-02 visible=5962 contrib=4793
  [COMPLETE] OCS_total=2.011843e-02 visible=5500 contrib=4999
  [COMPLETE] OCS_total=1.964108e-02 visible=5570 contrib=5266
  [COMPLETE] OCS_total=2.079407e-02 visible=5672 contrib=4984
  [COMPLETE] OCS_total=2.234274e-02 visible=5902 contrib=5047
  [COMPLETE] OCS_total=2.345889e-02 visible=6080 contrib=5103
  [COMPLETE] OCS_total=2.480073e-02 visible=6185 contrib=5180
  [COMPLETE] OCS_total=2.543196e-02 visible=6292 contrib=5283
  [COMPLETE] OCS_total=2.573403e-02 visible=6335 contrib=5469
  [COMPLETE] OCS_total=2.508254e-02 visible=6314 contrib=5552
  [COMPLETE] OCS_total=2.584165e-02 visible=6257 contrib=4193
  [COMPLETE] OCS_total=2.938014e-02 visible=6152 contrib=4201
  [COMPLETE] OCS_total=3.599834e-02 visible=6020 contrib=4188
  [COMPLETE] OCS_total=5.565768e-02 visible=6142 contrib=4459
  [COMPLETE] OCS_total=2.890081e-02 visible=5835 contrib=4566
  [COMPLETE] OCS_total=2.560464e-02 visible=6038 contrib=4877
  [COMPLETE] OCS_total=2.355232e-02 visible=6074 contrib=5150
  [COMPLETE] OCS_total=2.295043e-02 visible=6001 contrib=4223
  [COMPLETE] OCS_total=2.430178e-02 visible=5884 contrib=4351
  [COMPLETE] OCS_total=2.610252e-02 visible=6158 contrib=4500
  [COMPLETE] OCS_total=2.685404e-02 visible=6309 contrib=4688
  [COMPLETE] OCS_total=2.719344e-02 visible=6411 contrib=4912
  [COMPLETE] OCS_total=2.717808e-02 visible=6378 contrib=5127
  [COMPLETE] OCS_total=2.524449e-02 visible=6250 contrib=5272
  [COMPLETE] OCS_total=2.497387e-02 visible=6078 contrib=3448
  [COMPLETE] OCS_total=2.571403e-02 visible=5896 contrib=3499
  [COMPLETE] OCS_total=2.762648e-02 visible=5898 contrib=3682
  [COMPLETE] OCS_total=4.611485e-02 visible=5836 contrib=3805
  [COMPLETE] OCS_total=3.072888e-02 visible=6112 contrib=4212
  [COMPLETE] OCS_total=2.553364e-02 visible=6197 contrib=4586
  [COMPLETE] OCS_total=2.346420e-02 visible=6157 contrib=4974
  [COMPLETE] OCS_total=2.187263e-02 visible=5906 contrib=3445
  [COMPLETE] OCS_total=2.198112e-02 visible=5737 contrib=3579
  [COMPLETE] OCS_total=2.273186e-02 visible=5981 contrib=3765
  [COMPLETE] OCS_total=2.379012e-02 visible=6063 contrib=4104
  [COMPLETE] OCS_total=2.355135e-02 visible=6025 contrib=4347
  [COMPLETE] OCS_total=2.256937e-02 visible=5833 contrib=4535
  [COMPLETE] OCS_total=2.122901e-02 visible=5628 contrib=4780
  [COMPLETE] OCS_total=2.038304e-02 visible=5353 contrib=5023
  [COMPLETE] OCS_total=1.951590e-02 visible=5307 contrib=2735
  [COMPLETE] OCS_total=2.158816e-02 visible=5500 contrib=2871
  [COMPLETE] OCS_total=2.119115e-02 visible=5820 contrib=3366
  [COMPLETE] OCS_total=2.257953e-02 visible=5962 contrib=3859
  [COMPLETE] OCS_total=2.300476e-02 visible=5932 contrib=4281
  [COMPLETE] OCS_total=2.050929e-02 visible=5666 contrib=4619
  [COMPLETE] OCS_total=1.722199e-02 visible=5105 contrib=4773
  [COMPLETE] OCS_total=1.553641e-02 visible=5257 contrib=2738
  [COMPLETE] OCS_total=1.689763e-02 visible=5376 contrib=2983
  [COMPLETE] OCS_total=1.837230e-02 visible=5316 contrib=3313
  [COMPLETE] OCS_total=1.839007e-02 visible=5106 contrib=3558
  [COMPLETE] OCS_total=1.803458e-02 visible=4792 contrib=3766
  [COMPLETE] OCS_total=1.733380e-02 visible=4452 contrib=4039
  [COMPLETE] OCS_total=1.767703e-02 visible=4432 contrib=4345
  [COMPLETE] OCS_total=1.323243e-02 visible=4902 contrib=1895
  [COMPLETE] OCS_total=1.404365e-02 visible=5240 contrib=2402
  [COMPLETE] OCS_total=1.571050e-02 visible=5421 contrib=2966
  [COMPLETE] OCS_total=1.788987e-02 visible=5382 contrib=3412
  [COMPLETE] OCS_total=1.866433e-02 visible=5060 contrib=3760
  [COMPLETE] OCS_total=1.720257e-02 visible=4536 contrib=3967
  [COMPLETE] OCS_total=1.440042e-02 visible=4300 contrib=4141
  [COMPLETE] OCS_total=1.357848e-02 visible=4427 contrib=4231
  [COMPLETE] OCS_total=1.500414e-02 visible=4477 contrib=4229
  [COMPLETE] OCS_total=1.544902e-02 visible=4269 contrib=2440
  [COMPLETE] OCS_total=1.546348e-02 visible=4090 contrib=2684
  [COMPLETE] OCS_total=1.537854e-02 visible=3657 contrib=2843
  [COMPLETE] OCS_total=1.634849e-02 visible=3685 contrib=3253
  [COMPLETE] OCS_total=1.123913e-02 visible=4015 contrib=3888
  [COMPLETE] OCS_total=1.055484e-02 visible=4441 contrib=4325
  [COMPLETE] OCS_total=1.082294e-02 visible=4674 contrib=4595
  [COMPLETE] OCS_total=1.379608e-02 visible=4707 contrib=2528
  [COMPLETE] OCS_total=1.848102e-02 visible=4552 contrib=3035
  [COMPLETE] OCS_total=1.961297e-02 visible=4109 contrib=3183
  [COMPLETE] OCS_total=1.745816e-02 visible=4148 contrib=3525
  [COMPLETE] OCS_total=1.646988e-02 visible=4684 contrib=3737
  [COMPLETE] OCS_total=1.577256e-02 visible=4986 contrib=3739
  [COMPLETE] OCS_total=1.611579e-02 visible=5105 contrib=3576
  [COMPLETE] OCS_total=1.888051e-02 visible=4916 contrib=2344
  [COMPLETE] OCS_total=4.381265e-02 visible=4456 contrib=2408
  [COMPLETE] OCS_total=2.104220e-02 visible=4449 contrib=2806
  [COMPLETE] OCS_total=1.525423e-02 visible=3920 contrib=3555
  [COMPLETE] OCS_total=1.414840e-02 visible=4367 contrib=3976
  [COMPLETE] OCS_total=1.410261e-02 visible=4792 contrib=4252
  [COMPLETE] OCS_total=1.530984e-02 visible=5089 contrib=4335
  [COMPLETE] OCS_total=1.979657e-02 visible=5200 contrib=2593
  [COMPLETE] OCS_total=4.747733e-02 visible=5141 contrib=2931
  [COMPLETE] OCS_total=2.729943e-02 visible=4858 contrib=3097
  [COMPLETE] OCS_total=2.082482e-02 visible=5391 contrib=3375
  [COMPLETE] OCS_total=1.919301e-02 visible=5679 contrib=3382
  [COMPLETE] OCS_total=1.841423e-02 visible=5774 contrib=3242
  [COMPLETE] OCS_total=2.255033e-02 visible=5571 contrib=2836
  [COMPLETE] OCS_total=1.480152e-01 visible=5186 contrib=2119
  [COMPLETE] OCS_total=3.779298e-02 visible=5206 contrib=2520
  [COMPLETE] OCS_total=3.037965e-02 visible=4927 contrib=3518
  [COMPLETE] OCS_total=1.950745e-02 visible=5228 contrib=3730
  [COMPLETE] OCS_total=1.769241e-02 visible=5562 contrib=3943
  [COMPLETE] OCS_total=1.918313e-02 visible=5808 contrib=3981
  [COMPLETE] OCS_total=2.266685e-02 visible=5919 contrib=3827
  [COMPLETE] OCS_total=1.619342e-01 visible=5880 contrib=2486
  [COMPLETE] OCS_total=4.252637e-02 visible=5645 contrib=2597
  [COMPLETE] OCS_total=2.007407e-02 visible=5870 contrib=2847
  [COMPLETE] OCS_total=1.773398e-02 visible=6105 contrib=2923
  [COMPLETE] OCS_total=1.612398e-02 visible=6127 contrib=2806
  [COMPLETE] OCS_total=1.557529e-02 visible=5947 contrib=2393
  [COMPLETE] OCS_total=1.939670e-02 visible=5701 contrib=1733
  [COMPLETE] OCS_total=1.699636e-02 visible=5688 contrib=2148
  [COMPLETE] OCS_total=4.468212e-02 visible=5658 contrib=3220
  [COMPLETE] OCS_total=2.375807e-02 visible=5849 contrib=3323
  [COMPLETE] OCS_total=1.815313e-02 visible=6082 contrib=3439
  [COMPLETE] OCS_total=1.753266e-02 visible=6249 contrib=3438
  [COMPLETE] OCS_total=1.699487e-02 visible=6314 contrib=3311
  [COMPLETE] OCS_total=2.309827e-02 visible=6235 contrib=1981
  [COMPLETE] OCS_total=1.966436e-02 visible=6056 contrib=2053
  [COMPLETE] OCS_total=1.638792e-02 visible=5947 contrib=2236
  [COMPLETE] OCS_total=1.453054e-02 visible=6141 contrib=2318
  [COMPLETE] OCS_total=1.330740e-02 visible=6148 contrib=2247
  [COMPLETE] OCS_total=1.284878e-02 visible=6047 contrib=5640
  [COMPLETE] OCS_total=1.314618e-02 visible=5842 contrib=5100
  [COMPLETE] OCS_total=1.320586e-02 visible=5891 contrib=1760
OVERALL: COMPLETE
=== RENDER phase63 roll+030 (312 subset) ===
  RENDERED:          312
  SKIPPED_EXISTING:  0
  FAILED:            0
[SUCCESS] 312 rendered + 0 skipped = 鍏ㄩ儴瀹屾垚
=== POSTPROCESS phase63 roll+030 ===
  n_labels=312
  [COMPLETE] OCS_total=2.479897e-02 visible=5487 contrib=5088
  [COMPLETE] OCS_total=2.336783e-02 visible=5691 contrib=5195
  [COMPLETE] OCS_total=2.251344e-02 visible=5921 contrib=5285
  [COMPLETE] OCS_total=2.208783e-02 visible=6070 contrib=5243
  [COMPLETE] OCS_total=1.940649e-02 visible=6160 contrib=5117
  [COMPLETE] OCS_total=1.394350e-02 visible=6162 contrib=2555
  [COMPLETE] OCS_total=1.502037e-02 visible=6081 contrib=2646
  [COMPLETE] OCS_total=1.624679e-02 visible=5938 contrib=2694
  [COMPLETE] OCS_total=1.698015e-02 visible=5703 contrib=2695
  [COMPLETE] OCS_total=1.791397e-02 visible=5441 contrib=2644
  [COMPLETE] OCS_total=3.672987e-02 visible=5204 contrib=2459
  [COMPLETE] OCS_total=1.637216e-01 visible=5031 contrib=2204
  [COMPLETE] OCS_total=3.779334e-02 visible=5206 contrib=2520
  [COMPLETE] OCS_total=3.854684e-02 visible=5780 contrib=4824
  [COMPLETE] OCS_total=3.252225e-02 visible=5878 contrib=4869
  [COMPLETE] OCS_total=3.057996e-02 visible=5958 contrib=4857
  [COMPLETE] OCS_total=2.605603e-02 visible=5989 contrib=4693
  [COMPLETE] OCS_total=1.974018e-02 visible=5987 contrib=4630
  [COMPLETE] OCS_total=1.616374e-02 visible=5961 contrib=5694
  [COMPLETE] OCS_total=1.369668e-02 visible=5910 contrib=5505
  [COMPLETE] OCS_total=1.264788e-02 visible=5810 contrib=2186
  [COMPLETE] OCS_total=1.429542e-02 visible=5724 contrib=2178
  [COMPLETE] OCS_total=1.569982e-02 visible=5644 contrib=2114
  [COMPLETE] OCS_total=1.877861e-02 visible=5554 contrib=1982
  [COMPLETE] OCS_total=2.248624e-02 visible=5584 contrib=1922
  [COMPLETE] OCS_total=1.699636e-02 visible=5688 contrib=2148
  [COMPLETE] OCS_total=7.325681e-02 visible=5789 contrib=4375
  [COMPLETE] OCS_total=3.649922e-02 visible=5766 contrib=4285
  [COMPLETE] OCS_total=3.120487e-02 visible=5727 contrib=4203
  [COMPLETE] OCS_total=2.628123e-02 visible=5678 contrib=4113
  [COMPLETE] OCS_total=2.241796e-02 visible=5675 contrib=5360
  [COMPLETE] OCS_total=2.044233e-02 visible=5723 contrib=5286
  [COMPLETE] OCS_total=1.955685e-02 visible=5774 contrib=5313
  [COMPLETE] OCS_total=1.740512e-02 visible=5822 contrib=5207
  [COMPLETE] OCS_total=1.623709e-02 visible=5861 contrib=5174
  [COMPLETE] OCS_total=1.503383e-02 visible=5906 contrib=5036
  [COMPLETE] OCS_total=1.376811e-02 visible=5926 contrib=1586
  [COMPLETE] OCS_total=1.303833e-02 visible=5911 contrib=1721
  [COMPLETE] OCS_total=1.320583e-02 visible=5891 contrib=1760
  [COMPLETE] OCS_total=3.302866e-02 visible=5426 contrib=3574
  [COMPLETE] OCS_total=3.104667e-02 visible=5342 contrib=3428
  [COMPLETE] OCS_total=2.939223e-02 visible=5512 contrib=3383
  [COMPLETE] OCS_total=2.846697e-02 visible=5677 contrib=4975
  [COMPLETE] OCS_total=2.798693e-02 visible=5834 contrib=4967
  [COMPLETE] OCS_total=2.704442e-02 visible=5971 contrib=4976
  [COMPLETE] OCS_total=2.666009e-02 visible=6095 contrib=5018
  [COMPLETE] OCS_total=2.576255e-02 visible=6147 contrib=5015
  [COMPLETE] OCS_total=2.333108e-02 visible=6172 contrib=5006
  [COMPLETE] OCS_total=2.038117e-02 visible=6138 contrib=4970
  [COMPLETE] OCS_total=1.902981e-02 visible=6032 contrib=5189
  [COMPLETE] OCS_total=1.833417e-02 visible=5905 contrib=5624
  [COMPLETE] OCS_total=1.908184e-02 visible=5726 contrib=5402
  [COMPLETE] OCS_total=2.482248e-02 visible=4815 contrib=2625
  [COMPLETE] OCS_total=2.448716e-02 visible=4797 contrib=4443
  [COMPLETE] OCS_total=2.502838e-02 visible=5120 contrib=4320
  [COMPLETE] OCS_total=2.626521e-02 visible=5414 contrib=4312
  [COMPLETE] OCS_total=2.770918e-02 visible=5697 contrib=4288
  [COMPLETE] OCS_total=2.824347e-02 visible=5924 contrib=4369
  [COMPLETE] OCS_total=2.830543e-02 visible=6104 contrib=4434
  [COMPLETE] OCS_total=2.746038e-02 visible=6205 contrib=4555
  [COMPLETE] OCS_total=2.532123e-02 visible=6165 contrib=4608
  [COMPLETE] OCS_total=2.433497e-02 visible=6056 contrib=4751
  [COMPLETE] OCS_total=2.353338e-02 visible=5845 contrib=5655
  [COMPLETE] OCS_total=2.343776e-02 visible=5654 contrib=5267
  [COMPLETE] OCS_total=2.460578e-02 visible=5479 contrib=4956
  [COMPLETE] OCS_total=1.688486e-02 visible=3928 contrib=3829
  [COMPLETE] OCS_total=2.007717e-02 visible=4057 contrib=3587
  [COMPLETE] OCS_total=2.059989e-02 visible=4498 contrib=3493
  [COMPLETE] OCS_total=2.148133e-02 visible=4931 contrib=3444
  [COMPLETE] OCS_total=2.275353e-02 visible=5304 contrib=3475
  [COMPLETE] OCS_total=2.422941e-02 visible=5593 contrib=3556
  [COMPLETE] OCS_total=2.452371e-02 visible=5798 contrib=3633
  [COMPLETE] OCS_total=2.439912e-02 visible=5897 contrib=3803
  [COMPLETE] OCS_total=2.384753e-02 visible=5847 contrib=3916
  [COMPLETE] OCS_total=2.447671e-02 visible=5979 contrib=5430
  [COMPLETE] OCS_total=2.766125e-02 visible=6196 contrib=5258
  [COMPLETE] OCS_total=3.004853e-02 visible=6176 contrib=4997
  [COMPLETE] OCS_total=3.693365e-02 visible=5967 contrib=4655
  [COMPLETE] OCS_total=1.550689e-02 visible=3806 contrib=3302
  [COMPLETE] OCS_total=1.647771e-02 visible=3982 contrib=3035
  [COMPLETE] OCS_total=1.638081e-02 visible=4226 contrib=2780
  [COMPLETE] OCS_total=1.662340e-02 visible=4481 contrib=2633
  [COMPLETE] OCS_total=1.682823e-02 visible=4716 contrib=2557
  [COMPLETE] OCS_total=1.777163e-02 visible=4963 contrib=2613
  [COMPLETE] OCS_total=1.742212e-02 visible=5156 contrib=2662
  [COMPLETE] OCS_total=1.997900e-02 visible=5255 contrib=5066
  [COMPLETE] OCS_total=2.252681e-02 visible=5555 contrib=4963
  [COMPLETE] OCS_total=2.670073e-02 visible=6113 contrib=4983
  [COMPLETE] OCS_total=3.049755e-02 visible=6402 contrib=4893
  [COMPLETE] OCS_total=3.476788e-02 visible=6381 contrib=4566
  [COMPLETE] OCS_total=7.007990e-02 visible=6173 contrib=4184
  [COMPLETE] OCS_total=2.344706e-02 visible=4887 contrib=3213
  [COMPLETE] OCS_total=5.264623e-02 visible=4976 contrib=2821
  [COMPLETE] OCS_total=2.653636e-02 visible=5185 contrib=2539
  [COMPLETE] OCS_total=1.710597e-02 visible=5218 contrib=2313
  [COMPLETE] OCS_total=1.527963e-02 visible=4959 contrib=4136
  [COMPLETE] OCS_total=1.439374e-02 visible=4374 contrib=4119
  [COMPLETE] OCS_total=1.604334e-02 visible=4335 contrib=4148
  [COMPLETE] OCS_total=1.860706e-02 visible=4475 contrib=4101
  [COMPLETE] OCS_total=2.255688e-02 visible=5240 contrib=4228
  [COMPLETE] OCS_total=2.736155e-02 visible=5850 contrib=4273
  [COMPLETE] OCS_total=3.018443e-02 visible=6175 contrib=4158
  [COMPLETE] OCS_total=3.005558e-02 visible=6146 contrib=3796
  [COMPLETE] OCS_total=3.079895e-02 visible=5934 contrib=3401
  [COMPLETE] OCS_total=4.295246e-02 visible=5694 contrib=2894
  [COMPLETE] OCS_total=1.621122e-01 visible=5706 contrib=2511
  [COMPLETE] OCS_total=3.350532e-02 visible=5896 contrib=2336
  [COMPLETE] OCS_total=2.310367e-02 visible=5923 contrib=3873
  [COMPLETE] OCS_total=1.884340e-02 visible=5631 contrib=3951
  [COMPLETE] OCS_total=1.873340e-02 visible=5058 contrib=3878
  [COMPLETE] OCS_total=1.800900e-02 visible=4223 contrib=3576
  [COMPLETE] OCS_total=1.870601e-02 visible=4104 contrib=3333
  [COMPLETE] OCS_total=2.081442e-02 visible=4583 contrib=3210
  [COMPLETE] OCS_total=2.271958e-02 visible=5193 contrib=3271
  [COMPLETE] OCS_total=2.208998e-02 visible=5488 contrib=3098
  [COMPLETE] OCS_total=2.145658e-02 visible=5539 contrib=2783
  [COMPLETE] OCS_total=2.025738e-02 visible=5301 contrib=2240
  [COMPLETE] OCS_total=2.138369e-02 visible=6116 contrib=2557
  [COMPLETE] OCS_total=2.344132e-02 visible=6119 contrib=2173
  [COMPLETE] OCS_total=1.949175e-02 visible=6287 contrib=3061
  [COMPLETE] OCS_total=1.923866e-02 visible=6302 contrib=3423
  [COMPLETE] OCS_total=2.006503e-02 visible=6051 contrib=3618
  [COMPLETE] OCS_total=2.367308e-02 visible=5513 contrib=3532
  [COMPLETE] OCS_total=2.578033e-02 visible=5013 contrib=3195
  [COMPLETE] OCS_total=4.905793e-02 visible=4839 contrib=2950
  [COMPLETE] OCS_total=1.962543e-02 visible=4549 contrib=2549
  [COMPLETE] OCS_total=1.540071e-02 visible=4437 contrib=2232
  [COMPLETE] OCS_total=1.392161e-02 visible=4567 contrib=4495
  [COMPLETE] OCS_total=1.633165e-02 visible=4573 contrib=4471
  [COMPLETE] OCS_total=1.664960e-02 visible=4363 contrib=4258
  [COMPLETE] OCS_total=1.634782e-02 visible=6119 contrib=2108
  [COMPLETE] OCS_total=1.738594e-02 visible=6166 contrib=5490
  [COMPLETE] OCS_total=1.565584e-02 visible=6271 contrib=6063
  [COMPLETE] OCS_total=1.571551e-02 visible=6299 contrib=2836
  [COMPLETE] OCS_total=1.780604e-02 visible=6103 contrib=2971
  [COMPLETE] OCS_total=1.973225e-02 visible=5662 contrib=2790
  [COMPLETE] OCS_total=4.349965e-02 visible=5715 contrib=2724
  [COMPLETE] OCS_total=1.720594e-01 visible=5542 contrib=2528
  [COMPLETE] OCS_total=2.324687e-02 visible=5312 contrib=2268
  [COMPLETE] OCS_total=1.614688e-02 visible=4973 contrib=4130
  [COMPLETE] OCS_total=1.422802e-02 visible=4523 contrib=3983
  [COMPLETE] OCS_total=1.481067e-02 visible=3987 contrib=3717
  [COMPLETE] OCS_total=1.503961e-02 visible=3570 contrib=3423
  [COMPLETE] OCS_total=1.831015e-02 visible=5796 contrib=5622
  [COMPLETE] OCS_total=2.044069e-02 visible=5768 contrib=5417
  [COMPLETE] OCS_total=1.825432e-02 visible=5946 contrib=5848
  [COMPLETE] OCS_total=1.729227e-02 visible=5962 contrib=5838
  [COMPLETE] OCS_total=1.669577e-02 visible=5869 contrib=5555
  [COMPLETE] OCS_total=1.819816e-02 visible=6085 contrib=5301
  [COMPLETE] OCS_total=2.134906e-02 visible=6138 contrib=2226
  [COMPLETE] OCS_total=2.422419e-02 visible=6021 contrib=2079
  [COMPLETE] OCS_total=1.835942e-02 visible=5816 contrib=3755
  [COMPLETE] OCS_total=1.713727e-02 visible=5546 contrib=3816
  [COMPLETE] OCS_total=1.672355e-02 visible=5181 contrib=3727
  [COMPLETE] OCS_total=1.867511e-02 visible=4744 contrib=3599
  [COMPLETE] OCS_total=2.915754e-02 visible=4375 contrib=3412
  [COMPLETE] OCS_total=2.011833e-02 visible=5500 contrib=4999
  [COMPLETE] OCS_total=2.104262e-02 visible=5300 contrib=4830
  [COMPLETE] OCS_total=2.070017e-02 visible=5553 contrib=5102
  [COMPLETE] OCS_total=1.988763e-02 visible=5807 contrib=5169
  [COMPLETE] OCS_total=1.959021e-02 visible=5997 contrib=5132
  [COMPLETE] OCS_total=1.980853e-02 visible=6121 contrib=5001
  [COMPLETE] OCS_total=1.868276e-02 visible=6187 contrib=4778
  [COMPLETE] OCS_total=1.375798e-02 visible=6136 contrib=4409
  [COMPLETE] OCS_total=1.488979e-02 visible=6008 contrib=3243
  [COMPLETE] OCS_total=1.595211e-02 visible=5820 contrib=3334
  [COMPLETE] OCS_total=1.724783e-02 visible=5593 contrib=3334
  [COMPLETE] OCS_total=2.121932e-02 visible=5314 contrib=3230
  [COMPLETE] OCS_total=4.008618e-02 visible=5127 contrib=3082
  [COMPLETE] OCS_total=2.890081e-02 visible=5835 contrib=4566
  [COMPLETE] OCS_total=3.975969e-02 visible=5715 contrib=4456
  [COMPLETE] OCS_total=3.403899e-02 visible=5670 contrib=4402
  [COMPLETE] OCS_total=2.485625e-02 visible=5755 contrib=4464
  [COMPLETE] OCS_total=2.237752e-02 visible=5858 contrib=4494
  [COMPLETE] OCS_total=2.097694e-02 visible=5937 contrib=4461
  [COMPLETE] OCS_total=1.732991e-02 visible=5976 contrib=4365
  [COMPLETE] OCS_total=1.424410e-02 visible=5993 contrib=5858
  [COMPLETE] OCS_total=1.329043e-02 visible=5970 contrib=5811
  [COMPLETE] OCS_total=1.282552e-02 visible=5894 contrib=2651
  [COMPLETE] OCS_total=1.516340e-02 visible=5823 contrib=2722
  [COMPLETE] OCS_total=1.810481e-02 visible=5751 contrib=2742
  [COMPLETE] OCS_total=2.501403e-02 visible=5632 contrib=2710
  [COMPLETE] OCS_total=4.611485e-02 visible=5836 contrib=3805
  [COMPLETE] OCS_total=1.321899e-01 visible=5883 contrib=3891
  [COMPLETE] OCS_total=1.756371e-01 visible=5895 contrib=3734
  [COMPLETE] OCS_total=7.931080e-02 visible=5903 contrib=3848
  [COMPLETE] OCS_total=3.090215e-02 visible=5897 contrib=3895
  [COMPLETE] OCS_total=2.340877e-02 visible=5880 contrib=3954
  [COMPLETE] OCS_total=1.904711e-02 visible=5840 contrib=3995
  [COMPLETE] OCS_total=1.725461e-02 visible=5783 contrib=5497
  [COMPLETE] OCS_total=1.574636e-02 visible=5736 contrib=5503
  [COMPLETE] OCS_total=1.526359e-02 visible=5757 contrib=5573
  [COMPLETE] OCS_total=1.454352e-02 visible=5797 contrib=5585
  [COMPLETE] OCS_total=1.471054e-02 visible=5808 contrib=5616
  [COMPLETE] OCS_total=1.526554e-02 visible=5848 contrib=2317
  [COMPLETE] OCS_total=2.158805e-02 visible=5500 contrib=2871
  [COMPLETE] OCS_total=2.642217e-02 visible=5686 contrib=3101
  [COMPLETE] OCS_total=3.790269e-02 visible=5856 contrib=2908
  [COMPLETE] OCS_total=4.910140e-02 visible=5999 contrib=3092
  [COMPLETE] OCS_total=4.251083e-02 visible=6096 contrib=3280
  [COMPLETE] OCS_total=3.034855e-02 visible=6167 contrib=3521
  [COMPLETE] OCS_total=2.531096e-02 visible=6183 contrib=5193
  [COMPLETE] OCS_total=2.467453e-02 visible=6137 contrib=5241
  [COMPLETE] OCS_total=2.340573e-02 visible=6030 contrib=5279
  [COMPLETE] OCS_total=2.131139e-02 visible=5900 contrib=5298
  [COMPLETE] OCS_total=1.918353e-02 visible=5705 contrib=5311
  [COMPLETE] OCS_total=1.682490e-02 visible=5519 contrib=5256
  [COMPLETE] OCS_total=1.648935e-02 visible=5680 contrib=5492
  [COMPLETE] OCS_total=1.323237e-02 visible=4902 contrib=1895
  [COMPLETE] OCS_total=1.516384e-02 visible=5189 contrib=2264
  [COMPLETE] OCS_total=1.617643e-02 visible=5484 contrib=2712
  [COMPLETE] OCS_total=1.877601e-02 visible=5742 contrib=2254
  [COMPLETE] OCS_total=2.221606e-02 visible=5974 contrib=2561
  [COMPLETE] OCS_total=2.761387e-02 visible=6130 contrib=4587
  [COMPLETE] OCS_total=3.335629e-02 visible=6196 contrib=4640
  [COMPLETE] OCS_total=3.476658e-02 visible=6154 contrib=4652
  [COMPLETE] OCS_total=3.265351e-02 visible=6022 contrib=4691
  [COMPLETE] OCS_total=2.895370e-02 visible=5785 contrib=4703
  [COMPLETE] OCS_total=2.486654e-02 visible=5656 contrib=4701
  [COMPLETE] OCS_total=2.179215e-02 visible=5443 contrib=4735
  [COMPLETE] OCS_total=1.986608e-02 visible=5457 contrib=4850
  [COMPLETE] OCS_total=1.123913e-02 visible=4015 contrib=3888
  [COMPLETE] OCS_total=1.154047e-02 visible=4482 contrib=4376
  [COMPLETE] OCS_total=1.214134e-02 visible=4886 contrib=4807
  [COMPLETE] OCS_total=1.303835e-02 visible=5273 contrib=5201
  [COMPLETE] OCS_total=1.531960e-02 visible=5566 contrib=3803
  [COMPLETE] OCS_total=1.900411e-02 visible=5785 contrib=3774
  [COMPLETE] OCS_total=2.368429e-02 visible=5901 contrib=3777
  [COMPLETE] OCS_total=3.062225e-02 visible=5862 contrib=3816
  [COMPLETE] OCS_total=5.249599e-02 visible=5950 contrib=3893
  [COMPLETE] OCS_total=9.407482e-02 visible=6187 contrib=4182
  [COMPLETE] OCS_total=9.587675e-02 visible=6188 contrib=4448
  [COMPLETE] OCS_total=5.467666e-02 visible=6006 contrib=4607
  [COMPLETE] OCS_total=3.217175e-02 visible=5962 contrib=4793
  [COMPLETE] OCS_total=1.525425e-02 visible=3920 contrib=3555
  [COMPLETE] OCS_total=1.405745e-02 visible=4184 contrib=3954
  [COMPLETE] OCS_total=1.291623e-02 visible=4398 contrib=4316
  [COMPLETE] OCS_total=1.213312e-02 visible=4672 contrib=4579
  [COMPLETE] OCS_total=1.223196e-02 visible=4899 contrib=4794
  [COMPLETE] OCS_total=1.363330e-02 visible=5091 contrib=4984
  [COMPLETE] OCS_total=1.685004e-02 visible=5257 contrib=2718
  [COMPLETE] OCS_total=2.248595e-02 visible=5383 contrib=2678
  [COMPLETE] OCS_total=2.924983e-02 visible=6013 contrib=3193
  [COMPLETE] OCS_total=5.487678e-02 visible=6356 contrib=3632
  [COMPLETE] OCS_total=1.451896e-01 visible=6420 contrib=3937
  [COMPLETE] OCS_total=1.428307e-01 visible=6227 contrib=4141
  [COMPLETE] OCS_total=5.565755e-02 visible=6142 contrib=4459
  [COMPLETE] OCS_total=3.037965e-02 visible=4927 contrib=3518
  [COMPLETE] OCS_total=2.021760e-02 visible=5152 contrib=3825
  [COMPLETE] OCS_total=1.733973e-02 visible=5255 contrib=4155
  [COMPLETE] OCS_total=1.595483e-02 visible=5068 contrib=4318
  [COMPLETE] OCS_total=1.459589e-02 visible=4598 contrib=4289
  [COMPLETE] OCS_total=1.442838e-02 visible=4384 contrib=4261
  [COMPLETE] OCS_total=1.678415e-02 visible=4287 contrib=4153
  [COMPLETE] OCS_total=2.028141e-02 visible=5024 contrib=4349
  [COMPLETE] OCS_total=2.163459e-02 visible=5696 contrib=4485
  [COMPLETE] OCS_total=2.283144e-02 visible=6087 contrib=2830
  [COMPLETE] OCS_total=2.635753e-02 visible=6186 contrib=3131
  [COMPLETE] OCS_total=2.953336e-02 visible=6015 contrib=3394
  [COMPLETE] OCS_total=2.762648e-02 visible=5898 contrib=3682
  [COMPLETE] OCS_total=4.468212e-02 visible=5658 contrib=3220
  [COMPLETE] OCS_total=2.648303e-02 visible=5836 contrib=3473
  [COMPLETE] OCS_total=2.039304e-02 visible=5937 contrib=3825
  [COMPLETE] OCS_total=1.969874e-02 visible=5765 contrib=3967
  [COMPLETE] OCS_total=1.898097e-02 visible=5277 contrib=3931
  [COMPLETE] OCS_total=1.883858e-02 visible=4512 contrib=3689
  [COMPLETE] OCS_total=1.887771e-02 visible=3858 contrib=3329
  [COMPLETE] OCS_total=1.765051e-02 visible=4401 contrib=3501
  [COMPLETE] OCS_total=1.577457e-02 visible=5034 contrib=4891
  [COMPLETE] OCS_total=1.649905e-02 visible=5449 contrib=5316
  [COMPLETE] OCS_total=1.765378e-02 visible=5538 contrib=4480
  [COMPLETE] OCS_total=1.943069e-02 visible=5402 contrib=4910
  [COMPLETE] OCS_total=1.951560e-02 visible=5307 contrib=2735
  [COMPLETE] OCS_total=2.724080e-02 visible=6083 contrib=2678
  [COMPLETE] OCS_total=2.070747e-02 visible=6246 contrib=3014
  [COMPLETE] OCS_total=1.933597e-02 visible=6331 contrib=3320
  [COMPLETE] OCS_total=2.154882e-02 visible=6146 contrib=3457
  [COMPLETE] OCS_total=2.253970e-02 visible=5685 contrib=3381
  [COMPLETE] OCS_total=4.816904e-02 visible=4992 contrib=3053
  [COMPLETE] OCS_total=2.716923e-02 visible=4901 contrib=3113
  [COMPLETE] OCS_total=1.825084e-02 visible=4639 contrib=3906
  [COMPLETE] OCS_total=1.482779e-02 visible=4368 contrib=4172
  [COMPLETE] OCS_total=1.504679e-02 visible=4536 contrib=4380
  [COMPLETE] OCS_total=1.566500e-02 visible=4594 contrib=4478
  [COMPLETE] OCS_total=1.670738e-02 visible=4433 contrib=4009
  [COMPLETE] OCS_total=1.767693e-02 visible=4432 contrib=4345
  [COMPLETE] OCS_total=1.586562e-02 visible=6099 contrib=2129
  [COMPLETE] OCS_total=1.549514e-02 visible=6263 contrib=2422
  [COMPLETE] OCS_total=1.613692e-02 visible=6313 contrib=2661
  [COMPLETE] OCS_total=1.782652e-02 visible=6129 contrib=2711
  [COMPLETE] OCS_total=2.480863e-02 visible=5719 contrib=2633
  [COMPLETE] OCS_total=1.705853e-01 visible=5743 contrib=2654
  [COMPLETE] OCS_total=4.574075e-02 visible=5562 contrib=3396
  [COMPLETE] OCS_total=2.053259e-02 visible=5353 contrib=3636
  [COMPLETE] OCS_total=1.715656e-02 visible=5059 contrib=3656
  [COMPLETE] OCS_total=1.636570e-02 visible=4615 contrib=3688
  [COMPLETE] OCS_total=1.547057e-02 visible=4088 contrib=3437
  [COMPLETE] OCS_total=1.512139e-02 visible=3599 contrib=2883
  [COMPLETE] OCS_total=1.634849e-02 visible=3685 contrib=3253
  [COMPLETE] OCS_total=1.936355e-02 visible=5774 contrib=5477
  [COMPLETE] OCS_total=1.780485e-02 visible=5950 contrib=5659
  [COMPLETE] OCS_total=1.609666e-02 visible=5977 contrib=5727
  [COMPLETE] OCS_total=1.475361e-02 visible=5863 contrib=5482
  [COMPLETE] OCS_total=1.953334e-02 visible=6094 contrib=2053
  [COMPLETE] OCS_total=2.520173e-02 visible=6136 contrib=2110
  [COMPLETE] OCS_total=2.051098e-02 visible=6019 contrib=3080
  [COMPLETE] OCS_total=2.026664e-02 visible=5842 contrib=3240
  [COMPLETE] OCS_total=1.912254e-02 visible=5529 contrib=3263
  [COMPLETE] OCS_total=1.798652e-02 visible=5170 contrib=3171
  [COMPLETE] OCS_total=1.858729e-02 visible=4738 contrib=2952
  [COMPLETE] OCS_total=3.575474e-02 visible=4362 contrib=2538
  [COMPLETE] OCS_total=2.104220e-02 visible=4449 contrib=2806
OVERALL: COMPLETE
=== RENDER phase63 roll-030 (312 subset) ===
  RENDERED:          312
  SKIPPED_EXISTING:  0
  FAILED:            0
[SUCCESS] 312 rendered + 0 skipped = 鍏ㄩ儴瀹屾垚
=== POSTPROCESS phase63 roll-030 ===
  n_labels=312
  [COMPLETE] OCS_total=4.468212e-02 visible=5658 contrib=3220
  [COMPLETE] OCS_total=2.525992e-02 visible=5824 contrib=3289
  [COMPLETE] OCS_total=1.753729e-02 visible=6007 contrib=3281
  [COMPLETE] OCS_total=1.531177e-02 visible=6177 contrib=3283
  [COMPLETE] OCS_total=1.334516e-02 visible=6313 contrib=3228
  [COMPLETE] OCS_total=1.180675e-02 visible=6367 contrib=4512
  [COMPLETE] OCS_total=1.719594e-02 visible=6324 contrib=4748
  [COMPLETE] OCS_total=2.052106e-02 visible=6215 contrib=4917
  [COMPLETE] OCS_total=2.245403e-02 visible=6053 contrib=5082
  [COMPLETE] OCS_total=2.487804e-02 visible=5892 contrib=5151
  [COMPLETE] OCS_total=2.725459e-02 visible=5642 contrib=5081
  [COMPLETE] OCS_total=2.725336e-02 visible=5330 contrib=4818
  [COMPLETE] OCS_total=2.460578e-02 visible=5479 contrib=4956
  [COMPLETE] OCS_total=2.724081e-02 visible=6083 contrib=2678
  [COMPLETE] OCS_total=2.027756e-02 visible=6128 contrib=2725
  [COMPLETE] OCS_total=1.582793e-02 visible=6186 contrib=2729
  [COMPLETE] OCS_total=1.277083e-02 visible=6237 contrib=2674
  [COMPLETE] OCS_total=1.405885e-02 visible=6263 contrib=6082
  [COMPLETE] OCS_total=1.578017e-02 visible=6255 contrib=6042
  [COMPLETE] OCS_total=1.968828e-02 visible=6203 contrib=4404
  [COMPLETE] OCS_total=2.509564e-02 visible=6147 contrib=4567
  [COMPLETE] OCS_total=2.808776e-02 visible=6053 contrib=4601
  [COMPLETE] OCS_total=3.146988e-02 visible=5943 contrib=4616
  [COMPLETE] OCS_total=4.545019e-02 visible=5818 contrib=4537
  [COMPLETE] OCS_total=5.621048e-02 visible=5850 contrib=4571
  [COMPLETE] OCS_total=3.693365e-02 visible=5967 contrib=4655
  [COMPLETE] OCS_total=1.586562e-02 visible=6099 contrib=2129
  [COMPLETE] OCS_total=1.643834e-02 visible=6070 contrib=5616
  [COMPLETE] OCS_total=1.714503e-02 visible=6015 contrib=5754
  [COMPLETE] OCS_total=1.819842e-02 visible=5971 contrib=5788
  [COMPLETE] OCS_total=2.023922e-02 visible=5956 contrib=5772
  [COMPLETE] OCS_total=2.211006e-02 visible=6003 contrib=5744
  [COMPLETE] OCS_total=2.425279e-02 visible=6043 contrib=4151
  [COMPLETE] OCS_total=2.920245e-02 visible=6107 contrib=4156
  [COMPLETE] OCS_total=4.067652e-02 visible=6145 contrib=4157
  [COMPLETE] OCS_total=1.271757e-01 visible=6182 contrib=4087
  [COMPLETE] OCS_total=3.054204e-01 visible=6190 contrib=4082
  [COMPLETE] OCS_total=2.281254e-01 visible=6192 contrib=4235
  [COMPLETE] OCS_total=7.007990e-02 visible=6173 contrib=4184
  [COMPLETE] OCS_total=1.936362e-02 visible=5774 contrib=5477
  [COMPLETE] OCS_total=2.093212e-02 visible=5608 contrib=5402
  [COMPLETE] OCS_total=2.292632e-02 visible=5783 contrib=5389
  [COMPLETE] OCS_total=2.539637e-02 visible=5960 contrib=5365
  [COMPLETE] OCS_total=2.786458e-02 visible=6116 contrib=5382
  [COMPLETE] OCS_total=2.985786e-02 visible=6249 contrib=5410
  [COMPLETE] OCS_total=3.200878e-02 visible=6355 contrib=5439
  [COMPLETE] OCS_total=4.077664e-02 visible=6399 contrib=3821
  [COMPLETE] OCS_total=6.328503e-02 visible=6386 contrib=3672
  [COMPLETE] OCS_total=7.594600e-02 visible=6298 contrib=3466
  [COMPLETE] OCS_total=5.806251e-02 visible=6183 contrib=3361
  [COMPLETE] OCS_total=3.781787e-02 visible=6077 contrib=3580
  [COMPLETE] OCS_total=3.079900e-02 visible=5934 contrib=3401
  [COMPLETE] OCS_total=2.479897e-02 visible=5487 contrib=5088
  [COMPLETE] OCS_total=2.629043e-02 visible=5409 contrib=4809
  [COMPLETE] OCS_total=3.040443e-02 visible=5649 contrib=4760
  [COMPLETE] OCS_total=3.302793e-02 visible=5798 contrib=4788
  [COMPLETE] OCS_total=3.796106e-02 visible=6084 contrib=4827
  [COMPLETE] OCS_total=4.075534e-02 visible=6239 contrib=4812
  [COMPLETE] OCS_total=3.890721e-02 visible=6345 contrib=4823
  [COMPLETE] OCS_total=3.335503e-02 visible=6358 contrib=4850
  [COMPLETE] OCS_total=2.849242e-02 visible=6261 contrib=2947
  [COMPLETE] OCS_total=2.567127e-02 visible=6047 contrib=2651
  [COMPLETE] OCS_total=2.382787e-02 visible=5835 contrib=3221
  [COMPLETE] OCS_total=2.257140e-02 visible=5565 contrib=2705
  [COMPLETE] OCS_total=2.025738e-02 visible=5301 contrib=2240
  [COMPLETE] OCS_total=3.854684e-02 visible=5780 contrib=4824
  [COMPLETE] OCS_total=7.327736e-02 visible=5890 contrib=4682
  [COMPLETE] OCS_total=1.400538e-01 visible=6096 contrib=4507
  [COMPLETE] OCS_total=1.371526e-01 visible=6110 contrib=4239
  [COMPLETE] OCS_total=7.028513e-02 visible=5922 contrib=3901
  [COMPLETE] OCS_total=3.800761e-02 visible=5887 contrib=3930
  [COMPLETE] OCS_total=2.971897e-02 visible=5986 contrib=3926
  [COMPLETE] OCS_total=2.541289e-02 visible=5918 contrib=3930
  [COMPLETE] OCS_total=2.173699e-02 visible=5758 contrib=3981
  [COMPLETE] OCS_total=1.888079e-02 visible=5449 contrib=5388
  [COMPLETE] OCS_total=1.749032e-02 visible=5080 contrib=5024
  [COMPLETE] OCS_total=1.719456e-02 visible=4721 contrib=4633
  [COMPLETE] OCS_total=1.664962e-02 visible=4363 contrib=4258
  [COMPLETE] OCS_total=7.325681e-02 visible=5789 contrib=4375
  [COMPLETE] OCS_total=2.158649e-01 visible=5934 contrib=4174
  [COMPLETE] OCS_total=2.205653e-01 visible=6178 contrib=3932
  [COMPLETE] OCS_total=7.421071e-02 visible=6172 contrib=3649
  [COMPLETE] OCS_total=3.470847e-02 visible=5938 contrib=3288
  [COMPLETE] OCS_total=2.871205e-02 visible=5406 contrib=2824
  [COMPLETE] OCS_total=2.289623e-02 visible=5241 contrib=2846
  [COMPLETE] OCS_total=1.931057e-02 visible=5150 contrib=5062
  [COMPLETE] OCS_total=1.641461e-02 visible=4898 contrib=4834
  [COMPLETE] OCS_total=1.427936e-02 visible=4618 contrib=4540
  [COMPLETE] OCS_total=1.284899e-02 visible=4222 contrib=4136
  [COMPLETE] OCS_total=1.488146e-02 visible=3911 contrib=3762
  [COMPLETE] OCS_total=1.503961e-02 visible=3570 contrib=3423
  [COMPLETE] OCS_total=3.302861e-02 visible=5426 contrib=3574
  [COMPLETE] OCS_total=3.719235e-02 visible=5642 contrib=3382
  [COMPLETE] OCS_total=3.211289e-02 visible=5862 contrib=3136
  [COMPLETE] OCS_total=2.656119e-02 visible=5854 contrib=2846
  [COMPLETE] OCS_total=2.440846e-02 visible=5590 contrib=4533
  [COMPLETE] OCS_total=2.421800e-02 visible=5034 contrib=4376
  [COMPLETE] OCS_total=2.248463e-02 visible=4276 contrib=4134
  [COMPLETE] OCS_total=1.587724e-02 visible=4246 contrib=4149
  [COMPLETE] OCS_total=1.422183e-02 visible=4374 contrib=4125
  [COMPLETE] OCS_total=1.621992e-02 visible=4803 contrib=4233
  [COMPLETE] OCS_total=1.709567e-02 visible=4930 contrib=4107
  [COMPLETE] OCS_total=1.922143e-02 visible=4737 contrib=3782
  [COMPLETE] OCS_total=2.915754e-02 visible=4375 contrib=3412
  [COMPLETE] OCS_total=2.482248e-02 visible=4815 contrib=2625
  [COMPLETE] OCS_total=2.573747e-02 visible=5024 contrib=4390
  [COMPLETE] OCS_total=2.227427e-02 visible=5251 contrib=4054
  [COMPLETE] OCS_total=2.017999e-02 visible=5262 contrib=5128
  [COMPLETE] OCS_total=1.863051e-02 visible=4999 contrib=4848
  [COMPLETE] OCS_total=1.870750e-02 visible=4559 contrib=3568
  [COMPLETE] OCS_total=2.014434e-02 visible=3918 contrib=3280
  [COMPLETE] OCS_total=1.893181e-02 visible=4439 contrib=3590
  [COMPLETE] OCS_total=1.882410e-02 visible=5108 contrib=3876
  [COMPLETE] OCS_total=1.905119e-02 visible=5501 contrib=3955
  [COMPLETE] OCS_total=1.937748e-02 visible=5636 contrib=3846
  [COMPLETE] OCS_total=2.220448e-02 visible=5442 contrib=3547
  [COMPLETE] OCS_total=4.008618e-02 visible=5127 contrib=3082
  [COMPLETE] OCS_total=1.688484e-02 visible=3928 contrib=3829
  [COMPLETE] OCS_total=1.903767e-02 visible=4148 contrib=3595
  [COMPLETE] OCS_total=1.667312e-02 visible=4431 contrib=4250
  [COMPLETE] OCS_total=1.554837e-02 visible=4594 contrib=4400
  [COMPLETE] OCS_total=1.524567e-02 visible=4509 contrib=4332
  [COMPLETE] OCS_total=1.860143e-02 visible=4884 contrib=4176
  [COMPLETE] OCS_total=2.664594e-02 visible=5032 contrib=3096
  [COMPLETE] OCS_total=5.071273e-02 visible=5025 contrib=3065
  [COMPLETE] OCS_total=2.213482e-02 visible=5572 contrib=3391
  [COMPLETE] OCS_total=2.069178e-02 visible=5955 contrib=3479
  [COMPLETE] OCS_total=1.909987e-02 visible=6066 contrib=3451
  [COMPLETE] OCS_total=1.870813e-02 visible=5912 contrib=3090
  [COMPLETE] OCS_total=2.501403e-02 visible=5632 contrib=2710
  [COMPLETE] OCS_total=1.550689e-02 visible=3806 contrib=3302
  [COMPLETE] OCS_total=1.604887e-02 visible=3973 contrib=3022
  [COMPLETE] OCS_total=1.590449e-02 visible=4449 contrib=3721
  [COMPLETE] OCS_total=1.755917e-02 visible=4924 contrib=4015
  [COMPLETE] OCS_total=1.935410e-02 visible=5334 contrib=4114
  [COMPLETE] OCS_total=2.175905e-02 visible=5630 contrib=4038
  [COMPLETE] OCS_total=4.607154e-02 visible=5805 contrib=3721
  [COMPLETE] OCS_total=1.802111e-01 visible=5808 contrib=2748
  [COMPLETE] OCS_total=2.572790e-02 visible=5716 contrib=2625
  [COMPLETE] OCS_total=1.847864e-02 visible=6098 contrib=2790
  [COMPLETE] OCS_total=1.638159e-02 visible=6193 contrib=2749
  [COMPLETE] OCS_total=1.483853e-02 visible=6092 contrib=2496
  [COMPLETE] OCS_total=1.526554e-02 visible=5848 contrib=2317
  [COMPLETE] OCS_total=2.344706e-02 visible=4887 contrib=3213
  [COMPLETE] OCS_total=4.007065e-02 visible=4902 contrib=2920
  [COMPLETE] OCS_total=2.122805e-02 visible=5186 contrib=3414
  [COMPLETE] OCS_total=2.157307e-02 visible=5522 contrib=3670
  [COMPLETE] OCS_total=2.161196e-02 visible=5837 contrib=3771
  [COMPLETE] OCS_total=2.385519e-02 visible=6087 contrib=3730
  [COMPLETE] OCS_total=2.261713e-02 visible=6233 contrib=3540
  [COMPLETE] OCS_total=2.572668e-02 visible=6261 contrib=2312
  [COMPLETE] OCS_total=1.888923e-02 visible=6135 contrib=2037
  [COMPLETE] OCS_total=1.409511e-02 visible=5876 contrib=5305
  [COMPLETE] OCS_total=1.490546e-02 visible=5903 contrib=5583
  [COMPLETE] OCS_total=1.520241e-02 visible=5860 contrib=5565
  [COMPLETE] OCS_total=1.648935e-02 visible=5680 contrib=5492
  [COMPLETE] OCS_total=4.295246e-02 visible=5694 contrib=2894
  [COMPLETE] OCS_total=1.845637e-01 visible=5610 contrib=2685
  [COMPLETE] OCS_total=4.320818e-02 visible=5741 contrib=3007
  [COMPLETE] OCS_total=2.502444e-02 visible=5909 contrib=3230
  [COMPLETE] OCS_total=2.099882e-02 visible=6081 contrib=3301
  [COMPLETE] OCS_total=1.993253e-02 visible=6244 contrib=3254
  [COMPLETE] OCS_total=1.857210e-02 visible=6351 contrib=3205
  [COMPLETE] OCS_total=1.605959e-02 visible=6363 contrib=2982
  [COMPLETE] OCS_total=1.914113e-02 visible=6279 contrib=5139
  [COMPLETE] OCS_total=2.099501e-02 visible=6130 contrib=5173
  [COMPLETE] OCS_total=2.003080e-02 visible=5972 contrib=5205
  [COMPLETE] OCS_total=1.964891e-02 visible=5767 contrib=5113
  [COMPLETE] OCS_total=1.986608e-02 visible=5457 contrib=4850
  [COMPLETE] OCS_total=2.138369e-02 visible=6116 contrib=2557
  [COMPLETE] OCS_total=2.874155e-02 visible=5998 contrib=2407
  [COMPLETE] OCS_total=2.382737e-02 visible=5970 contrib=2374
  [COMPLETE] OCS_total=2.002754e-02 visible=6037 contrib=2540
  [COMPLETE] OCS_total=1.833214e-02 visible=6110 contrib=2665
  [COMPLETE] OCS_total=1.636060e-02 visible=6173 contrib=2722
  [COMPLETE] OCS_total=1.553027e-02 visible=6222 contrib=5993
  [COMPLETE] OCS_total=1.652774e-02 visible=6256 contrib=6064
  [COMPLETE] OCS_total=1.851617e-02 visible=6249 contrib=4777
  [COMPLETE] OCS_total=2.249268e-02 visible=6222 contrib=4858
  [COMPLETE] OCS_total=2.653348e-02 visible=6155 contrib=4860
  [COMPLETE] OCS_total=2.858940e-02 visible=6067 contrib=4860
  [COMPLETE] OCS_total=3.217175e-02 visible=5962 contrib=4793
  [COMPLETE] OCS_total=1.634782e-02 visible=6119 contrib=2108
  [COMPLETE] OCS_total=1.680603e-02 visible=6179 contrib=2097
  [COMPLETE] OCS_total=1.700365e-02 visible=6192 contrib=1887
  [COMPLETE] OCS_total=1.824738e-02 visible=6187 contrib=5632
  [COMPLETE] OCS_total=1.867186e-02 visible=6183 contrib=5675
  [COMPLETE] OCS_total=1.913259e-02 visible=6154 contrib=5726
  [COMPLETE] OCS_total=1.892921e-02 visible=6134 contrib=5777
  [COMPLETE] OCS_total=1.872097e-02 visible=6056 contrib=5794
  [COMPLETE] OCS_total=1.873616e-02 visible=6005 contrib=5762
  [COMPLETE] OCS_total=2.075131e-02 visible=6019 contrib=4119
  [COMPLETE] OCS_total=2.559350e-02 visible=6067 contrib=4279
  [COMPLETE] OCS_total=3.120829e-02 visible=6112 contrib=4324
  [COMPLETE] OCS_total=5.565755e-02 visible=6142 contrib=4459
  [COMPLETE] OCS_total=1.831015e-02 visible=5796 contrib=5622
  [COMPLETE] OCS_total=1.740071e-02 visible=5976 contrib=5837
  [COMPLETE] OCS_total=1.767537e-02 visible=6125 contrib=5377
  [COMPLETE] OCS_total=1.948074e-02 visible=6271 contrib=5322
  [COMPLETE] OCS_total=2.102959e-02 visible=6371 contrib=5354
  [COMPLETE] OCS_total=2.230925e-02 visible=6393 contrib=5331
  [COMPLETE] OCS_total=2.349097e-02 visible=6384 contrib=5380
  [COMPLETE] OCS_total=2.373344e-02 visible=6298 contrib=5414
  [COMPLETE] OCS_total=2.337445e-02 visible=6182 contrib=5453
  [COMPLETE] OCS_total=2.226643e-02 visible=6059 contrib=5512
  [COMPLETE] OCS_total=2.235118e-02 visible=5930 contrib=3472
  [COMPLETE] OCS_total=2.464481e-02 visible=5805 contrib=3511
  [COMPLETE] OCS_total=2.762638e-02 visible=5898 contrib=3682
  [COMPLETE] OCS_total=2.011833e-02 visible=5500 contrib=4999
  [COMPLETE] OCS_total=1.875022e-02 visible=5657 contrib=5348
  [COMPLETE] OCS_total=1.884778e-02 visible=5898 contrib=5775
  [COMPLETE] OCS_total=1.953465e-02 visible=6119 contrib=4820
  [COMPLETE] OCS_total=2.151748e-02 visible=6262 contrib=4750
  [COMPLETE] OCS_total=2.364787e-02 visible=6357 contrib=4738
  [COMPLETE] OCS_total=2.431659e-02 visible=6345 contrib=4723
  [COMPLETE] OCS_total=2.473504e-02 visible=6227 contrib=4729
  [COMPLETE] OCS_total=2.342136e-02 visible=6000 contrib=4719
  [COMPLETE] OCS_total=2.251671e-02 visible=5774 contrib=4805
  [COMPLETE] OCS_total=2.082739e-02 visible=5506 contrib=4919
  [COMPLETE] OCS_total=2.018689e-02 visible=5298 contrib=5070
  [COMPLETE] OCS_total=1.951560e-02 visible=5307 contrib=2735
  [COMPLETE] OCS_total=2.890081e-02 visible=5835 contrib=4566
  [COMPLETE] OCS_total=2.419496e-02 visible=6090 contrib=4925
  [COMPLETE] OCS_total=2.205591e-02 visible=6122 contrib=5252
  [COMPLETE] OCS_total=1.938894e-02 visible=5937 contrib=5484
  [COMPLETE] OCS_total=1.952615e-02 visible=5878 contrib=3907
  [COMPLETE] OCS_total=2.041403e-02 visible=5979 contrib=3852
  [COMPLETE] OCS_total=2.137869e-02 visible=5917 contrib=3785
  [COMPLETE] OCS_total=2.164467e-02 visible=5777 contrib=3765
  [COMPLETE] OCS_total=2.087163e-02 visible=5483 contrib=3723
  [COMPLETE] OCS_total=2.000474e-02 visible=5107 contrib=3785
  [COMPLETE] OCS_total=1.904237e-02 visible=4763 contrib=3921
  [COMPLETE] OCS_total=1.747213e-02 visible=4412 contrib=4089
  [COMPLETE] OCS_total=1.767703e-02 visible=4432 contrib=4345
  [COMPLETE] OCS_total=4.611485e-02 visible=5836 contrib=3805
  [COMPLETE] OCS_total=2.656873e-02 visible=6132 contrib=4240
  [COMPLETE] OCS_total=2.423667e-02 visible=6192 contrib=4612
  [COMPLETE] OCS_total=2.165342e-02 visible=6009 contrib=4873
  [COMPLETE] OCS_total=1.828226e-02 visible=5557 contrib=4983
  [COMPLETE] OCS_total=1.625215e-02 visible=5229 contrib=5095
  [COMPLETE] OCS_total=1.483681e-02 visible=5189 contrib=2599
  [COMPLETE] OCS_total=1.772622e-02 visible=4967 contrib=2591
  [COMPLETE] OCS_total=1.738714e-02 visible=4688 contrib=2621
  [COMPLETE] OCS_total=1.674553e-02 visible=4335 contrib=2710
  [COMPLETE] OCS_total=1.655432e-02 visible=4014 contrib=2761
  [COMPLETE] OCS_total=1.588576e-02 visible=3619 contrib=2862
  [COMPLETE] OCS_total=1.634849e-02 visible=3685 contrib=3253
  [COMPLETE] OCS_total=2.158816e-02 visible=5500 contrib=2871
  [COMPLETE] OCS_total=2.058836e-02 visible=5807 contrib=3357
  [COMPLETE] OCS_total=2.195162e-02 visible=5890 contrib=3796
  [COMPLETE] OCS_total=2.231354e-02 visible=5716 contrib=4067
  [COMPLETE] OCS_total=1.961037e-02 visible=5221 contrib=4181
  [COMPLETE] OCS_total=1.573495e-02 visible=4485 contrib=4100
  [COMPLETE] OCS_total=1.402193e-02 visible=4246 contrib=4084
  [COMPLETE] OCS_total=1.348180e-02 visible=4187 contrib=3967
  [COMPLETE] OCS_total=1.372131e-02 visible=4703 contrib=3837
  [COMPLETE] OCS_total=1.533278e-02 visible=4922 contrib=2097
  [COMPLETE] OCS_total=2.539250e-02 visible=4835 contrib=2343
  [COMPLETE] OCS_total=4.773138e-02 visible=4443 contrib=2425
  [COMPLETE] OCS_total=2.104220e-02 visible=4449 contrib=2806
  [COMPLETE] OCS_total=1.323237e-02 visible=4902 contrib=1895
  [COMPLETE] OCS_total=1.383507e-02 visible=5222 contrib=2369
  [COMPLETE] OCS_total=1.535940e-02 visible=5305 contrib=2803
  [COMPLETE] OCS_total=1.793415e-02 visible=5110 contrib=3059
  [COMPLETE] OCS_total=1.953751e-02 visible=4680 contrib=3229
  [COMPLETE] OCS_total=1.932357e-02 visible=4178 contrib=3371
  [COMPLETE] OCS_total=1.763277e-02 visible=4174 contrib=3499
  [COMPLETE] OCS_total=1.685215e-02 visible=4915 contrib=3644
  [COMPLETE] OCS_total=1.686415e-02 visible=5381 contrib=3560
  [COMPLETE] OCS_total=1.670460e-02 visible=5639 contrib=3330
  [COMPLETE] OCS_total=2.930959e-02 visible=5541 contrib=1996
  [COMPLETE] OCS_total=1.490556e-01 visible=5201 contrib=2119
  [COMPLETE] OCS_total=3.779334e-02 visible=5206 contrib=2520
  [COMPLETE] OCS_total=1.123904e-02 visible=4015 contrib=3888
  [COMPLETE] OCS_total=1.044913e-02 visible=4378 contrib=4266
  [COMPLETE] OCS_total=1.078864e-02 visible=4553 contrib=4463
  [COMPLETE] OCS_total=1.469611e-02 visible=4588 contrib=2250
  [COMPLETE] OCS_total=2.106692e-02 visible=4809 contrib=2633
  [COMPLETE] OCS_total=4.717813e-02 visible=5009 contrib=2908
  [COMPLETE] OCS_total=2.679045e-02 visible=5072 contrib=2994
  [COMPLETE] OCS_total=2.080264e-02 visible=5436 contrib=3206
  [COMPLETE] OCS_total=1.744189e-02 visible=5896 contrib=3174
  [COMPLETE] OCS_total=1.558136e-02 visible=6071 contrib=2965
  [COMPLETE] OCS_total=1.515460e-02 visible=5971 contrib=2450
  [COMPLETE] OCS_total=1.867130e-02 visible=5717 contrib=1712
  [COMPLETE] OCS_total=1.699637e-02 visible=5688 contrib=2148
  [COMPLETE] OCS_total=1.525425e-02 visible=3920 contrib=3555
  [COMPLETE] OCS_total=1.431965e-02 visible=4370 contrib=3925
  [COMPLETE] OCS_total=1.407835e-02 visible=4844 contrib=4163
  [COMPLETE] OCS_total=1.545740e-02 visible=5270 contrib=4239
  [COMPLETE] OCS_total=2.198086e-02 visible=5591 contrib=2182
  [COMPLETE] OCS_total=1.556891e-01 visible=5783 contrib=2412
  [COMPLETE] OCS_total=3.980262e-02 visible=5832 contrib=2435
  [COMPLETE] OCS_total=1.777093e-02 visible=5657 contrib=2579
  [COMPLETE] OCS_total=1.570362e-02 visible=6046 contrib=2684
  [COMPLETE] OCS_total=1.341349e-02 visible=6189 contrib=2498
  [COMPLETE] OCS_total=1.287676e-02 visible=6139 contrib=5739
  [COMPLETE] OCS_total=1.359446e-02 visible=5897 contrib=5057
  [COMPLETE] OCS_total=1.320583e-02 visible=5891 contrib=1760
  [COMPLETE] OCS_total=3.037965e-02 visible=4927 contrib=3518
  [COMPLETE] OCS_total=2.047034e-02 visible=5200 contrib=3656
  [COMPLETE] OCS_total=1.727252e-02 visible=5522 contrib=3785
  [COMPLETE] OCS_total=1.784262e-02 visible=5863 contrib=3850
  [COMPLETE] OCS_total=1.620731e-02 visible=6066 contrib=3656
  [COMPLETE] OCS_total=2.098007e-02 visible=6243 contrib=1886
  [COMPLETE] OCS_total=1.896416e-02 visible=6255 contrib=1977
  [COMPLETE] OCS_total=1.654560e-02 visible=6136 contrib=5092
  [COMPLETE] OCS_total=1.663529e-02 visible=5875 contrib=5439
  [COMPLETE] OCS_total=1.792345e-02 visible=5906 contrib=5667
  [COMPLETE] OCS_total=1.959446e-02 visible=5871 contrib=5668
  [COMPLETE] OCS_total=2.012781e-02 visible=5663 contrib=5267
  [COMPLETE] OCS_total=1.908186e-02 visible=5726 contrib=5402
OVERALL: COMPLETE
[MROLL PROBE DONE]
