======================================================================
  OCS Noise Robustness
  Manifest: D:\我的文件\研究生学术\光学项目\0506新\结果\模块A_重构\multi_geom_ggx_yaw73_pitch37\run_20260527_195122\multi_geom_manifest.json
  Image dir: D:\我的文件\研究生学术\光学项目\0506新\结果\模块B_渲染\run_20260528_101944_exact_brdf
  Output: D:\我的文件\研究生学术\光学项目\0506新\论文改进\补充实验\结果\noise_robustness\run_20260601_094130
======================================================================
  [OK] 加载 phase63_backscatter: 2701 样本, 9 维特征
  [OK] 加载 phase24_near_backscatter: 2701 样本, 9 维特征
  [OK] 加载 phase120_forward_scatter: 2701 样本, 9 维特征
  [OK] 加载 phase90_side: 2701 样本, 9 维特征
  [OK] 加载 phase45_overhead: 2701 样本, 9 维特征
  OCS dim=30, N=2701
  Split: train=703 test=1998

======================================================================
  [1/2] OCS-only MLP noise sweep
======================================================================

  Noise level: 0%
    mean=5.91±0.22° Hit5=73.8% Hit10=94.3%

  Noise level: 1%
    mean=5.50±0.39° Hit5=75.3% Hit10=94.9%

  Noise level: 5%
    mean=7.27±0.65° Hit5=63.6% Hit10=90.5%

  Noise level: 10%
    mean=9.99±0.35° Hit5=57.8% Hit10=86.1%

  Noise level: 20%
    mean=17.25±0.71° Hit5=35.8% Hit10=68.5%

======================================================================
  [2/2] Feature Fusion noise sweep (image clean, OCS noisy)
======================================================================
  Loaded 2701 images, shape=(2701, 1, 128, 128)
  Aligned N_common=2701 (img=2701 ocs=2701)
  Fusion split: train=703 test=1998

  Noise level: 0%
    mean=3.93±0.46° Hit5=86.3% Hit10=97.6%

  Noise level: 1%
    mean=3.77±0.49° Hit5=88.1% Hit10=97.7%

  Noise level: 5%
    mean=4.65±0.57° Hit5=82.9% Hit10=96.6%

  Noise level: 10%
    mean=6.69±1.34° Hit5=74.9% Hit10=93.6%

  Noise level: 20%
    mean=10.96±2.51° Hit5=59.6% Hit10=86.7%

================================================================================
  OCS-only MLP per_part_log
================================================================================
  Noise      mean    std      p90     Hit5    Hit10
-------------------------------------------------------
    0%     5.91°  0.22    7.74°   73.8%   94.3%
    1%     5.50°  0.39    7.41°   75.3%   94.9%
    5%     7.27°  0.65    9.75°   63.6%   90.5%
   10%     9.99°  0.35   12.32°   57.8%   86.1%
   20%    17.25°  0.71   40.85°   35.8%   68.5%

================================================================================
  Feature Fusion per_part_log (image compensates OCS noise)
================================================================================
  Noise      mean    std      p90     Hit5    Hit10
-------------------------------------------------------
    0%     3.93°  0.46    5.49°   86.3%   97.6%
    1%     3.77°  0.49    5.32°   88.1%   97.7%
    5%     4.65°  0.57    6.04°   82.9%   96.6%
   10%     6.69°  1.34    7.84°   74.9%   93.6%
   20%    10.96°  2.51   16.46°   59.6%   86.7%

============================================================
  Fusion improvement over OCS-only
============================================================
  Noise   OCS-only     Fusion     Δmean
    0%      5.91°      3.93°    +1.97°
    1%      5.50°      3.77°    +1.73°
    5%      7.27°      4.65°    +2.62°
   10%      9.99°      6.69°    +3.30°
   20%     17.25°     10.96°    +6.29°

  Output: D:\我的文件\研究生学术\光学项目\0506新\论文改进\补充实验\结果\noise_robustness\run_20260601_094130
