======================================================================
  ResNet-18 Image-only Baseline
  Image dir: D:\我的文件\研究生学术\光学项目\0506新\结果\模块B_渲染\run_20260528_101944_exact_brdf
  Device: cuda
  Output: D:\我的文件\研究生学术\光学项目\0506新\论文改进\补充实验\结果\resnet_baseline\run_20260601_082852
======================================================================
  Loaded 2701 images, shape=(2701, 1, 128, 128)
  Split: train=563 val=140 test=1998

  seed=0: params=11,172,292
    ep=  50 tr=0.006678 va=0.006721 best=0.006350 wait=17
    ep= 100 tr=0.002627 va=0.004649 best=0.002748 wait=5
    ep= 150 tr=0.000857 va=0.002252 best=0.001942 wait=14
    ep= 200 tr=0.001737 va=0.002209 best=0.001841 wait=45
    ep= 250 tr=0.005489 va=0.010370 best=0.001412 wait=12
    ep= 300 tr=0.000301 va=0.001169 best=0.000953 wait=1
    ep= 350 tr=0.000661 va=0.001350 best=0.000905 wait=39
    ep= 400 tr=0.001378 va=0.002892 best=0.000905 wait=89
    ep= 411 tr=0.000592 va=0.001815 best=0.000905 wait=100
    early stop at epoch 411
    mean=1.66 deg  Hit5=97.1%  Hit10=99.9%

  seed=1: params=11,172,292
    ep=  50 tr=0.002613 va=0.009628 best=0.003851 wait=2
    ep= 100 tr=0.001580 va=0.003821 best=0.002914 wait=15
    ep= 150 tr=0.000799 va=0.003114 best=0.002322 wait=37
    ep= 200 tr=0.001125 va=0.002419 best=0.001905 wait=7
    ep= 250 tr=0.001055 va=0.002672 best=0.001576 wait=13
    ep= 300 tr=0.001496 va=0.003769 best=0.001483 wait=23
    ep= 350 tr=0.001703 va=0.002218 best=0.001191 wait=21
    ep= 400 tr=0.000677 va=0.001455 best=0.001130 wait=3
    ep= 450 tr=0.000506 va=0.000937 best=0.000937 wait=0
    ep= 500 tr=0.000845 va=0.001338 best=0.000937 wait=50
    mean=1.59 deg  Hit5=98.3%  Hit10=100.0%

  seed=2: params=11,172,292
    ep=  50 tr=0.002681 va=0.004474 best=0.004131 wait=2
    ep= 100 tr=0.001424 va=0.004186 best=0.003158 wait=19
    ep= 150 tr=0.001530 va=0.004264 best=0.002410 wait=5
    ep= 200 tr=0.001221 va=0.002631 best=0.002171 wait=2
    ep= 250 tr=0.001682 va=0.003581 best=0.001962 wait=41
    ep= 300 tr=0.001496 va=0.002666 best=0.001175 wait=9
    ep= 350 tr=0.002924 va=0.006627 best=0.001105 wait=19
    ep= 400 tr=0.000495 va=0.001462 best=0.001105 wait=69
    ep= 431 tr=0.001542 va=0.002493 best=0.001105 wait=100
    early stop at epoch 431
    mean=1.66 deg  Hit5=97.7%  Hit10=99.9%

  seed=3: params=11,172,292
    ep=  50 tr=0.003452 va=0.007568 best=0.004703 wait=6
    ep= 100 tr=0.001400 va=0.003965 best=0.002960 wait=4
    ep= 150 tr=0.001221 va=0.003766 best=0.002221 wait=11
    ep= 200 tr=0.002241 va=0.002321 best=0.001956 wait=7
    ep= 250 tr=0.001871 va=0.004807 best=0.001894 wait=24
    ep= 300 tr=0.001442 va=0.002861 best=0.001516 wait=19
    ep= 350 tr=0.000421 va=0.001561 best=0.001356 wait=12
    ep= 400 tr=0.000814 va=0.002007 best=0.001123 wait=29
    ep= 450 tr=0.002058 va=0.002479 best=0.001123 wait=79
    ep= 471 tr=0.000901 va=0.004227 best=0.001123 wait=100
    early stop at epoch 471
    mean=1.78 deg  Hit5=97.3%  Hit10=99.9%

  seed=4: params=11,172,292
    ep=  50 tr=0.002962 va=0.004637 best=0.004637 wait=0
    ep= 100 tr=0.000931 va=0.004650 best=0.003344 wait=1
    ep= 150 tr=0.001962 va=0.003755 best=0.002883 wait=16
    ep= 200 tr=0.001603 va=0.003494 best=0.002183 wait=7
    ep= 250 tr=0.001014 va=0.002511 best=0.002183 wait=57
    ep= 300 tr=0.001742 va=0.002254 best=0.001762 wait=6
    ep= 350 tr=0.001620 va=0.003843 best=0.001481 wait=12
    ep= 400 tr=0.001149 va=0.001991 best=0.001481 wait=62
    ep= 450 tr=0.001262 va=0.003875 best=0.001176 wait=19
    ep= 500 tr=0.001083 va=0.001247 best=0.001125 wait=11
    mean=1.74 deg  Hit5=97.3%  Hit10=100.0%

======================================================================
  ResNet-18 Summary
  mean=1.69±0.07 deg  Hit5=97.6%±0.4%
  (cf. TinyCNN: mean=12.38±0.74 deg, Hit5=26.1±0.9%)

  Output: D:\我的文件\研究生学术\光学项目\0506新\论文改进\补充实验\结果\resnet_baseline\run_20260601_082852
