{
  "timestamp": "2026-07-06T19:08:16.536646",
  "mode": "formal",
  "n_total": 70,
  "n_complete": 70,
  "records": [
    {
      "geom_id": "G0_baseline",
      "pose_id": "A_top1",
      "label": "yaw2450_pitchp0275_roll+015",
      "role": "top1",
      "group": "mandatory",
      "yaw": 245.0,
      "pitch": 27.5,
      "roll": 15.0,
      "sun_dir": [
        0.9578262852211513,
        0.0,
        0.2873478855663454
      ],
      "det_dir": [
        0.44543540318737396,
        -0.8908708063747479,
        0.0890870806374748
      ],
      "camera_exr_src": "REUSED_BASELINE",
      "sun_exr_src": "REUSED_BASELINE",
      "status": "COMPLETE",
      "ocs_total": 0.20889048278331757,
      "ocs_metal": 0.19849658012390137,
      "ocs_dark": 0.008774611167609692,
      "ocs_solar": 0.0016192957991734147,
      "n_pixels_camera_visible": 6157,
      "n_pixels_contributing": 4141,
      "image_usable": true,
      "failed_reason": "",
      "baseline_ref_ocs_total": 0.20889048278331757,
      "baseline_rel_diff": 0.0
    },
    {
      "geom_id": "G0_baseline",
      "pose_id": "B_R4",
      "label": "yaw1475_pitchp0125_roll+000",
      "role": "R4_robust",
      "group": "mandatory",
      "yaw": 147.5,
      "pitch": 12.5,
      "roll": 0.0,
      "sun_dir": [
        0.9578262852211513,
        0.0,
        0.2873478855663454
      ],
      "det_dir": [
        0.44543540318737396,
        -0.8908708063747479,
        0.0890870806374748
      ],
      "camera_exr_src": "REUSED_BASELINE",
      "sun_exr_src": "REUSED_BASELINE",
      "status": "COMPLETE",
      "ocs_total": 0.20114612579345703,
      "ocs_metal": 0.1987210363149643,
      "ocs_dark": 0.0009309276356361806,
      "ocs_solar": 0.001494159223511815,
      "n_pixels_camera_visible": 5588,
      "n_pixels_contributing": 2808,
      "image_usable": true,
      "failed_reason": "",
      "baseline_ref_ocs_total": 0.20114612579345703,
      "baseline_rel_diff": 0.0
    },
    {
      "geom_id": "G0_baseline",
      "pose_id": "C_R3",
      "label": "yaw055_pitch+060_roll+000",
      "role": "R3_negative",
      "group": "mandatory",
      "yaw": 55.0,
      "pitch": 60.0,
      "roll": 0.0,
      "sun_dir": [
        0.9578262852211513,
        0.0,
        0.2873478855663454
      ],
      "det_dir": [
        0.44543540318737396,
        -0.8908708063747479,
        0.0890870806374748
      ],
      "camera_exr_src": "REUSED_BASELINE",
      "sun_exr_src": "REUSED_BASELINE",
      "status": "COMPLETE",
      "ocs_total": 0.06625763326883316,
      "ocs_metal": 0.06526622921228409,
      "ocs_dark": 0.0,
      "ocs_solar": 0.0009913999820128083,
      "n_pixels_camera_visible": 6327,
      "n_pixels_contributing": 4121,
      "image_usable": true,
      "failed_reason": "",
      "baseline_ref_ocs_total": 0.06625763174222254,
      "baseline_rel_diff": 2.304052492606308e-08
    },
    {
      "geom_id": "G0_baseline",
      "pose_id": "D1",
      "label": "yaw2450_pitchp0300_roll+015",
      "role": "top1_neighbor",
      "group": "top1_neighbor",
      "yaw": 245.0,
      "pitch": 30.0,
      "roll": 15.0,
      "sun_dir": [
        0.9578262852211513,
        0.0,
        0.2873478855663454
      ],
      "det_dir": [
        0.44543540318737396,
        -0.8908708063747479,
        0.0890870806374748
      ],
      "camera_exr_src": "REUSED_BASELINE",
      "sun_exr_src": "REUSED_BASELINE",
      "status": "COMPLETE",
      "ocs_total": 0.20837700366973877,
      "ocs_metal": 0.19810211658477783,
      "ocs_dark": 0.008725477382540703,
      "ocs_solar": 0.0015493892133235931,
      "n_pixels_camera_visible": 6179,
      "n_pixels_contributing": 4165,
      "image_usable": true,
      "failed_reason": "",
      "baseline_ref_ocs_total": 0.20837700366973877,
      "baseline_rel_diff": 0.0
    },
    {
      "geom_id": "G0_baseline",
      "pose_id": "D2",
      "label": "yaw2450_pitchp0325_roll+015",
      "role": "top1_neighbor",
      "group": "top1_neighbor",
      "yaw": 245.0,
      "pitch": 32.5,
      "roll": 15.0,
      "sun_dir": [
        0.9578262852211513,
        0.0,
        0.2873478855663454
      ],
      "det_dir": [
        0.44543540318737396,
        -0.8908708063747479,
        0.0890870806374748
      ],
      "camera_exr_src": "REUSED_BASELINE",
      "sun_exr_src": "REUSED_BASELINE",
      "status": "COMPLETE",
      "ocs_total": 0.2079097032546997,
      "ocs_metal": 0.19757026433944702,
      "ocs_dark": 0.008775775320827961,
      "ocs_solar": 0.0015636651078239083,
      "n_pixels_camera_visible": 6204,
      "n_pixels_contributing": 4196,
      "image_usable": true,
      "failed_reason": "",
      "baseline_ref_ocs_total": 0.2079097032546997,
      "baseline_rel_diff": 0.0
    },
    {
      "geom_id": "G0_baseline",
      "pose_id": "D3",
      "label": "yaw2475_pitchp0375_roll+015",
      "role": "top1_neighbor",
      "group": "top1_neighbor",
      "yaw": 247.5,
      "pitch": 37.5,
      "roll": 15.0,
      "sun_dir": [
        0.9578262852211513,
        0.0,
        0.2873478855663454
      ],
      "det_dir": [
        0.44543540318737396,
        -0.8908708063747479,
        0.0890870806374748
      ],
      "camera_exr_src": "REUSED_BASELINE",
      "sun_exr_src": "REUSED_BASELINE",
      "status": "COMPLETE",
      "ocs_total": 0.20560143887996674,
      "ocs_metal": 0.1954682171344757,
      "ocs_dark": 0.008718959055840969,
      "ocs_solar": 0.001414276659488678,
      "n_pixels_camera_visible": 6282,
      "n_pixels_contributing": 4146,
      "image_usable": true,
      "failed_reason": "",
      "baseline_ref_ocs_total": 0.20560143887996674,
      "baseline_rel_diff": 0.0
    },
    {
      "geom_id": "G0_baseline",
      "pose_id": "D4",
      "label": "yaw2425_pitchp0225_roll+015",
      "role": "top1_neighbor",
      "group": "top1_neighbor",
      "yaw": 242.5,
      "pitch": 22.5,
      "roll": 15.0,
      "sun_dir": [
        0.9578262852211513,
        0.0,
        0.2873478855663454
      ],
      "det_dir": [
        0.44543540318737396,
        -0.8908708063747479,
        0.0890870806374748
      ],
      "camera_exr_src": "REUSED_BASELINE",
      "sun_exr_src": "REUSED_BASELINE",
      "status": "COMPLETE",
      "ocs_total": 0.20368336141109467,
      "ocs_metal": 0.19327542185783386,
      "ocs_dark": 0.008774029091000557,
      "ocs_solar": 0.0016338954446837306,
      "n_pixels_camera_visible": 6033,
      "n_pixels_contributing": 4146,
      "image_usable": true,
      "failed_reason": "",
      "baseline_ref_ocs_total": 0.20368336141109467,
      "baseline_rel_diff": 0.0
    },
    {
      "geom_id": "G0_baseline",
      "pose_id": "D5_roll125",
      "label": "yaw2450_pitchp0275_roll+0125",
      "role": "top1_neighbor_roll125",
      "group": "top1_neighbor",
      "yaw": 245.0,
      "pitch": 27.5,
      "roll": 12.5,
      "sun_dir": [
        0.9578262852211513,
        0.0,
        0.2873478855663454
      ],
      "det_dir": [
        0.44543540318737396,
        -0.8908708063747479,
        0.0890870806374748
      ],
      "camera_exr_src": "REUSED_BASELINE",
      "sun_exr_src": "REUSED_BASELINE",
      "status": "COMPLETE",
      "ocs_total": 0.19780397415161133,
      "ocs_metal": 0.18736940622329712,
      "ocs_dark": 0.008752585388720036,
      "ocs_solar": 0.0016819757875055075,
      "n_pixels_camera_visible": 6205,
      "n_pixels_contributing": 4131,
      "image_usable": true,
      "failed_reason": "",
      "baseline_ref_ocs_total": 0.19780397415161133,
      "baseline_rel_diff": 0.0
    },
    {
      "geom_id": "G0_baseline",
      "pose_id": "D6_roll175",
      "label": "yaw2475_pitchp0300_roll+0175",
      "role": "top1_neighbor_roll175",
      "group": "top1_neighbor",
      "yaw": 247.5,
      "pitch": 30.0,
      "roll": 17.5,
      "sun_dir": [
        0.9578262852211513,
        0.0,
        0.2873478855663454
      ],
      "det_dir": [
        0.44543540318737396,
        -0.8908708063747479,
        0.0890870806374748
      ],
      "camera_exr_src": "REUSED_BASELINE",
      "sun_exr_src": "REUSED_BASELINE",
      "status": "COMPLETE",
      "ocs_total": 0.19526323676109314,
      "ocs_metal": 0.18503788113594055,
      "ocs_dark": 0.008692135103046894,
      "ocs_solar": 0.001533191534690559,
      "n_pixels_camera_visible": 6163,
      "n_pixels_contributing": 4080,
      "image_usable": true,
      "failed_reason": "",
      "baseline_ref_ocs_total": 0.19526323676109314,
      "baseline_rel_diff": 0.0
    },
    {
      "geom_id": "G0_baseline",
      "pose_id": "E1_R4roll-15",
      "label": "yaw1475_pitchp0125_roll-015",
      "role": "R4_cluster_nsm1",
      "group": "R4_cluster",
      "yaw": 147.5,
      "pitch": 12.5,
      "roll": -15.0,
      "sun_dir": [
        0.9578262852211513,
        0.0,
        0.2873478855663454
      ],
      "det_dir": [
        0.44543540318737396,
        -0.8908708063747479,
        0.0890870806374748
      ],
      "camera_exr_src": "REUSED_BASELINE",
      "sun_exr_src": "REUSED_BASELINE",
      "status": "COMPLETE",
      "ocs_total": 0.20182254910469055,
      "ocs_metal": 0.1993950605392456,
      "ocs_dark": 0.0009736453066579998,
      "ocs_solar": 0.001453852979466319,
      "n_pixels_camera_visible": 5530,
      "n_pixels_contributing": 2830,
      "image_usable": true,
      "failed_reason": "",
      "baseline_ref_ocs_total": 0.20182254910469055,
      "baseline_rel_diff": 0.0
    },
    {
      "geom_id": "G0_baseline",
      "pose_id": "E2_R4roll+15",
      "label": "yaw1475_pitchp0125_roll+015",
      "role": "R4_cluster_nsm1",
      "group": "R4_cluster",
      "yaw": 147.5,
      "pitch": 12.5,
      "roll": 15.0,
      "sun_dir": [
        0.9578262852211513,
        0.0,
        0.2873478855663454
      ],
      "det_dir": [
        0.44543540318737396,
        -0.8908708063747479,
        0.0890870806374748
      ],
      "camera_exr_src": "REUSED_BASELINE",
      "sun_exr_src": "REUSED_BASELINE",
      "status": "COMPLETE",
      "ocs_total": 0.19740408658981323,
      "ocs_metal": 0.19458000361919403,
      "ocs_dark": 0.0009787469170987606,
      "ocs_solar": 0.001845349557697773,
      "n_pixels_camera_visible": 5607,
      "n_pixels_contributing": 2741,
      "image_usable": true,
      "failed_reason": "",
      "baseline_ref_ocs_total": 0.19740408658981323,
      "baseline_rel_diff": 0.0
    },
    {
      "geom_id": "G0_baseline",
      "pose_id": "F1_edge",
      "label": "yaw2425_pitchp0275_roll+015",
      "role": "bright_edge_nsm0",
      "group": "bright_edge",
      "yaw": 242.5,
      "pitch": 27.5,
      "roll": 15.0,
      "sun_dir": [
        0.9578262852211513,
        0.0,
        0.2873478855663454
      ],
      "det_dir": [
        0.44543540318737396,
        -0.8908708063747479,
        0.0890870806374748
      ],
      "camera_exr_src": "REUSED_BASELINE",
      "sun_exr_src": "REUSED_BASELINE",
      "status": "COMPLETE",
      "ocs_total": 0.19927522540092468,
      "ocs_metal": 0.18886128067970276,
      "ocs_dark": 0.00873334240168333,
      "ocs_solar": 0.001680608605965972,
      "n_pixels_camera_visible": 6132,
      "n_pixels_contributing": 4241,
      "image_usable": true,
      "failed_reason": "",
      "baseline_ref_ocs_total": 0.19927522540092468,
      "baseline_rel_diff": 0.0
    },
    {
      "geom_id": "G0_baseline",
      "pose_id": "F2_edge",
      "label": "yaw2475_pitchp0300_roll+015",
      "role": "bright_edge_nsm0",
      "group": "bright_edge",
      "yaw": 247.5,
      "pitch": 30.0,
      "roll": 15.0,
      "sun_dir": [
        0.9578262852211513,
        0.0,
        0.2873478855663454
      ],
      "det_dir": [
        0.44543540318737396,
        -0.8908708063747479,
        0.0890870806374748
      ],
      "camera_exr_src": "REUSED_BASELINE",
      "sun_exr_src": "REUSED_BASELINE",
      "status": "COMPLETE",
      "ocs_total": 0.1982622891664505,
      "ocs_metal": 0.18810904026031494,
      "ocs_dark": 0.008724051527678967,
      "ocs_solar": 0.0014292075065895915,
      "n_pixels_camera_visible": 6192,
      "n_pixels_contributing": 4055,
      "image_usable": true,
      "failed_reason": "",
      "baseline_ref_ocs_total": 0.1982622891664505,
      "baseline_rel_diff": 0.0
    },
    {
      "geom_id": "G0_baseline",
      "pose_id": "F3_edge",
      "label": "yaw240_pitch+015_roll+015",
      "role": "bright_edge_nsm0",
      "group": "bright_edge",
      "yaw": 240.0,
      "pitch": 15.0,
      "roll": 15.0,
      "sun_dir": [
        0.9578262852211513,
        0.0,
        0.2873478855663454
      ],
      "det_dir": [
        0.44543540318737396,
        -0.8908708063747479,
        0.0890870806374748
      ],
      "camera_exr_src": "REUSED_BASELINE",
      "sun_exr_src": "REUSED_BASELINE",
      "status": "COMPLETE",
      "ocs_total": 0.19713082909584045,
      "ocs_metal": 0.18677210807800293,
      "ocs_dark": 0.00874441210180521,
      "ocs_solar": 0.0016142905224114656,
      "n_pixels_camera_visible": 5780,
      "n_pixels_contributing": 4178,
      "image_usable": true,
      "failed_reason": "",
      "baseline_ref_ocs_total": 0.19713082909584045,
      "baseline_rel_diff": 0.0
    },
    {
      "geom_id": "G1_sun_plus",
      "pose_id": "A_top1",
      "label": "yaw2450_pitchp0275_roll+015",
      "role": "top1",
      "group": "mandatory",
      "yaw": 245.0,
      "pitch": 27.5,
      "roll": 15.0,
      "sun_dir": [
        0.985705691479985,
        0.0,
        0.16847637752505384
      ],
      "det_dir": [
        0.44543540318737396,
        -0.8908708063747479,
        0.0890870806374748
      ],
      "camera_exr_src": "REUSED_BASELINE",
      "sun_exr_src": "NEW_26",
      "status": "COMPLETE",
      "ocs_total": 0.16959145665168762,
      "ocs_metal": 0.15943531692028046,
      "ocs_dark": 0.008611539378762245,
      "ocs_solar": 0.0015446081524714828,
      "n_pixels_camera_visible": 6157,
      "n_pixels_contributing": 4151,
      "image_usable": true,
      "failed_reason": ""
    },
    {
      "geom_id": "G1_sun_plus",
      "pose_id": "B_R4",
      "label": "yaw1475_pitchp0125_roll+000",
      "role": "R4_robust",
      "group": "mandatory",
      "yaw": 147.5,
      "pitch": 12.5,
      "roll": 0.0,
      "sun_dir": [
        0.985705691479985,
        0.0,
        0.16847637752505384
      ],
      "det_dir": [
        0.44543540318737396,
        -0.8908708063747479,
        0.0890870806374748
      ],
      "camera_exr_src": "REUSED_BASELINE",
      "sun_exr_src": "NEW_26",
      "status": "COMPLETE",
      "ocs_total": 0.17182572185993195,
      "ocs_metal": 0.16941724717617035,
      "ocs_dark": 0.0009204456000588834,
      "ocs_solar": 0.001488018431700766,
      "n_pixels_camera_visible": 5588,
      "n_pixels_contributing": 3264,
      "image_usable": true,
      "failed_reason": ""
    },
    {
      "geom_id": "G1_sun_plus",
      "pose_id": "C_R3",
      "label": "yaw055_pitch+060_roll+000",
      "role": "R3_negative",
      "group": "mandatory",
      "yaw": 55.0,
      "pitch": 60.0,
      "roll": 0.0,
      "sun_dir": [
        0.985705691479985,
        0.0,
        0.16847637752505384
      ],
      "det_dir": [
        0.44543540318737396,
        -0.8908708063747479,
        0.0890870806374748
      ],
      "camera_exr_src": "REUSED_BASELINE",
      "sun_exr_src": "NEW_26",
      "status": "COMPLETE",
      "ocs_total": 0.1309957653284073,
      "ocs_metal": 0.12981338798999786,
      "ocs_dark": 0.0,
      "ocs_solar": 0.0011823863023892045,
      "n_pixels_camera_visible": 6327,
      "n_pixels_contributing": 4113,
      "image_usable": true,
      "failed_reason": ""
    },
    {
      "geom_id": "G1_sun_plus",
      "pose_id": "D1",
      "label": "yaw2450_pitchp0300_roll+015",
      "role": "top1_neighbor",
      "group": "top1_neighbor",
      "yaw": 245.0,
      "pitch": 30.0,
      "roll": 15.0,
      "sun_dir": [
        0.985705691479985,
        0.0,
        0.16847637752505384
      ],
      "det_dir": [
        0.44543540318737396,
        -0.8908708063747479,
        0.0890870806374748
      ],
      "camera_exr_src": "REUSED_BASELINE",
      "sun_exr_src": "NEW_26",
      "status": "COMPLETE",
      "ocs_total": 0.17277131974697113,
      "ocs_metal": 0.16270652413368225,
      "ocs_dark": 0.008579903282225132,
      "ocs_solar": 0.0014849023427814245,
      "n_pixels_camera_visible": 6179,
      "n_pixels_contributing": 4172,
      "image_usable": true,
      "failed_reason": ""
    },
    {
      "geom_id": "G1_sun_plus",
      "pose_id": "D2",
      "label": "yaw2450_pitchp0325_roll+015",
      "role": "top1_neighbor",
      "group": "top1_neighbor",
      "yaw": 245.0,
      "pitch": 32.5,
      "roll": 15.0,
      "sun_dir": [
        0.985705691479985,
        0.0,
        0.16847637752505384
      ],
      "det_dir": [
        0.44543540318737396,
        -0.8908708063747479,
        0.0890870806374748
      ],
      "camera_exr_src": "REUSED_BASELINE",
      "sun_exr_src": "NEW_26",
      "status": "COMPLETE",
      "ocs_total": 0.17613372206687927,
      "ocs_metal": 0.16597849130630493,
      "ocs_dark": 0.008647950366139412,
      "ocs_solar": 0.0015072738751769066,
      "n_pixels_camera_visible": 6204,
      "n_pixels_contributing": 4202,
      "image_usable": true,
      "failed_reason": ""
    },
    {
      "geom_id": "G1_sun_plus",
      "pose_id": "D3",
      "label": "yaw2475_pitchp0375_roll+015",
      "role": "top1_neighbor",
      "group": "top1_neighbor",
      "yaw": 247.5,
      "pitch": 37.5,
      "roll": 15.0,
      "sun_dir": [
        0.985705691479985,
        0.0,
        0.16847637752505384
      ],
      "det_dir": [
        0.44543540318737396,
        -0.8908708063747479,
        0.0890870806374748
      ],
      "camera_exr_src": "REUSED_BASELINE",
      "sun_exr_src": "NEW_26",
      "status": "COMPLETE",
      "ocs_total": 0.18830133974552155,
      "ocs_metal": 0.17825859785079956,
      "ocs_dark": 0.0086557287722826,
      "ocs_solar": 0.0013870380353182554,
      "n_pixels_camera_visible": 6282,
      "n_pixels_contributing": 4147,
      "image_usable": true,
      "failed_reason": ""
    },
    {
      "geom_id": "G1_sun_plus",
      "pose_id": "D4",
      "label": "yaw2425_pitchp0225_roll+015",
      "role": "top1_neighbor",
      "group": "top1_neighbor",
      "yaw": 242.5,
      "pitch": 22.5,
      "roll": 15.0,
      "sun_dir": [
        0.985705691479985,
        0.0,
        0.16847637752505384
      ],
      "det_dir": [
        0.44543540318737396,
        -0.8908708063747479,
        0.0890870806374748
      ],
      "camera_exr_src": "REUSED_BASELINE",
      "sun_exr_src": "NEW_26",
      "status": "COMPLETE",
      "ocs_total": 0.15599305927753448,
      "ocs_metal": 0.1458936631679535,
      "ocs_dark": 0.008561953902244568,
      "ocs_solar": 0.0015374493086710572,
      "n_pixels_camera_visible": 6033,
      "n_pixels_contributing": 4173,
      "image_usable": true,
      "failed_reason": ""
    },
    {
      "geom_id": "G1_sun_plus",
      "pose_id": "D5_roll125",
      "label": "yaw2450_pitchp0275_roll+0125",
      "role": "top1_neighbor_roll125",
      "group": "top1_neighbor",
      "yaw": 245.0,
      "pitch": 27.5,
      "roll": 12.5,
      "sun_dir": [
        0.985705691479985,
        0.0,
        0.16847637752505384
      ],
      "det_dir": [
        0.44543540318737396,
        -0.8908708063747479,
        0.0890870806374748
      ],
      "camera_exr_src": "REUSED_BASELINE",
      "sun_exr_src": "NEW_26",
      "status": "COMPLETE",
      "ocs_total": 0.19528239965438843,
      "ocs_metal": 0.1848534345626831,
      "ocs_dark": 0.00875033251941204,
      "ocs_solar": 0.001678639673627913,
      "n_pixels_camera_visible": 6205,
      "n_pixels_contributing": 4142,
      "image_usable": true,
      "failed_reason": ""
    },
    {
      "geom_id": "G1_sun_plus",
      "pose_id": "D6_roll175",
      "label": "yaw2475_pitchp0300_roll+0175",
      "role": "top1_neighbor_roll175",
      "group": "top1_neighbor",
      "yaw": 247.5,
      "pitch": 30.0,
      "roll": 17.5,
      "sun_dir": [
        0.985705691479985,
        0.0,
        0.16847637752505384
      ],
      "det_dir": [
        0.44543540318737396,
        -0.8908708063747479,
        0.0890870806374748
      ],
      "camera_exr_src": "REUSED_BASELINE",
      "sun_exr_src": "NEW_26",
      "status": "COMPLETE",
      "ocs_total": 0.13818776607513428,
      "ocs_metal": 0.12835629284381866,
      "ocs_dark": 0.008415876887738705,
      "ocs_solar": 0.0014155779499560595,
      "n_pixels_camera_visible": 6163,
      "n_pixels_contributing": 4094,
      "image_usable": true,
      "failed_reason": ""
    },
    {
      "geom_id": "G1_sun_plus",
      "pose_id": "E1_R4roll-15",
      "label": "yaw1475_pitchp0125_roll-015",
      "role": "R4_cluster_nsm1",
      "group": "R4_cluster",
      "yaw": 147.5,
      "pitch": 12.5,
      "roll": -15.0,
      "sun_dir": [
        0.985705691479985,
        0.0,
        0.16847637752505384
      ],
      "det_dir": [
        0.44543540318737396,
        -0.8908708063747479,
        0.0890870806374748
      ],
      "camera_exr_src": "REUSED_BASELINE",
      "sun_exr_src": "NEW_26",
      "status": "COMPLETE",
      "ocs_total": 0.17247211933135986,
      "ocs_metal": 0.17010502517223358,
      "ocs_dark": 0.0009610463166609406,
      "ocs_solar": 0.001406058669090271,
      "n_pixels_camera_visible": 5530,
      "n_pixels_contributing": 2828,
      "image_usable": true,
      "failed_reason": ""
    },
    {
      "geom_id": "G1_sun_plus",
      "pose_id": "E2_R4roll+15",
      "label": "yaw1475_pitchp0125_roll+015",
      "role": "R4_cluster_nsm1",
      "group": "R4_cluster",
      "yaw": 147.5,
      "pitch": 12.5,
      "roll": 15.0,
      "sun_dir": [
        0.985705691479985,
        0.0,
        0.16847637752505384
      ],
      "det_dir": [
        0.44543540318737396,
        -0.8908708063747479,
        0.0890870806374748
      ],
      "camera_exr_src": "REUSED_BASELINE",
      "sun_exr_src": "NEW_26",
      "status": "COMPLETE",
      "ocs_total": 0.16835258901119232,
      "ocs_metal": 0.16560237109661102,
      "ocs_dark": 0.0009656388428993523,
      "ocs_solar": 0.0017845883267000318,
      "n_pixels_camera_visible": 5607,
      "n_pixels_contributing": 2736,
      "image_usable": true,
      "failed_reason": ""
    },
    {
      "geom_id": "G1_sun_plus",
      "pose_id": "F1_edge",
      "label": "yaw2425_pitchp0275_roll+015",
      "role": "bright_edge_nsm0",
      "group": "bright_edge",
      "yaw": 242.5,
      "pitch": 27.5,
      "roll": 15.0,
      "sun_dir": [
        0.985705691479985,
        0.0,
        0.16847637752505384
      ],
      "det_dir": [
        0.44543540318737396,
        -0.8908708063747479,
        0.0890870806374748
      ],
      "camera_exr_src": "REUSED_BASELINE",
      "sun_exr_src": "NEW_26",
      "status": "COMPLETE",
      "ocs_total": 0.15810108184814453,
      "ocs_metal": 0.14795781672000885,
      "ocs_dark": 0.008549454621970654,
      "ocs_solar": 0.0015938151627779007,
      "n_pixels_camera_visible": 6132,
      "n_pixels_contributing": 4266,
      "image_usable": true,
      "failed_reason": ""
    },
    {
      "geom_id": "G1_sun_plus",
      "pose_id": "F2_edge",
      "label": "yaw2475_pitchp0300_roll+015",
      "role": "bright_edge_nsm0",
      "group": "bright_edge",
      "yaw": 247.5,
      "pitch": 30.0,
      "roll": 15.0,
      "sun_dir": [
        0.985705691479985,
        0.0,
        0.16847637752505384
      ],
      "det_dir": [
        0.44543540318737396,
        -0.8908708063747479,
        0.0890870806374748
      ],
      "camera_exr_src": "REUSED_BASELINE",
      "sun_exr_src": "NEW_26",
      "status": "COMPLETE",
      "ocs_total": 0.16854442656040192,
      "ocs_metal": 0.15856733918190002,
      "ocs_dark": 0.00859938282519579,
      "ocs_solar": 0.0013776776613667607,
      "n_pixels_camera_visible": 6192,
      "n_pixels_contributing": 4064,
      "image_usable": true,
      "failed_reason": ""
    },
    {
      "geom_id": "G1_sun_plus",
      "pose_id": "F3_edge",
      "label": "yaw240_pitch+015_roll+015",
      "role": "bright_edge_nsm0",
      "group": "bright_edge",
      "yaw": 240.0,
      "pitch": 15.0,
      "roll": 15.0,
      "sun_dir": [
        0.985705691479985,
        0.0,
        0.16847637752505384
      ],
      "det_dir": [
        0.44543540318737396,
        -0.8908708063747479,
        0.0890870806374748
      ],
      "camera_exr_src": "REUSED_BASELINE",
      "sun_exr_src": "NEW_26",
      "status": "COMPLETE",
      "ocs_total": 0.14275877177715302,
      "ocs_metal": 0.13277485966682434,
      "ocs_dark": 0.008485117927193642,
      "ocs_solar": 0.001498796627856791,
      "n_pixels_camera_visible": 5780,
      "n_pixels_contributing": 4183,
      "image_usable": true,
      "failed_reason": ""
    },
    {
      "geom_id": "G2_sun_minus",
      "pose_id": "A_top1",
      "label": "yaw2450_pitchp0275_roll+015",
      "role": "top1",
      "group": "mandatory",
      "yaw": 245.0,
      "pitch": 27.5,
      "roll": 15.0,
      "sun_dir": [
        0.915667895194329,
        0.0,
        0.4019356984772403
      ],
      "det_dir": [
        0.44543540318737396,
        -0.8908708063747479,
        0.0890870806374748
      ],
      "camera_exr_src": "REUSED_BASELINE",
      "sun_exr_src": "NEW_26",
      "status": "COMPLETE",
      "ocs_total": 0.18072150647640228,
      "ocs_metal": 0.17055000364780426,
      "ocs_dark": 0.00861126184463501,
      "ocs_solar": 0.0015602490166202188,
      "n_pixels_camera_visible": 6157,
      "n_pixels_contributing": 4125,
      "image_usable": true,
      "failed_reason": ""
    },
    {
      "geom_id": "G2_sun_minus",
      "pose_id": "B_R4",
      "label": "yaw1475_pitchp0125_roll+000",
      "role": "R4_robust",
      "group": "mandatory",
      "yaw": 147.5,
      "pitch": 12.5,
      "roll": 0.0,
      "sun_dir": [
        0.915667895194329,
        0.0,
        0.4019356984772403
      ],
      "det_dir": [
        0.44543540318737396,
        -0.8908708063747479,
        0.0890870806374748
      ],
      "camera_exr_src": "REUSED_BASELINE",
      "sun_exr_src": "NEW_26",
      "status": "COMPLETE",
      "ocs_total": 0.163129061460495,
      "ocs_metal": 0.16079971194267273,
      "ocs_dark": 0.0009081262978725135,
      "ocs_solar": 0.0014212357345968485,
      "n_pixels_camera_visible": 5588,
      "n_pixels_contributing": 2824,
      "image_usable": true,
      "failed_reason": ""
    },
    {
      "geom_id": "G2_sun_minus",
      "pose_id": "C_R3",
      "label": "yaw055_pitch+060_roll+000",
      "role": "R3_negative",
      "group": "mandatory",
      "yaw": 55.0,
      "pitch": 60.0,
      "roll": 0.0,
      "sun_dir": [
        0.915667895194329,
        0.0,
        0.4019356984772403
      ],
      "det_dir": [
        0.44543540318737396,
        -0.8908708063747479,
        0.0890870806374748
      ],
      "camera_exr_src": "REUSED_BASELINE",
      "sun_exr_src": "NEW_26",
      "status": "COMPLETE",
      "ocs_total": 0.03953714668750763,
      "ocs_metal": 0.038712698966264725,
      "ocs_dark": 0.0,
      "ocs_solar": 0.0008244502241723239,
      "n_pixels_camera_visible": 6327,
      "n_pixels_contributing": 4877,
      "image_usable": true,
      "failed_reason": ""
    },
    {
      "geom_id": "G2_sun_minus",
      "pose_id": "D1",
      "label": "yaw2450_pitchp0300_roll+015",
      "role": "top1_neighbor",
      "group": "top1_neighbor",
      "yaw": 245.0,
      "pitch": 30.0,
      "roll": 15.0,
      "sun_dir": [
        0.915667895194329,
        0.0,
        0.4019356984772403
      ],
      "det_dir": [
        0.44543540318737396,
        -0.8908708063747479,
        0.0890870806374748
      ],
      "camera_exr_src": "REUSED_BASELINE",
      "sun_exr_src": "NEW_26",
      "status": "COMPLETE",
      "ocs_total": 0.1766311228275299,
      "ocs_metal": 0.1665962040424347,
      "ocs_dark": 0.00854815635830164,
      "ocs_solar": 0.001486768713220954,
      "n_pixels_camera_visible": 6179,
      "n_pixels_contributing": 4148,
      "image_usable": true,
      "failed_reason": ""
    },
    {
      "geom_id": "G2_sun_minus",
      "pose_id": "D2",
      "label": "yaw2450_pitchp0325_roll+015",
      "role": "top1_neighbor",
      "group": "top1_neighbor",
      "yaw": 245.0,
      "pitch": 32.5,
      "roll": 15.0,
      "sun_dir": [
        0.915667895194329,
        0.0,
        0.4019356984772403
      ],
      "det_dir": [
        0.44543540318737396,
        -0.8908708063747479,
        0.0890870806374748
      ],
      "camera_exr_src": "REUSED_BASELINE",
      "sun_exr_src": "NEW_26",
      "status": "COMPLETE",
      "ocs_total": 0.17271974682807922,
      "ocs_metal": 0.16264578700065613,
      "ocs_dark": 0.008580749854445457,
      "ocs_solar": 0.0014932152116671205,
      "n_pixels_camera_visible": 6204,
      "n_pixels_contributing": 4177,
      "image_usable": true,
      "failed_reason": ""
    },
    {
      "geom_id": "G2_sun_minus",
      "pose_id": "D3",
      "label": "yaw2475_pitchp0375_roll+015",
      "role": "top1_neighbor",
      "group": "top1_neighbor",
      "yaw": 247.5,
      "pitch": 37.5,
      "roll": 15.0,
      "sun_dir": [
        0.915667895194329,
        0.0,
        0.4019356984772403
      ],
      "det_dir": [
        0.44543540318737396,
        -0.8908708063747479,
        0.0890870806374748
      ],
      "camera_exr_src": "REUSED_BASELINE",
      "sun_exr_src": "NEW_26",
      "status": "COMPLETE",
      "ocs_total": 0.15753455460071564,
      "ocs_metal": 0.14775031805038452,
      "ocs_dark": 0.008458811789751053,
      "ocs_solar": 0.0013254234800115228,
      "n_pixels_camera_visible": 6282,
      "n_pixels_contributing": 4131,
      "image_usable": true,
      "failed_reason": ""
    },
    {
      "geom_id": "G2_sun_minus",
      "pose_id": "D4",
      "label": "yaw2425_pitchp0225_roll+015",
      "role": "top1_neighbor",
      "group": "top1_neighbor",
      "yaw": 242.5,
      "pitch": 22.5,
      "roll": 15.0,
      "sun_dir": [
        0.915667895194329,
        0.0,
        0.4019356984772403
      ],
      "det_dir": [
        0.44543540318737396,
        -0.8908708063747479,
        0.0890870806374748
      ],
      "camera_exr_src": "REUSED_BASELINE",
      "sun_exr_src": "NEW_26",
      "status": "COMPLETE",
      "ocs_total": 0.18842081725597382,
      "ocs_metal": 0.17815831303596497,
      "ocs_dark": 0.008664174936711788,
      "ocs_solar": 0.0015983283519744873,
      "n_pixels_camera_visible": 6033,
      "n_pixels_contributing": 4150,
      "image_usable": true,
      "failed_reason": ""
    },
    {
      "geom_id": "G2_sun_minus",
      "pose_id": "D5_roll125",
      "label": "yaw2450_pitchp0275_roll+0125",
      "role": "top1_neighbor_roll125",
      "group": "top1_neighbor",
      "yaw": 245.0,
      "pitch": 27.5,
      "roll": 12.5,
      "sun_dir": [
        0.915667895194329,
        0.0,
        0.4019356984772403
      ],
      "det_dir": [
        0.44543540318737396,
        -0.8908708063747479,
        0.0890870806374748
      ],
      "camera_exr_src": "REUSED_BASELINE",
      "sun_exr_src": "NEW_26",
      "status": "COMPLETE",
      "ocs_total": 0.14114068448543549,
      "ocs_metal": 0.1311608850955963,
      "ocs_dark": 0.008430816233158112,
      "ocs_solar": 0.0015489950310438871,
      "n_pixels_camera_visible": 6205,
      "n_pixels_contributing": 4119,
      "image_usable": true,
      "failed_reason": ""
    },
    {
      "geom_id": "G2_sun_minus",
      "pose_id": "D6_roll175",
      "label": "yaw2475_pitchp0300_roll+0175",
      "role": "top1_neighbor_roll175",
      "group": "top1_neighbor",
      "yaw": 247.5,
      "pitch": 30.0,
      "roll": 17.5,
      "sun_dir": [
        0.915667895194329,
        0.0,
        0.4019356984772403
      ],
      "det_dir": [
        0.44543540318737396,
        -0.8908708063747479,
        0.0890870806374748
      ],
      "camera_exr_src": "REUSED_BASELINE",
      "sun_exr_src": "NEW_26",
      "status": "COMPLETE",
      "ocs_total": 0.19493061304092407,
      "ocs_metal": 0.18475785851478577,
      "ocs_dark": 0.008646395988762379,
      "ocs_solar": 0.0015263562090694904,
      "n_pixels_camera_visible": 6163,
      "n_pixels_contributing": 4076,
      "image_usable": true,
      "failed_reason": ""
    },
    {
      "geom_id": "G2_sun_minus",
      "pose_id": "E1_R4roll-15",
      "label": "yaw1475_pitchp0125_roll-015",
      "role": "R4_cluster_nsm1",
      "group": "R4_cluster",
      "yaw": 147.5,
      "pitch": 12.5,
      "roll": -15.0,
      "sun_dir": [
        0.915667895194329,
        0.0,
        0.4019356984772403
      ],
      "det_dir": [
        0.44543540318737396,
        -0.8908708063747479,
        0.0890870806374748
      ],
      "camera_exr_src": "REUSED_BASELINE",
      "sun_exr_src": "NEW_26",
      "status": "COMPLETE",
      "ocs_total": 0.1640557199716568,
      "ocs_metal": 0.1616245061159134,
      "ocs_dark": 0.0009512850665487349,
      "ocs_solar": 0.0014799460768699646,
      "n_pixels_camera_visible": 5530,
      "n_pixels_contributing": 3054,
      "image_usable": true,
      "failed_reason": ""
    },
    {
      "geom_id": "G2_sun_minus",
      "pose_id": "E2_R4roll+15",
      "label": "yaw1475_pitchp0125_roll+015",
      "role": "R4_cluster_nsm1",
      "group": "R4_cluster",
      "yaw": 147.5,
      "pitch": 12.5,
      "roll": 15.0,
      "sun_dir": [
        0.915667895194329,
        0.0,
        0.4019356984772403
      ],
      "det_dir": [
        0.44543540318737396,
        -0.8908708063747479,
        0.0890870806374748
      ],
      "camera_exr_src": "REUSED_BASELINE",
      "sun_exr_src": "NEW_26",
      "status": "COMPLETE",
      "ocs_total": 0.1600990891456604,
      "ocs_metal": 0.15738776326179504,
      "ocs_dark": 0.0009556607692502439,
      "ocs_solar": 0.0017556491075083613,
      "n_pixels_camera_visible": 5607,
      "n_pixels_contributing": 2751,
      "image_usable": true,
      "failed_reason": ""
    },
    {
      "geom_id": "G2_sun_minus",
      "pose_id": "F1_edge",
      "label": "yaw2425_pitchp0275_roll+015",
      "role": "bright_edge_nsm0",
      "group": "bright_edge",
      "yaw": 242.5,
      "pitch": 27.5,
      "roll": 15.0,
      "sun_dir": [
        0.915667895194329,
        0.0,
        0.4019356984772403
      ],
      "det_dir": [
        0.44543540318737396,
        -0.8908708063747479,
        0.0890870806374748
      ],
      "camera_exr_src": "REUSED_BASELINE",
      "sun_exr_src": "NEW_26",
      "status": "COMPLETE",
      "ocs_total": 0.17901891469955444,
      "ocs_metal": 0.168784961104393,
      "ocs_dark": 0.008600438013672829,
      "ocs_solar": 0.0016335095278918743,
      "n_pixels_camera_visible": 6132,
      "n_pixels_contributing": 4227,
      "image_usable": true,
      "failed_reason": ""
    },
    {
      "geom_id": "G2_sun_minus",
      "pose_id": "F2_edge",
      "label": "yaw2475_pitchp0300_roll+015",
      "role": "bright_edge_nsm0",
      "group": "bright_edge",
      "yaw": 247.5,
      "pitch": 30.0,
      "roll": 15.0,
      "sun_dir": [
        0.915667895194329,
        0.0,
        0.4019356984772403
      ],
      "det_dir": [
        0.44543540318737396,
        -0.8908708063747479,
        0.0890870806374748
      ],
      "camera_exr_src": "REUSED_BASELINE",
      "sun_exr_src": "NEW_26",
      "status": "COMPLETE",
      "ocs_total": 0.16262882947921753,
      "ocs_metal": 0.1527487188577652,
      "ocs_dark": 0.008519630879163742,
      "ocs_solar": 0.001360482070595026,
      "n_pixels_camera_visible": 6192,
      "n_pixels_contributing": 4044,
      "image_usable": true,
      "failed_reason": ""
    },
    {
      "geom_id": "G2_sun_minus",
      "pose_id": "F3_edge",
      "label": "yaw240_pitch+015_roll+015",
      "role": "bright_edge_nsm0",
      "group": "bright_edge",
      "yaw": 240.0,
      "pitch": 15.0,
      "roll": 15.0,
      "sun_dir": [
        0.915667895194329,
        0.0,
        0.4019356984772403
      ],
      "det_dir": [
        0.44543540318737396,
        -0.8908708063747479,
        0.0890870806374748
      ],
      "camera_exr_src": "REUSED_BASELINE",
      "sun_exr_src": "NEW_26",
      "status": "COMPLETE",
      "ocs_total": 0.1944742351770401,
      "ocs_metal": 0.18417291343212128,
      "ocs_dark": 0.008686578832566738,
      "ocs_solar": 0.0016147627029567957,
      "n_pixels_camera_visible": 5780,
      "n_pixels_contributing": 4218,
      "image_usable": true,
      "failed_reason": ""
    },
    {
      "geom_id": "G3_view_plus",
      "pose_id": "A_top1",
      "label": "yaw2450_pitchp0275_roll+015",
      "role": "top1",
      "group": "mandatory",
      "yaw": 245.0,
      "pitch": 27.5,
      "roll": 15.0,
      "sun_dir": [
        0.9578262852211513,
        0.0,
        0.2873478855663454
      ],
      "det_dir": [
        0.437259804377141,
        -0.874519608754282,
        0.20980781057987746
      ],
      "camera_exr_src": "NEW_26",
      "sun_exr_src": "REUSED_BASELINE",
      "status": "COMPLETE",
      "ocs_total": 0.1875115931034088,
      "ocs_metal": 0.1772422194480896,
      "ocs_dark": 0.008827890269458294,
      "ocs_solar": 0.0014414817560464144,
      "n_pixels_camera_visible": 6266,
      "n_pixels_contributing": 4231,
      "image_usable": true,
      "failed_reason": ""
    },
    {
      "geom_id": "G3_view_plus",
      "pose_id": "B_R4",
      "label": "yaw1475_pitchp0125_roll+000",
      "role": "R4_robust",
      "group": "mandatory",
      "yaw": 147.5,
      "pitch": 12.5,
      "roll": 0.0,
      "sun_dir": [
        0.9578262852211513,
        0.0,
        0.2873478855663454
      ],
      "det_dir": [
        0.437259804377141,
        -0.874519608754282,
        0.20980781057987746
      ],
      "camera_exr_src": "NEW_26",
      "sun_exr_src": "REUSED_BASELINE",
      "status": "COMPLETE",
      "ocs_total": 0.1689455658197403,
      "ocs_metal": 0.16650128364562988,
      "ocs_dark": 0.0009527914808131754,
      "ocs_solar": 0.001491502858698368,
      "n_pixels_camera_visible": 5441,
      "n_pixels_contributing": 3091,
      "image_usable": true,
      "failed_reason": ""
    },
    {
      "geom_id": "G3_view_plus",
      "pose_id": "C_R3",
      "label": "yaw055_pitch+060_roll+000",
      "role": "R3_negative",
      "group": "mandatory",
      "yaw": 55.0,
      "pitch": 60.0,
      "roll": 0.0,
      "sun_dir": [
        0.9578262852211513,
        0.0,
        0.2873478855663454
      ],
      "det_dir": [
        0.437259804377141,
        -0.874519608754282,
        0.20980781057987746
      ],
      "camera_exr_src": "NEW_26",
      "sun_exr_src": "REUSED_BASELINE",
      "status": "COMPLETE",
      "ocs_total": 0.03979351371526718,
      "ocs_metal": 0.03887146711349487,
      "ocs_dark": 0.0,
      "ocs_solar": 0.0009220456704497337,
      "n_pixels_camera_visible": 6330,
      "n_pixels_contributing": 4096,
      "image_usable": true,
      "failed_reason": ""
    },
    {
      "geom_id": "G3_view_plus",
      "pose_id": "D1",
      "label": "yaw2450_pitchp0300_roll+015",
      "role": "top1_neighbor",
      "group": "top1_neighbor",
      "yaw": 245.0,
      "pitch": 30.0,
      "roll": 15.0,
      "sun_dir": [
        0.9578262852211513,
        0.0,
        0.2873478855663454
      ],
      "det_dir": [
        0.437259804377141,
        -0.874519608754282,
        0.20980781057987746
      ],
      "camera_exr_src": "NEW_26",
      "sun_exr_src": "REUSED_BASELINE",
      "status": "COMPLETE",
      "ocs_total": 0.18114528059959412,
      "ocs_metal": 0.17079457640647888,
      "ocs_dark": 0.008828718215227127,
      "ocs_solar": 0.00152199761942029,
      "n_pixels_camera_visible": 6292,
      "n_pixels_contributing": 4242,
      "image_usable": true,
      "failed_reason": ""
    },
    {
      "geom_id": "G3_view_plus",
      "pose_id": "D2",
      "label": "yaw2450_pitchp0325_roll+015",
      "role": "top1_neighbor",
      "group": "top1_neighbor",
      "yaw": 245.0,
      "pitch": 32.5,
      "roll": 15.0,
      "sun_dir": [
        0.9578262852211513,
        0.0,
        0.2873478855663454
      ],
      "det_dir": [
        0.437259804377141,
        -0.874519608754282,
        0.20980781057987746
      ],
      "camera_exr_src": "NEW_26",
      "sun_exr_src": "REUSED_BASELINE",
      "status": "COMPLETE",
      "ocs_total": 0.17550508677959442,
      "ocs_metal": 0.16506019234657288,
      "ocs_dark": 0.00882857758551836,
      "ocs_solar": 0.001616308349184692,
      "n_pixels_camera_visible": 6298,
      "n_pixels_contributing": 4283,
      "image_usable": true,
      "failed_reason": ""
    },
    {
      "geom_id": "G3_view_plus",
      "pose_id": "D3",
      "label": "yaw2475_pitchp0375_roll+015",
      "role": "top1_neighbor",
      "group": "top1_neighbor",
      "yaw": 247.5,
      "pitch": 37.5,
      "roll": 15.0,
      "sun_dir": [
        0.9578262852211513,
        0.0,
        0.2873478855663454
      ],
      "det_dir": [
        0.437259804377141,
        -0.874519608754282,
        0.20980781057987746
      ],
      "camera_exr_src": "NEW_26",
      "sun_exr_src": "REUSED_BASELINE",
      "status": "COMPLETE",
      "ocs_total": 0.1644652634859085,
      "ocs_metal": 0.15425798296928406,
      "ocs_dark": 0.008762517012655735,
      "ocs_solar": 0.0014447603607550263,
      "n_pixels_camera_visible": 6357,
      "n_pixels_contributing": 4203,
      "image_usable": true,
      "failed_reason": ""
    },
    {
      "geom_id": "G3_view_plus",
      "pose_id": "D4",
      "label": "yaw2425_pitchp0225_roll+015",
      "role": "top1_neighbor",
      "group": "top1_neighbor",
      "yaw": 242.5,
      "pitch": 22.5,
      "roll": 15.0,
      "sun_dir": [
        0.9578262852211513,
        0.0,
        0.2873478855663454
      ],
      "det_dir": [
        0.437259804377141,
        -0.874519608754282,
        0.20980781057987746
      ],
      "camera_exr_src": "NEW_26",
      "sun_exr_src": "REUSED_BASELINE",
      "status": "COMPLETE",
      "ocs_total": 0.190316304564476,
      "ocs_metal": 0.179881751537323,
      "ocs_dark": 0.008847838267683983,
      "ocs_solar": 0.0015867020701989532,
      "n_pixels_camera_visible": 6200,
      "n_pixels_contributing": 4240,
      "image_usable": true,
      "failed_reason": ""
    },
    {
      "geom_id": "G3_view_plus",
      "pose_id": "D5_roll125",
      "label": "yaw2450_pitchp0275_roll+0125",
      "role": "top1_neighbor_roll125",
      "group": "top1_neighbor",
      "yaw": 245.0,
      "pitch": 27.5,
      "roll": 12.5,
      "sun_dir": [
        0.9578262852211513,
        0.0,
        0.2873478855663454
      ],
      "det_dir": [
        0.437259804377141,
        -0.874519608754282,
        0.20980781057987746
      ],
      "camera_exr_src": "NEW_26",
      "sun_exr_src": "REUSED_BASELINE",
      "status": "COMPLETE",
      "ocs_total": 0.14897216856479645,
      "ocs_metal": 0.1388968527317047,
      "ocs_dark": 0.008629058487713337,
      "ocs_solar": 0.0014462583931162953,
      "n_pixels_camera_visible": 6307,
      "n_pixels_contributing": 4158,
      "image_usable": true,
      "failed_reason": ""
    },
    {
      "geom_id": "G3_view_plus",
      "pose_id": "D6_roll175",
      "label": "yaw2475_pitchp0300_roll+0175",
      "role": "top1_neighbor_roll175",
      "group": "top1_neighbor",
      "yaw": 247.5,
      "pitch": 30.0,
      "roll": 17.5,
      "sun_dir": [
        0.9578262852211513,
        0.0,
        0.2873478855663454
      ],
      "det_dir": [
        0.437259804377141,
        -0.874519608754282,
        0.20980781057987746
      ],
      "camera_exr_src": "NEW_26",
      "sun_exr_src": "REUSED_BASELINE",
      "status": "COMPLETE",
      "ocs_total": 0.20491532981395721,
      "ocs_metal": 0.19438377022743225,
      "ocs_dark": 0.008948183618485928,
      "ocs_solar": 0.001583354314789176,
      "n_pixels_camera_visible": 6272,
      "n_pixels_contributing": 4205,
      "image_usable": true,
      "failed_reason": ""
    },
    {
      "geom_id": "G3_view_plus",
      "pose_id": "E1_R4roll-15",
      "label": "yaw1475_pitchp0125_roll-015",
      "role": "R4_cluster_nsm1",
      "group": "R4_cluster",
      "yaw": 147.5,
      "pitch": 12.5,
      "roll": -15.0,
      "sun_dir": [
        0.9578262852211513,
        0.0,
        0.2873478855663454
      ],
      "det_dir": [
        0.437259804377141,
        -0.874519608754282,
        0.20980781057987746
      ],
      "camera_exr_src": "NEW_26",
      "sun_exr_src": "REUSED_BASELINE",
      "status": "COMPLETE",
      "ocs_total": 0.16874389350414276,
      "ocs_metal": 0.1665225476026535,
      "ocs_dark": 0.0009616723982617259,
      "ocs_solar": 0.001259670127183199,
      "n_pixels_camera_visible": 5660,
      "n_pixels_contributing": 2887,
      "image_usable": true,
      "failed_reason": ""
    },
    {
      "geom_id": "G3_view_plus",
      "pose_id": "E2_R4roll+15",
      "label": "yaw1475_pitchp0125_roll+015",
      "role": "R4_cluster_nsm1",
      "group": "R4_cluster",
      "yaw": 147.5,
      "pitch": 12.5,
      "roll": 15.0,
      "sun_dir": [
        0.9578262852211513,
        0.0,
        0.2873478855663454
      ],
      "det_dir": [
        0.437259804377141,
        -0.874519608754282,
        0.20980781057987746
      ],
      "camera_exr_src": "NEW_26",
      "sun_exr_src": "REUSED_BASELINE",
      "status": "COMPLETE",
      "ocs_total": 0.1665172576904297,
      "ocs_metal": 0.16399815678596497,
      "ocs_dark": 0.0009735618950799108,
      "ocs_solar": 0.0015455264365300536,
      "n_pixels_camera_visible": 5538,
      "n_pixels_contributing": 2876,
      "image_usable": true,
      "failed_reason": ""
    },
    {
      "geom_id": "G3_view_plus",
      "pose_id": "F1_edge",
      "label": "yaw2425_pitchp0275_roll+015",
      "role": "bright_edge_nsm0",
      "group": "bright_edge",
      "yaw": 242.5,
      "pitch": 27.5,
      "roll": 15.0,
      "sun_dir": [
        0.9578262852211513,
        0.0,
        0.2873478855663454
      ],
      "det_dir": [
        0.437259804377141,
        -0.874519608754282,
        0.20980781057987746
      ],
      "camera_exr_src": "NEW_26",
      "sun_exr_src": "REUSED_BASELINE",
      "status": "COMPLETE",
      "ocs_total": 0.17654801905155182,
      "ocs_metal": 0.16630905866622925,
      "ocs_dark": 0.00877518579363823,
      "ocs_solar": 0.0014637613203376532,
      "n_pixels_camera_visible": 6218,
      "n_pixels_contributing": 4303,
      "image_usable": true,
      "failed_reason": ""
    },
    {
      "geom_id": "G3_view_plus",
      "pose_id": "F2_edge",
      "label": "yaw2475_pitchp0300_roll+015",
      "role": "bright_edge_nsm0",
      "group": "bright_edge",
      "yaw": 247.5,
      "pitch": 30.0,
      "roll": 15.0,
      "sun_dir": [
        0.9578262852211513,
        0.0,
        0.2873478855663454
      ],
      "det_dir": [
        0.437259804377141,
        -0.874519608754282,
        0.20980781057987746
      ],
      "camera_exr_src": "NEW_26",
      "sun_exr_src": "REUSED_BASELINE",
      "status": "COMPLETE",
      "ocs_total": 0.17492923140525818,
      "ocs_metal": 0.1648426353931427,
      "ocs_dark": 0.008715769276022911,
      "ocs_solar": 0.0013708114856854081,
      "n_pixels_camera_visible": 6327,
      "n_pixels_contributing": 4109,
      "image_usable": true,
      "failed_reason": ""
    },
    {
      "geom_id": "G3_view_plus",
      "pose_id": "F3_edge",
      "label": "yaw240_pitch+015_roll+015",
      "role": "bright_edge_nsm0",
      "group": "bright_edge",
      "yaw": 240.0,
      "pitch": 15.0,
      "roll": 15.0,
      "sun_dir": [
        0.9578262852211513,
        0.0,
        0.2873478855663454
      ],
      "det_dir": [
        0.437259804377141,
        -0.874519608754282,
        0.20980781057987746
      ],
      "camera_exr_src": "NEW_26",
      "sun_exr_src": "REUSED_BASELINE",
      "status": "COMPLETE",
      "ocs_total": 0.1950487643480301,
      "ocs_metal": 0.18471230566501617,
      "ocs_dark": 0.00887040514498949,
      "ocs_solar": 0.0014660642482340336,
      "n_pixels_camera_visible": 6103,
      "n_pixels_contributing": 4266,
      "image_usable": true,
      "failed_reason": ""
    },
    {
      "geom_id": "G4_view_minus",
      "pose_id": "A_top1",
      "label": "yaw2450_pitchp0275_roll+015",
      "role": "top1",
      "group": "mandatory",
      "yaw": 245.0,
      "pitch": 27.5,
      "roll": 15.0,
      "sun_dir": [
        0.9578262852211513,
        0.0,
        0.2873478855663454
      ],
      "det_dir": [
        0.44697058609971635,
        -0.8939411721994327,
        -0.032961732484506
      ],
      "camera_exr_src": "NEW_26",
      "sun_exr_src": "REUSED_BASELINE",
      "status": "COMPLETE",
      "ocs_total": 0.16396582126617432,
      "ocs_metal": 0.15399667620658875,
      "ocs_dark": 0.008359036408364773,
      "ocs_solar": 0.0016101052751764655,
      "n_pixels_camera_visible": 5937,
      "n_pixels_contributing": 3994,
      "image_usable": true,
      "failed_reason": ""
    },
    {
      "geom_id": "G4_view_minus",
      "pose_id": "B_R4",
      "label": "yaw1475_pitchp0125_roll+000",
      "role": "R4_robust",
      "group": "mandatory",
      "yaw": 147.5,
      "pitch": 12.5,
      "roll": 0.0,
      "sun_dir": [
        0.9578262852211513,
        0.0,
        0.2873478855663454
      ],
      "det_dir": [
        0.44697058609971635,
        -0.8939411721994327,
        -0.032961732484506
      ],
      "camera_exr_src": "NEW_26",
      "sun_exr_src": "REUSED_BASELINE",
      "status": "COMPLETE",
      "ocs_total": 0.16372577846050262,
      "ocs_metal": 0.16095557808876038,
      "ocs_dark": 0.0008907595765776932,
      "ocs_solar": 0.0018794483039528131,
      "n_pixels_camera_visible": 5729,
      "n_pixels_contributing": 2637,
      "image_usable": true,
      "failed_reason": ""
    },
    {
      "geom_id": "G4_view_minus",
      "pose_id": "C_R3",
      "label": "yaw055_pitch+060_roll+000",
      "role": "R3_negative",
      "group": "mandatory",
      "yaw": 55.0,
      "pitch": 60.0,
      "roll": 0.0,
      "sun_dir": [
        0.9578262852211513,
        0.0,
        0.2873478855663454
      ],
      "det_dir": [
        0.44697058609971635,
        -0.8939411721994327,
        -0.032961732484506
      ],
      "camera_exr_src": "NEW_26",
      "sun_exr_src": "REUSED_BASELINE",
      "status": "COMPLETE",
      "ocs_total": 0.13244368135929108,
      "ocs_metal": 0.13146470487117767,
      "ocs_dark": 0.0,
      "ocs_solar": 0.0009789775358512998,
      "n_pixels_camera_visible": 6271,
      "n_pixels_contributing": 4122,
      "image_usable": true,
      "failed_reason": ""
    },
    {
      "geom_id": "G4_view_minus",
      "pose_id": "D1",
      "label": "yaw2450_pitchp0300_roll+015",
      "role": "top1_neighbor",
      "group": "top1_neighbor",
      "yaw": 245.0,
      "pitch": 30.0,
      "roll": 15.0,
      "sun_dir": [
        0.9578262852211513,
        0.0,
        0.2873478855663454
      ],
      "det_dir": [
        0.44697058609971635,
        -0.8939411721994327,
        -0.032961732484506
      ],
      "camera_exr_src": "NEW_26",
      "sun_exr_src": "REUSED_BASELINE",
      "status": "COMPLETE",
      "ocs_total": 0.16832934319972992,
      "ocs_metal": 0.1583593636751175,
      "ocs_dark": 0.008418869227170944,
      "ocs_solar": 0.0015511256642639637,
      "n_pixels_camera_visible": 5991,
      "n_pixels_contributing": 4027,
      "image_usable": true,
      "failed_reason": ""
    },
    {
      "geom_id": "G4_view_minus",
      "pose_id": "D2",
      "label": "yaw2450_pitchp0325_roll+015",
      "role": "top1_neighbor",
      "group": "top1_neighbor",
      "yaw": 245.0,
      "pitch": 32.5,
      "roll": 15.0,
      "sun_dir": [
        0.9578262852211513,
        0.0,
        0.2873478855663454
      ],
      "det_dir": [
        0.44697058609971635,
        -0.8939411721994327,
        -0.032961732484506
      ],
      "camera_exr_src": "NEW_26",
      "sun_exr_src": "REUSED_BASELINE",
      "status": "COMPLETE",
      "ocs_total": 0.17359082400798798,
      "ocs_metal": 0.16369371116161346,
      "ocs_dark": 0.008406913839280605,
      "ocs_solar": 0.0014902087859809399,
      "n_pixels_camera_visible": 6051,
      "n_pixels_contributing": 4054,
      "image_usable": true,
      "failed_reason": ""
    },
    {
      "geom_id": "G4_view_minus",
      "pose_id": "D3",
      "label": "yaw2475_pitchp0375_roll+015",
      "role": "top1_neighbor",
      "group": "top1_neighbor",
      "yaw": 247.5,
      "pitch": 37.5,
      "roll": 15.0,
      "sun_dir": [
        0.9578262852211513,
        0.0,
        0.2873478855663454
      ],
      "det_dir": [
        0.44697058609971635,
        -0.8939411721994327,
        -0.032961732484506
      ],
      "camera_exr_src": "NEW_26",
      "sun_exr_src": "REUSED_BASELINE",
      "status": "COMPLETE",
      "ocs_total": 0.18111972510814667,
      "ocs_metal": 0.17116203904151917,
      "ocs_dark": 0.008510537445545197,
      "ocs_solar": 0.0014471464091911912,
      "n_pixels_camera_visible": 6169,
      "n_pixels_contributing": 4011,
      "image_usable": true,
      "failed_reason": ""
    },
    {
      "geom_id": "G4_view_minus",
      "pose_id": "D4",
      "label": "yaw2425_pitchp0225_roll+015",
      "role": "top1_neighbor",
      "group": "top1_neighbor",
      "yaw": 242.5,
      "pitch": 22.5,
      "roll": 15.0,
      "sun_dir": [
        0.9578262852211513,
        0.0,
        0.2873478855663454
      ],
      "det_dir": [
        0.44697058609971635,
        -0.8939411721994327,
        -0.032961732484506
      ],
      "camera_exr_src": "NEW_26",
      "sun_exr_src": "REUSED_BASELINE",
      "status": "COMPLETE",
      "ocs_total": 0.15209978818893433,
      "ocs_metal": 0.14212629199028015,
      "ocs_dark": 0.00835786759853363,
      "ocs_solar": 0.0016156358178704977,
      "n_pixels_camera_visible": 5842,
      "n_pixels_contributing": 4149,
      "image_usable": true,
      "failed_reason": ""
    },
    {
      "geom_id": "G4_view_minus",
      "pose_id": "D5_roll125",
      "label": "yaw2450_pitchp0275_roll+0125",
      "role": "top1_neighbor_roll125",
      "group": "top1_neighbor",
      "yaw": 245.0,
      "pitch": 27.5,
      "roll": 12.5,
      "sun_dir": [
        0.9578262852211513,
        0.0,
        0.2873478855663454
      ],
      "det_dir": [
        0.44697058609971635,
        -0.8939411721994327,
        -0.032961732484506
      ],
      "camera_exr_src": "NEW_26",
      "sun_exr_src": "REUSED_BASELINE",
      "status": "COMPLETE",
      "ocs_total": 0.18548740446567535,
      "ocs_metal": 0.1755441278219223,
      "ocs_dark": 0.008478915318846703,
      "ocs_solar": 0.001464345376007259,
      "n_pixels_camera_visible": 6010,
      "n_pixels_contributing": 3962,
      "image_usable": true,
      "failed_reason": ""
    },
    {
      "geom_id": "G4_view_minus",
      "pose_id": "D6_roll175",
      "label": "yaw2475_pitchp0300_roll+0175",
      "role": "top1_neighbor_roll175",
      "group": "top1_neighbor",
      "yaw": 247.5,
      "pitch": 30.0,
      "roll": 17.5,
      "sun_dir": [
        0.9578262852211513,
        0.0,
        0.2873478855663454
      ],
      "det_dir": [
        0.44697058609971635,
        -0.8939411721994327,
        -0.032961732484506
      ],
      "camera_exr_src": "NEW_26",
      "sun_exr_src": "REUSED_BASELINE",
      "status": "COMPLETE",
      "ocs_total": 0.13248276710510254,
      "ocs_metal": 0.12290993332862854,
      "ocs_dark": 0.008202612400054932,
      "ocs_solar": 0.0013702192809432745,
      "n_pixels_camera_visible": 5953,
      "n_pixels_contributing": 3922,
      "image_usable": true,
      "failed_reason": ""
    },
    {
      "geom_id": "G4_view_minus",
      "pose_id": "E1_R4roll-15",
      "label": "yaw1475_pitchp0125_roll-015",
      "role": "R4_cluster_nsm1",
      "group": "R4_cluster",
      "yaw": 147.5,
      "pitch": 12.5,
      "roll": -15.0,
      "sun_dir": [
        0.9578262852211513,
        0.0,
        0.2873478855663454
      ],
      "det_dir": [
        0.44697058609971635,
        -0.8939411721994327,
        -0.032961732484506
      ],
      "camera_exr_src": "NEW_26",
      "sun_exr_src": "REUSED_BASELINE",
      "status": "COMPLETE",
      "ocs_total": 0.16748298704624176,
      "ocs_metal": 0.1650230586528778,
      "ocs_dark": 0.000912140472792089,
      "ocs_solar": 0.001547789084725082,
      "n_pixels_camera_visible": 5650,
      "n_pixels_contributing": 3102,
      "image_usable": true,
      "failed_reason": ""
    },
    {
      "geom_id": "G4_view_minus",
      "pose_id": "E2_R4roll+15",
      "label": "yaw1475_pitchp0125_roll+015",
      "role": "R4_cluster_nsm1",
      "group": "R4_cluster",
      "yaw": 147.5,
      "pitch": 12.5,
      "roll": 15.0,
      "sun_dir": [
        0.9578262852211513,
        0.0,
        0.2873478855663454
      ],
      "det_dir": [
        0.44697058609971635,
        -0.8939411721994327,
        -0.032961732484506
      ],
      "camera_exr_src": "NEW_26",
      "sun_exr_src": "REUSED_BASELINE",
      "status": "COMPLETE",
      "ocs_total": 0.1622324287891388,
      "ocs_metal": 0.1594199240207672,
      "ocs_dark": 0.0009273129981011152,
      "ocs_solar": 0.001885194331407547,
      "n_pixels_camera_visible": 5593,
      "n_pixels_contributing": 2575,
      "image_usable": true,
      "failed_reason": ""
    },
    {
      "geom_id": "G4_view_minus",
      "pose_id": "F1_edge",
      "label": "yaw2425_pitchp0275_roll+015",
      "role": "bright_edge_nsm0",
      "group": "bright_edge",
      "yaw": 242.5,
      "pitch": 27.5,
      "roll": 15.0,
      "sun_dir": [
        0.9578262852211513,
        0.0,
        0.2873478855663454
      ],
      "det_dir": [
        0.44697058609971635,
        -0.8939411721994327,
        -0.032961732484506
      ],
      "camera_exr_src": "NEW_26",
      "sun_exr_src": "REUSED_BASELINE",
      "status": "COMPLETE",
      "ocs_total": 0.1567886769771576,
      "ocs_metal": 0.14686807990074158,
      "ocs_dark": 0.008346391841769218,
      "ocs_solar": 0.0015742048854008317,
      "n_pixels_camera_visible": 5875,
      "n_pixels_contributing": 4083,
      "image_usable": true,
      "failed_reason": ""
    },
    {
      "geom_id": "G4_view_minus",
      "pose_id": "F2_edge",
      "label": "yaw2475_pitchp0300_roll+015",
      "role": "bright_edge_nsm0",
      "group": "bright_edge",
      "yaw": 247.5,
      "pitch": 30.0,
      "roll": 15.0,
      "sun_dir": [
        0.9578262852211513,
        0.0,
        0.2873478855663454
      ],
      "det_dir": [
        0.44697058609971635,
        -0.8939411721994327,
        -0.032961732484506
      ],
      "camera_exr_src": "NEW_26",
      "sun_exr_src": "REUSED_BASELINE",
      "status": "COMPLETE",
      "ocs_total": 0.15863952040672302,
      "ocs_metal": 0.1488221436738968,
      "ocs_dark": 0.008342714980244637,
      "ocs_solar": 0.0014746779343113303,
      "n_pixels_camera_visible": 6028,
      "n_pixels_contributing": 3908,
      "image_usable": true,
      "failed_reason": ""
    },
    {
      "geom_id": "G4_view_minus",
      "pose_id": "F3_edge",
      "label": "yaw240_pitch+015_roll+015",
      "role": "bright_edge_nsm0",
      "group": "bright_edge",
      "yaw": 240.0,
      "pitch": 15.0,
      "roll": 15.0,
      "sun_dir": [
        0.9578262852211513,
        0.0,
        0.2873478855663454
      ],
      "det_dir": [
        0.44697058609971635,
        -0.8939411721994327,
        -0.032961732484506
      ],
      "camera_exr_src": "NEW_26",
      "sun_exr_src": "REUSED_BASELINE",
      "status": "COMPLETE",
      "ocs_total": 0.1361619234085083,
      "ocs_metal": 0.12623991072177887,
      "ocs_dark": 0.008291858248412609,
      "ocs_solar": 0.0016301546711474657,
      "n_pixels_camera_visible": 6023,
      "n_pixels_contributing": 4400,
      "image_usable": true,
      "failed_reason": ""
    }
  ]
}