{
  "timestamp": "2026-07-06T21:44:12.905727",
  "stage": "stageC",
  "n_total": 54,
  "n_complete": 54,
  "records": [
    {
      "geom_id": "sp5_vm9",
      "sun_offset": 5,
      "view_offset": -9,
      "pose_id": "C_R3",
      "label": "yaw055_pitch+060_roll+000",
      "yaw": 55.0,
      "pitch": 60.0,
      "roll": 0.0,
      "is_new_pose": false,
      "on_grid_edge": "",
      "camera_exr_src": "28/cam_vm9",
      "sun_exr_src": "28/sun_sp5",
      "status": "COMPLETE",
      "ocs_total": 0.22622953355312347,
      "ocs_metal": 0.22485961019992828,
      "ocs_dark": 0.0,
      "ocs_solar": 0.0013699292903766036,
      "n_pixels_contributing": 4142,
      "image_usable": true,
      "failed_reason": "",
      "rank": 13
    },
    {
      "geom_id": "sp5_vm7",
      "sun_offset": 5,
      "view_offset": -7,
      "pose_id": "C_R3",
      "label": "yaw055_pitch+060_roll+000",
      "yaw": 55.0,
      "pitch": 60.0,
      "roll": 0.0,
      "is_new_pose": false,
      "on_grid_edge": "",
      "camera_exr_src": "REUSED_26/G4_view_minus",
      "sun_exr_src": "28/sun_sp5",
      "status": "COMPLETE",
      "ocs_total": 0.19939279556274414,
      "ocs_metal": 0.1983136236667633,
      "ocs_dark": 0.0,
      "ocs_solar": 0.0010791633976623416,
      "n_pixels_contributing": 4117,
      "image_usable": true,
      "failed_reason": "",
      "rank": 16
    },
    {
      "geom_id": "sp5_vm5",
      "sun_offset": 5,
      "view_offset": -5,
      "pose_id": "C_R3",
      "label": "yaw055_pitch+060_roll+000",
      "yaw": 55.0,
      "pitch": 60.0,
      "roll": 0.0,
      "is_new_pose": false,
      "on_grid_edge": "",
      "camera_exr_src": "28/cam_vm5",
      "sun_exr_src": "28/sun_sp5",
      "status": "COMPLETE",
      "ocs_total": 0.17157575488090515,
      "ocs_metal": 0.17014214396476746,
      "ocs_dark": 0.0,
      "ocs_solar": 0.0014336092863231897,
      "n_pixels_contributing": 4136,
      "image_usable": true,
      "failed_reason": "",
      "rank": 18
    },
    {
      "geom_id": "sp7_vm9",
      "sun_offset": 7,
      "view_offset": -9,
      "pose_id": "C_R3",
      "label": "yaw055_pitch+060_roll+000",
      "yaw": 55.0,
      "pitch": 60.0,
      "roll": 0.0,
      "is_new_pose": false,
      "on_grid_edge": "",
      "camera_exr_src": "28/cam_vm9",
      "sun_exr_src": "REUSED_26/G1_sun_plus",
      "status": "COMPLETE",
      "ocs_total": 0.2492092102766037,
      "ocs_metal": 0.2478063702583313,
      "ocs_dark": 0.0,
      "ocs_solar": 0.0014028489822521806,
      "n_pixels_contributing": 4141,
      "image_usable": true,
      "failed_reason": "",
      "rank": 10
    },
    {
      "geom_id": "sp7_vm7",
      "sun_offset": 7,
      "view_offset": -7,
      "pose_id": "C_R3",
      "label": "yaw055_pitch+060_roll+000",
      "yaw": 55.0,
      "pitch": 60.0,
      "roll": 0.0,
      "is_new_pose": false,
      "on_grid_edge": "",
      "camera_exr_src": "REUSED_26/G4_view_minus",
      "sun_exr_src": "REUSED_26/G1_sun_plus",
      "status": "COMPLETE",
      "ocs_total": 0.22555673122406006,
      "ocs_metal": 0.22444628179073334,
      "ocs_dark": 0.0,
      "ocs_solar": 0.0011104883160442114,
      "n_pixels_contributing": 4116,
      "image_usable": true,
      "failed_reason": "",
      "anchor_ref": "27/Hsp_vm",
      "anchor_ref_ocs_total": 0.22555673122406006,
      "anchor_rel_diff": 0.0,
      "rank": 14
    },
    {
      "geom_id": "sp7_vm5",
      "sun_offset": 7,
      "view_offset": -5,
      "pose_id": "C_R3",
      "label": "yaw055_pitch+060_roll+000",
      "yaw": 55.0,
      "pitch": 60.0,
      "roll": 0.0,
      "is_new_pose": false,
      "on_grid_edge": "",
      "camera_exr_src": "28/cam_vm5",
      "sun_exr_src": "REUSED_26/G1_sun_plus",
      "status": "COMPLETE",
      "ocs_total": 0.19880758225917816,
      "ocs_metal": 0.19732478260993958,
      "ocs_dark": 0.0,
      "ocs_solar": 0.0014827919658273458,
      "n_pixels_contributing": 4134,
      "image_usable": true,
      "failed_reason": "",
      "rank": 17
    },
    {
      "geom_id": "sp9_vm9",
      "sun_offset": 9,
      "view_offset": -9,
      "pose_id": "C_R3",
      "label": "yaw055_pitch+060_roll+000",
      "yaw": 55.0,
      "pitch": 60.0,
      "roll": 0.0,
      "is_new_pose": false,
      "on_grid_edge": "",
      "camera_exr_src": "28/cam_vm9",
      "sun_exr_src": "28/sun_sp9",
      "status": "COMPLETE",
      "ocs_total": 0.26702725887298584,
      "ocs_metal": 0.2655998468399048,
      "ocs_dark": 0.0,
      "ocs_solar": 0.0014273867709562182,
      "n_pixels_contributing": 4144,
      "image_usable": true,
      "failed_reason": "",
      "rank": 6
    },
    {
      "geom_id": "sp9_vm7",
      "sun_offset": 9,
      "view_offset": -7,
      "pose_id": "C_R3",
      "label": "yaw055_pitch+060_roll+000",
      "yaw": 55.0,
      "pitch": 60.0,
      "roll": 0.0,
      "is_new_pose": false,
      "on_grid_edge": "",
      "camera_exr_src": "REUSED_26/G4_view_minus",
      "sun_exr_src": "28/sun_sp9",
      "status": "COMPLETE",
      "ocs_total": 0.24855244159698486,
      "ocs_metal": 0.24741677939891815,
      "ocs_dark": 0.0,
      "ocs_solar": 0.0011356667382642627,
      "n_pixels_contributing": 4113,
      "image_usable": true,
      "failed_reason": "",
      "rank": 11
    },
    {
      "geom_id": "sp9_vm5",
      "sun_offset": 9,
      "view_offset": -5,
      "pose_id": "C_R3",
      "label": "yaw055_pitch+060_roll+000",
      "yaw": 55.0,
      "pitch": 60.0,
      "roll": 0.0,
      "is_new_pose": false,
      "on_grid_edge": "",
      "camera_exr_src": "28/cam_vm5",
      "sun_exr_src": "28/sun_sp9",
      "status": "COMPLETE",
      "ocs_total": 0.22489063441753387,
      "ocs_metal": 0.22336602210998535,
      "ocs_dark": 0.0,
      "ocs_solar": 0.0015245878603309393,
      "n_pixels_contributing": 4127,
      "image_usable": true,
      "failed_reason": "",
      "rank": 15
    },
    {
      "geom_id": "sp5_vm9",
      "sun_offset": 5,
      "view_offset": -9,
      "pose_id": "S1_best[B_y35_p75_r-20]",
      "label": "yaw035_pitch+075_roll-020",
      "yaw": 35.0,
      "pitch": 75.0,
      "roll": -20.0,
      "is_new_pose": true,
      "on_grid_edge": "",
      "camera_exr_src": "28/cam_vm9",
      "sun_exr_src": "28/sun_sp5",
      "status": "COMPLETE",
      "ocs_total": 0.2711687982082367,
      "ocs_metal": 0.2696959376335144,
      "ocs_dark": 1.1704837561410386e-05,
      "ocs_solar": 0.0014611411606892943,
      "n_pixels_contributing": 4165,
      "image_usable": true,
      "failed_reason": "",
      "rank": 3
    },
    {
      "geom_id": "sp5_vm7",
      "sun_offset": 5,
      "view_offset": -7,
      "pose_id": "S1_best[B_y35_p75_r-20]",
      "label": "yaw035_pitch+075_roll-020",
      "yaw": 35.0,
      "pitch": 75.0,
      "roll": -20.0,
      "is_new_pose": true,
      "on_grid_edge": "",
      "camera_exr_src": "28/cam_vm7",
      "sun_exr_src": "28/sun_sp5",
      "status": "COMPLETE",
      "ocs_total": 0.27193960547447205,
      "ocs_metal": 0.27053168416023254,
      "ocs_dark": 0.0,
      "ocs_solar": 0.001407896401360631,
      "n_pixels_contributing": 4133,
      "image_usable": true,
      "failed_reason": "",
      "rank": 1
    },
    {
      "geom_id": "sp5_vm5",
      "sun_offset": 5,
      "view_offset": -5,
      "pose_id": "S1_best[B_y35_p75_r-20]",
      "label": "yaw035_pitch+075_roll-020",
      "yaw": 35.0,
      "pitch": 75.0,
      "roll": -20.0,
      "is_new_pose": true,
      "on_grid_edge": "",
      "camera_exr_src": "28/cam_vm5",
      "sun_exr_src": "28/sun_sp5",
      "status": "COMPLETE",
      "ocs_total": 0.2648552656173706,
      "ocs_metal": 0.26344382762908936,
      "ocs_dark": 0.0,
      "ocs_solar": 0.0014114163350313902,
      "n_pixels_contributing": 4144,
      "image_usable": true,
      "failed_reason": "",
      "rank": 7
    },
    {
      "geom_id": "sp7_vm9",
      "sun_offset": 7,
      "view_offset": -9,
      "pose_id": "S1_best[B_y35_p75_r-20]",
      "label": "yaw035_pitch+075_roll-020",
      "yaw": 35.0,
      "pitch": 75.0,
      "roll": -20.0,
      "is_new_pose": true,
      "on_grid_edge": "",
      "camera_exr_src": "28/cam_vm9",
      "sun_exr_src": "28/sun_sp7",
      "status": "COMPLETE",
      "ocs_total": 0.2623109519481659,
      "ocs_metal": 0.2608426511287689,
      "ocs_dark": 1.171037456515478e-05,
      "ocs_solar": 0.0014565774472430348,
      "n_pixels_contributing": 4164,
      "image_usable": true,
      "failed_reason": "",
      "rank": 8
    },
    {
      "geom_id": "sp7_vm7",
      "sun_offset": 7,
      "view_offset": -7,
      "pose_id": "S1_best[B_y35_p75_r-20]",
      "label": "yaw035_pitch+075_roll-020",
      "yaw": 35.0,
      "pitch": 75.0,
      "roll": -20.0,
      "is_new_pose": true,
      "on_grid_edge": "",
      "camera_exr_src": "28/cam_vm7",
      "sun_exr_src": "28/sun_sp7",
      "status": "COMPLETE",
      "ocs_total": 0.27080872654914856,
      "ocs_metal": 0.26939791440963745,
      "ocs_dark": 0.0,
      "ocs_solar": 0.0014108129544183612,
      "n_pixels_contributing": 4133,
      "image_usable": true,
      "failed_reason": "",
      "rank": 4
    },
    {
      "geom_id": "sp7_vm5",
      "sun_offset": 7,
      "view_offset": -5,
      "pose_id": "S1_best[B_y35_p75_r-20]",
      "label": "yaw035_pitch+075_roll-020",
      "yaw": 35.0,
      "pitch": 75.0,
      "roll": -20.0,
      "is_new_pose": true,
      "on_grid_edge": "",
      "camera_exr_src": "28/cam_vm5",
      "sun_exr_src": "28/sun_sp7",
      "status": "COMPLETE",
      "ocs_total": 0.2715071141719818,
      "ocs_metal": 0.2700861096382141,
      "ocs_dark": 0.0,
      "ocs_solar": 0.0014209765940904617,
      "n_pixels_contributing": 4142,
      "image_usable": true,
      "failed_reason": "",
      "rank": 2
    },
    {
      "geom_id": "sp9_vm9",
      "sun_offset": 9,
      "view_offset": -9,
      "pose_id": "S1_best[B_y35_p75_r-20]",
      "label": "yaw035_pitch+075_roll-020",
      "yaw": 35.0,
      "pitch": 75.0,
      "roll": -20.0,
      "is_new_pose": true,
      "on_grid_edge": "",
      "camera_exr_src": "28/cam_vm9",
      "sun_exr_src": "28/sun_sp9",
      "status": "COMPLETE",
      "ocs_total": 0.24662208557128906,
      "ocs_metal": 0.24516752362251282,
      "ocs_dark": 1.1681474461511243e-05,
      "ocs_solar": 0.0014428908471018076,
      "n_pixels_contributing": 4162,
      "image_usable": true,
      "failed_reason": "",
      "rank": 12
    },
    {
      "geom_id": "sp9_vm7",
      "sun_offset": 9,
      "view_offset": -7,
      "pose_id": "S1_best[B_y35_p75_r-20]",
      "label": "yaw035_pitch+075_roll-020",
      "yaw": 35.0,
      "pitch": 75.0,
      "roll": -20.0,
      "is_new_pose": true,
      "on_grid_edge": "",
      "camera_exr_src": "28/cam_vm7",
      "sun_exr_src": "28/sun_sp9",
      "status": "COMPLETE",
      "ocs_total": 0.26201143860816956,
      "ocs_metal": 0.26060646772384644,
      "ocs_dark": 0.0,
      "ocs_solar": 0.0014049515593796968,
      "n_pixels_contributing": 4132,
      "image_usable": true,
      "failed_reason": "",
      "rank": 9
    },
    {
      "geom_id": "sp9_vm5",
      "sun_offset": 9,
      "view_offset": -5,
      "pose_id": "S1_best[B_y35_p75_r-20]",
      "label": "yaw035_pitch+075_roll-020",
      "yaw": 35.0,
      "pitch": 75.0,
      "roll": -20.0,
      "is_new_pose": true,
      "on_grid_edge": "",
      "camera_exr_src": "28/cam_vm5",
      "sun_exr_src": "28/sun_sp9",
      "status": "COMPLETE",
      "ocs_total": 0.27041420340538025,
      "ocs_metal": 0.2689927816390991,
      "ocs_dark": 0.0,
      "ocs_solar": 0.0014214409748092294,
      "n_pixels_contributing": 4141,
      "image_usable": true,
      "failed_reason": "",
      "rank": 5
    },
    {
      "geom_id": "sp5_vm9",
      "sun_offset": 5,
      "view_offset": -9,
      "pose_id": "A_top1",
      "label": "yaw2450_pitchp0275_roll+015",
      "yaw": 245.0,
      "pitch": 27.5,
      "roll": 15.0,
      "is_new_pose": false,
      "on_grid_edge": "",
      "camera_exr_src": "28/cam_vm9",
      "sun_exr_src": "28/sun_sp5",
      "status": "COMPLETE",
      "ocs_total": 0.09918295592069626,
      "ocs_metal": 0.08983656764030457,
      "ocs_dark": 0.00797196477651596,
      "ocs_solar": 0.001374408951960504,
      "n_pixels_contributing": 3961,
      "image_usable": true,
      "failed_reason": "",
      "rank": 39
    },
    {
      "geom_id": "sp5_vm7",
      "sun_offset": 5,
      "view_offset": -7,
      "pose_id": "A_top1",
      "label": "yaw2450_pitchp0275_roll+015",
      "yaw": 245.0,
      "pitch": 27.5,
      "roll": 15.0,
      "is_new_pose": false,
      "on_grid_edge": "",
      "camera_exr_src": "REUSED_26/G4_view_minus",
      "sun_exr_src": "28/sun_sp5",
      "status": "COMPLETE",
      "ocs_total": 0.1182728186249733,
      "ocs_metal": 0.10862184315919876,
      "ocs_dark": 0.008152894675731659,
      "ocs_solar": 0.00149808160495013,
      "n_pixels_contributing": 4009,
      "image_usable": true,
      "failed_reason": "",
      "rank": 29
    },
    {
      "geom_id": "sp5_vm5",
      "sun_offset": 5,
      "view_offset": -5,
      "pose_id": "A_top1",
      "label": "yaw2450_pitchp0275_roll+015",
      "yaw": 245.0,
      "pitch": 27.5,
      "roll": 15.0,
      "is_new_pose": false,
      "on_grid_edge": "",
      "camera_exr_src": "28/cam_vm5",
      "sun_exr_src": "28/sun_sp5",
      "status": "COMPLETE",
      "ocs_total": 0.13720901310443878,
      "ocs_metal": 0.12739552557468414,
      "ocs_dark": 0.008359916508197784,
      "ocs_solar": 0.0014535844093188643,
      "n_pixels_contributing": 4052,
      "image_usable": true,
      "failed_reason": "",
      "rank": 23
    },
    {
      "geom_id": "sp7_vm9",
      "sun_offset": 7,
      "view_offset": -9,
      "pose_id": "A_top1",
      "label": "yaw2450_pitchp0275_roll+015",
      "yaw": 245.0,
      "pitch": 27.5,
      "roll": 15.0,
      "is_new_pose": false,
      "on_grid_edge": "",
      "camera_exr_src": "28/cam_vm9",
      "sun_exr_src": "REUSED_26/G1_sun_plus",
      "status": "COMPLETE",
      "ocs_total": 0.08336642384529114,
      "ocs_metal": 0.07421083748340607,
      "ocs_dark": 0.007840659469366074,
      "ocs_solar": 0.0013149343430995941,
      "n_pixels_contributing": 3965,
      "image_usable": true,
      "failed_reason": "",
      "rank": 45
    },
    {
      "geom_id": "sp7_vm7",
      "sun_offset": 7,
      "view_offset": -7,
      "pose_id": "A_top1",
      "label": "yaw2450_pitchp0275_roll+015",
      "yaw": 245.0,
      "pitch": 27.5,
      "roll": 15.0,
      "is_new_pose": false,
      "on_grid_edge": "",
      "camera_exr_src": "REUSED_26/G4_view_minus",
      "sun_exr_src": "REUSED_26/G1_sun_plus",
      "status": "COMPLETE",
      "ocs_total": 0.10038704425096512,
      "ocs_metal": 0.09091633558273315,
      "ocs_dark": 0.008031009696424007,
      "ocs_solar": 0.0014396993210539222,
      "n_pixels_contributing": 4012,
      "image_usable": true,
      "failed_reason": "",
      "anchor_ref": "27/Hsp_vm",
      "anchor_ref_ocs_total": 0.10038704425096512,
      "anchor_rel_diff": 0.0,
      "rank": 36
    },
    {
      "geom_id": "sp7_vm5",
      "sun_offset": 7,
      "view_offset": -5,
      "pose_id": "A_top1",
      "label": "yaw2450_pitchp0275_roll+015",
      "yaw": 245.0,
      "pitch": 27.5,
      "roll": 15.0,
      "is_new_pose": false,
      "on_grid_edge": "",
      "camera_exr_src": "28/cam_vm5",
      "sun_exr_src": "REUSED_26/G1_sun_plus",
      "status": "COMPLETE",
      "ocs_total": 0.11815372854471207,
      "ocs_metal": 0.10850178450345993,
      "ocs_dark": 0.008248284459114075,
      "ocs_solar": 0.0014036590000614524,
      "n_pixels_contributing": 4053,
      "image_usable": true,
      "failed_reason": "",
      "rank": 30
    },
    {
      "geom_id": "sp9_vm9",
      "sun_offset": 9,
      "view_offset": -9,
      "pose_id": "A_top1",
      "label": "yaw2450_pitchp0275_roll+015",
      "yaw": 245.0,
      "pitch": 27.5,
      "roll": 15.0,
      "is_new_pose": false,
      "on_grid_edge": "",
      "camera_exr_src": "28/cam_vm9",
      "sun_exr_src": "28/sun_sp9",
      "status": "COMPLETE",
      "ocs_total": 0.06980950385332108,
      "ocs_metal": 0.060867395251989365,
      "ocs_dark": 0.007690784055739641,
      "ocs_solar": 0.0012513260589912534,
      "n_pixels_contributing": 3969,
      "image_usable": true,
      "failed_reason": "",
      "rank": 50
    },
    {
      "geom_id": "sp9_vm7",
      "sun_offset": 9,
      "view_offset": -7,
      "pose_id": "A_top1",
      "label": "yaw2450_pitchp0275_roll+015",
      "yaw": 245.0,
      "pitch": 27.5,
      "roll": 15.0,
      "is_new_pose": false,
      "on_grid_edge": "",
      "camera_exr_src": "REUSED_26/G4_view_minus",
      "sun_exr_src": "28/sun_sp9",
      "status": "COMPLETE",
      "ocs_total": 0.08426983654499054,
      "ocs_metal": 0.07500521093606949,
      "ocs_dark": 0.007888955064117908,
      "ocs_solar": 0.0013756738044321537,
      "n_pixels_contributing": 4009,
      "image_usable": true,
      "failed_reason": "",
      "rank": 43
    },
    {
      "geom_id": "sp9_vm5",
      "sun_offset": 9,
      "view_offset": -5,
      "pose_id": "A_top1",
      "label": "yaw2450_pitchp0275_roll+015",
      "yaw": 245.0,
      "pitch": 27.5,
      "roll": 15.0,
      "is_new_pose": false,
      "on_grid_edge": "",
      "camera_exr_src": "28/cam_vm5",
      "sun_exr_src": "28/sun_sp9",
      "status": "COMPLETE",
      "ocs_total": 0.10003665834665298,
      "ocs_metal": 0.09057451784610748,
      "ocs_dark": 0.008114888332784176,
      "ocs_solar": 0.0013472532154992223,
      "n_pixels_contributing": 4049,
      "image_usable": true,
      "failed_reason": "",
      "rank": 38
    },
    {
      "geom_id": "sp5_vm9",
      "sun_offset": 5,
      "view_offset": -9,
      "pose_id": "D5_roll125",
      "label": "yaw2450_pitchp0275_roll+0125",
      "yaw": 245.0,
      "pitch": 27.5,
      "roll": 12.5,
      "is_new_pose": false,
      "on_grid_edge": "",
      "camera_exr_src": "28/cam_vm9",
      "sun_exr_src": "28/sun_sp5",
      "status": "COMPLETE",
      "ocs_total": 0.13224726915359497,
      "ocs_metal": 0.12264504283666611,
      "ocs_dark": 0.008235190995037556,
      "ocs_solar": 0.0013670403277501464,
      "n_pixels_contributing": 3935,
      "image_usable": true,
      "failed_reason": "",
      "rank": 26
    },
    {
      "geom_id": "sp5_vm7",
      "sun_offset": 5,
      "view_offset": -7,
      "pose_id": "D5_roll125",
      "label": "yaw2450_pitchp0275_roll+0125",
      "yaw": 245.0,
      "pitch": 27.5,
      "roll": 12.5,
      "is_new_pose": false,
      "on_grid_edge": "",
      "camera_exr_src": "REUSED_26/G4_view_minus",
      "sun_exr_src": "28/sun_sp5",
      "status": "COMPLETE",
      "ocs_total": 0.15087001025676727,
      "ocs_metal": 0.14108777046203613,
      "ocs_dark": 0.00837719440460205,
      "ocs_solar": 0.001405045622959733,
      "n_pixels_contributing": 3964,
      "image_usable": true,
      "failed_reason": "",
      "rank": 21
    },
    {
      "geom_id": "sp5_vm5",
      "sun_offset": 5,
      "view_offset": -5,
      "pose_id": "D5_roll125",
      "label": "yaw2450_pitchp0275_roll+0125",
      "yaw": 245.0,
      "pitch": 27.5,
      "roll": 12.5,
      "is_new_pose": false,
      "on_grid_edge": "",
      "camera_exr_src": "28/cam_vm5",
      "sun_exr_src": "28/sun_sp5",
      "status": "COMPLETE",
      "ocs_total": 0.17043428122997284,
      "ocs_metal": 0.16026929020881653,
      "ocs_dark": 0.008531489409506321,
      "ocs_solar": 0.0016335038235411048,
      "n_pixels_contributing": 4041,
      "image_usable": true,
      "failed_reason": "",
      "rank": 19
    },
    {
      "geom_id": "sp7_vm9",
      "sun_offset": 7,
      "view_offset": -9,
      "pose_id": "D5_roll125",
      "label": "yaw2450_pitchp0275_roll+0125",
      "yaw": 245.0,
      "pitch": 27.5,
      "roll": 12.5,
      "is_new_pose": false,
      "on_grid_edge": "",
      "camera_exr_src": "28/cam_vm9",
      "sun_exr_src": "REUSED_26/G1_sun_plus",
      "status": "COMPLETE",
      "ocs_total": 0.11403992772102356,
      "ocs_metal": 0.10457935929298401,
      "ocs_dark": 0.008138415403664112,
      "ocs_solar": 0.0013221519766375422,
      "n_pixels_contributing": 3953,
      "image_usable": true,
      "failed_reason": "",
      "rank": 32
    },
    {
      "geom_id": "sp7_vm7",
      "sun_offset": 7,
      "view_offset": -7,
      "pose_id": "D5_roll125",
      "label": "yaw2450_pitchp0275_roll+0125",
      "yaw": 245.0,
      "pitch": 27.5,
      "roll": 12.5,
      "is_new_pose": false,
      "on_grid_edge": "",
      "camera_exr_src": "REUSED_26/G4_view_minus",
      "sun_exr_src": "REUSED_26/G1_sun_plus",
      "status": "COMPLETE",
      "ocs_total": 0.13269323110580444,
      "ocs_metal": 0.1230347529053688,
      "ocs_dark": 0.008292690850794315,
      "ocs_solar": 0.0013657899107784033,
      "n_pixels_contributing": 3981,
      "image_usable": true,
      "failed_reason": "",
      "anchor_ref": "27/Hsp_vm",
      "anchor_ref_ocs_total": 0.13269323110580444,
      "anchor_rel_diff": 0.0,
      "rank": 25
    },
    {
      "geom_id": "sp7_vm5",
      "sun_offset": 7,
      "view_offset": -5,
      "pose_id": "D5_roll125",
      "label": "yaw2450_pitchp0275_roll+0125",
      "yaw": 245.0,
      "pitch": 27.5,
      "roll": 12.5,
      "is_new_pose": false,
      "on_grid_edge": "",
      "camera_exr_src": "28/cam_vm5",
      "sun_exr_src": "REUSED_26/G1_sun_plus",
      "status": "COMPLETE",
      "ocs_total": 0.15343214571475983,
      "ocs_metal": 0.14337584376335144,
      "ocs_dark": 0.008460077457129955,
      "ocs_solar": 0.0015962289180606604,
      "n_pixels_contributing": 4048,
      "image_usable": true,
      "failed_reason": "",
      "rank": 20
    },
    {
      "geom_id": "sp9_vm9",
      "sun_offset": 9,
      "view_offset": -9,
      "pose_id": "D5_roll125",
      "label": "yaw2450_pitchp0275_roll+0125",
      "yaw": 245.0,
      "pitch": 27.5,
      "roll": 12.5,
      "is_new_pose": false,
      "on_grid_edge": "",
      "camera_exr_src": "28/cam_vm9",
      "sun_exr_src": "28/sun_sp9",
      "status": "COMPLETE",
      "ocs_total": 0.09667309373617172,
      "ocs_metal": 0.08738251775503159,
      "ocs_dark": 0.008019658736884594,
      "ocs_solar": 0.0012709283037111163,
      "n_pixels_contributing": 3955,
      "image_usable": true,
      "failed_reason": "",
      "rank": 40
    },
    {
      "geom_id": "sp9_vm7",
      "sun_offset": 9,
      "view_offset": -7,
      "pose_id": "D5_roll125",
      "label": "yaw2450_pitchp0275_roll+0125",
      "yaw": 245.0,
      "pitch": 27.5,
      "roll": 12.5,
      "is_new_pose": false,
      "on_grid_edge": "",
      "camera_exr_src": "REUSED_26/G4_view_minus",
      "sun_exr_src": "28/sun_sp9",
      "status": "COMPLETE",
      "ocs_total": 0.11422841995954514,
      "ocs_metal": 0.10472437739372253,
      "ocs_dark": 0.008184882812201977,
      "ocs_solar": 0.0013191571924835443,
      "n_pixels_contributing": 3985,
      "image_usable": true,
      "failed_reason": "",
      "rank": 31
    },
    {
      "geom_id": "sp9_vm5",
      "sun_offset": 9,
      "view_offset": -5,
      "pose_id": "D5_roll125",
      "label": "yaw2450_pitchp0275_roll+0125",
      "yaw": 245.0,
      "pitch": 27.5,
      "roll": 12.5,
      "is_new_pose": false,
      "on_grid_edge": "",
      "camera_exr_src": "28/cam_vm5",
      "sun_exr_src": "28/sun_sp9",
      "status": "COMPLETE",
      "ocs_total": 0.13476616144180298,
      "ocs_metal": 0.12485251575708389,
      "ocs_dark": 0.008364119566977024,
      "ocs_solar": 0.001549514359794557,
      "n_pixels_contributing": 4050,
      "image_usable": true,
      "failed_reason": "",
      "rank": 24
    },
    {
      "geom_id": "sp5_vm9",
      "sun_offset": 5,
      "view_offset": -9,
      "pose_id": "D6_roll175",
      "label": "yaw2475_pitchp0300_roll+0175",
      "yaw": 247.5,
      "pitch": 30.0,
      "roll": 17.5,
      "is_new_pose": false,
      "on_grid_edge": "",
      "camera_exr_src": "28/cam_vm9",
      "sun_exr_src": "28/sun_sp5",
      "status": "COMPLETE",
      "ocs_total": 0.07445989549160004,
      "ocs_metal": 0.06549298763275146,
      "ocs_dark": 0.007738715037703514,
      "ocs_solar": 0.0012281923554837704,
      "n_pixels_contributing": 3903,
      "image_usable": true,
      "failed_reason": "",
      "rank": 49
    },
    {
      "geom_id": "sp5_vm7",
      "sun_offset": 5,
      "view_offset": -7,
      "pose_id": "D6_roll175",
      "label": "yaw2475_pitchp0300_roll+0175",
      "yaw": 247.5,
      "pitch": 30.0,
      "roll": 17.5,
      "is_new_pose": false,
      "on_grid_edge": "",
      "camera_exr_src": "REUSED_26/G4_view_minus",
      "sun_exr_src": "28/sun_sp5",
      "status": "COMPLETE",
      "ocs_total": 0.08930846303701401,
      "ocs_metal": 0.08013229817152023,
      "ocs_dark": 0.007927851751446724,
      "ocs_solar": 0.0012483034515753388,
      "n_pixels_contributing": 3944,
      "image_usable": true,
      "failed_reason": "",
      "rank": 42
    },
    {
      "geom_id": "sp5_vm5",
      "sun_offset": 5,
      "view_offset": -5,
      "pose_id": "D6_roll175",
      "label": "yaw2475_pitchp0300_roll+0175",
      "yaw": 247.5,
      "pitch": 30.0,
      "roll": 17.5,
      "is_new_pose": false,
      "on_grid_edge": "",
      "camera_exr_src": "28/cam_vm5",
      "sun_exr_src": "28/sun_sp5",
      "status": "COMPLETE",
      "ocs_total": 0.1078813225030899,
      "ocs_metal": 0.09851036965847015,
      "ocs_dark": 0.008054965175688267,
      "ocs_solar": 0.0013159927912056446,
      "n_pixels_contributing": 3991,
      "image_usable": true,
      "failed_reason": "",
      "rank": 33
    },
    {
      "geom_id": "sp7_vm9",
      "sun_offset": 7,
      "view_offset": -9,
      "pose_id": "D6_roll175",
      "label": "yaw2475_pitchp0300_roll+0175",
      "yaw": 247.5,
      "pitch": 30.0,
      "roll": 17.5,
      "is_new_pose": false,
      "on_grid_edge": "",
      "camera_exr_src": "28/cam_vm9",
      "sun_exr_src": "REUSED_26/G1_sun_plus",
      "status": "COMPLETE",
      "ocs_total": 0.06253854185342789,
      "ocs_metal": 0.05378568917512894,
      "ocs_dark": 0.007585905026644468,
      "ocs_solar": 0.0011669370578601956,
      "n_pixels_contributing": 3903,
      "image_usable": true,
      "failed_reason": "",
      "rank": 53
    },
    {
      "geom_id": "sp7_vm7",
      "sun_offset": 7,
      "view_offset": -7,
      "pose_id": "D6_roll175",
      "label": "yaw2475_pitchp0300_roll+0175",
      "yaw": 247.5,
      "pitch": 30.0,
      "roll": 17.5,
      "is_new_pose": false,
      "on_grid_edge": "",
      "camera_exr_src": "REUSED_26/G4_view_minus",
      "sun_exr_src": "REUSED_26/G1_sun_plus",
      "status": "COMPLETE",
      "ocs_total": 0.07477579265832901,
      "ocs_metal": 0.06580311805009842,
      "ocs_dark": 0.007782215718179941,
      "ocs_solar": 0.0011904631974175572,
      "n_pixels_contributing": 3945,
      "image_usable": true,
      "failed_reason": "",
      "anchor_ref": "27/Hsp_vm",
      "anchor_ref_ocs_total": 0.07477579265832901,
      "anchor_rel_diff": 0.0,
      "rank": 48
    },
    {
      "geom_id": "sp7_vm5",
      "sun_offset": 7,
      "view_offset": -5,
      "pose_id": "D6_roll175",
      "label": "yaw2475_pitchp0300_roll+0175",
      "yaw": 247.5,
      "pitch": 30.0,
      "roll": 17.5,
      "is_new_pose": false,
      "on_grid_edge": "",
      "camera_exr_src": "28/cam_vm5",
      "sun_exr_src": "REUSED_26/G1_sun_plus",
      "status": "COMPLETE",
      "ocs_total": 0.09100494533777237,
      "ocs_metal": 0.08182573318481445,
      "ocs_dark": 0.007918822579085827,
      "ocs_solar": 0.001260393182747066,
      "n_pixels_contributing": 3988,
      "image_usable": true,
      "failed_reason": "",
      "rank": 41
    },
    {
      "geom_id": "sp9_vm9",
      "sun_offset": 9,
      "view_offset": -9,
      "pose_id": "D6_roll175",
      "label": "yaw2475_pitchp0300_roll+0175",
      "yaw": 247.5,
      "pitch": 30.0,
      "roll": 17.5,
      "is_new_pose": false,
      "on_grid_edge": "",
      "camera_exr_src": "28/cam_vm9",
      "sun_exr_src": "28/sun_sp9",
      "status": "COMPLETE",
      "ocs_total": 0.05293926224112511,
      "ocs_metal": 0.044418588280677795,
      "ocs_dark": 0.007417117245495319,
      "ocs_solar": 0.0011035525240004063,
      "n_pixels_contributing": 3904,
      "image_usable": true,
      "failed_reason": "",
      "rank": 54
    },
    {
      "geom_id": "sp9_vm7",
      "sun_offset": 9,
      "view_offset": -7,
      "pose_id": "D6_roll175",
      "label": "yaw2475_pitchp0300_roll+0175",
      "yaw": 247.5,
      "pitch": 30.0,
      "roll": 17.5,
      "is_new_pose": false,
      "on_grid_edge": "",
      "camera_exr_src": "REUSED_26/G4_view_minus",
      "sun_exr_src": "28/sun_sp9",
      "status": "COMPLETE",
      "ocs_total": 0.06258787214756012,
      "ocs_metal": 0.05383953079581261,
      "ocs_dark": 0.007618901785463095,
      "ocs_solar": 0.0011294400319457054,
      "n_pixels_contributing": 3947,
      "image_usable": true,
      "failed_reason": "",
      "rank": 52
    },
    {
      "geom_id": "sp9_vm5",
      "sun_offset": 9,
      "view_offset": -5,
      "pose_id": "D6_roll175",
      "label": "yaw2475_pitchp0300_roll+0175",
      "yaw": 247.5,
      "pitch": 30.0,
      "roll": 17.5,
      "is_new_pose": false,
      "on_grid_edge": "",
      "camera_exr_src": "28/cam_vm5",
      "sun_exr_src": "28/sun_sp9",
      "status": "COMPLETE",
      "ocs_total": 0.07617173343896866,
      "ocs_metal": 0.06720782816410065,
      "ocs_dark": 0.007763492874801159,
      "ocs_solar": 0.0012004012241959572,
      "n_pixels_contributing": 3990,
      "image_usable": true,
      "failed_reason": "",
      "rank": 47
    },
    {
      "geom_id": "sp5_vm9",
      "sun_offset": 5,
      "view_offset": -9,
      "pose_id": "B_R4",
      "label": "yaw1475_pitchp0125_roll+000",
      "yaw": 147.5,
      "pitch": 12.5,
      "roll": 0.0,
      "is_new_pose": false,
      "on_grid_edge": "",
      "camera_exr_src": "28/cam_vm9",
      "sun_exr_src": "28/sun_sp5",
      "status": "COMPLETE",
      "ocs_total": 0.10005003958940506,
      "ocs_metal": 0.09757136553525925,
      "ocs_dark": 0.0008596062543801963,
      "ocs_solar": 0.0016190657624974847,
      "n_pixels_contributing": 2601,
      "image_usable": true,
      "failed_reason": "",
      "rank": 37
    },
    {
      "geom_id": "sp5_vm7",
      "sun_offset": 5,
      "view_offset": -7,
      "pose_id": "B_R4",
      "label": "yaw1475_pitchp0125_roll+000",
      "yaw": 147.5,
      "pitch": 12.5,
      "roll": 0.0,
      "is_new_pose": false,
      "on_grid_edge": "",
      "camera_exr_src": "REUSED_26/G4_view_minus",
      "sun_exr_src": "28/sun_sp5",
      "status": "COMPLETE",
      "ocs_total": 0.11942942440509796,
      "ocs_metal": 0.11679229140281677,
      "ocs_dark": 0.0008726808009669185,
      "ocs_solar": 0.0017644373001530766,
      "n_pixels_contributing": 2635,
      "image_usable": true,
      "failed_reason": "",
      "rank": 28
    },
    {
      "geom_id": "sp5_vm5",
      "sun_offset": 5,
      "view_offset": -5,
      "pose_id": "B_R4",
      "label": "yaw1475_pitchp0125_roll+000",
      "yaw": 147.5,
      "pitch": 12.5,
      "roll": 0.0,
      "is_new_pose": false,
      "on_grid_edge": "",
      "camera_exr_src": "28/cam_vm5",
      "sun_exr_src": "28/sun_sp5",
      "status": "COMPLETE",
      "ocs_total": 0.14004971086978912,
      "ocs_metal": 0.137658953666687,
      "ocs_dark": 0.0009363784338347614,
      "ocs_solar": 0.0014543836005032063,
      "n_pixels_contributing": 2677,
      "image_usable": true,
      "failed_reason": "",
      "rank": 22
    },
    {
      "geom_id": "sp7_vm9",
      "sun_offset": 7,
      "view_offset": -9,
      "pose_id": "B_R4",
      "label": "yaw1475_pitchp0125_roll+000",
      "yaw": 147.5,
      "pitch": 12.5,
      "roll": 0.0,
      "is_new_pose": false,
      "on_grid_edge": "",
      "camera_exr_src": "28/cam_vm9",
      "sun_exr_src": "REUSED_26/G1_sun_plus",
      "status": "COMPLETE",
      "ocs_total": 0.08310068398714066,
      "ocs_metal": 0.08060427010059357,
      "ocs_dark": 0.0008484272984787822,
      "ocs_solar": 0.0016479933401569724,
      "n_pixels_contributing": 3520,
      "image_usable": true,
      "failed_reason": "",
      "rank": 46
    },
    {
      "geom_id": "sp7_vm7",
      "sun_offset": 7,
      "view_offset": -7,
      "pose_id": "B_R4",
      "label": "yaw1475_pitchp0125_roll+000",
      "yaw": 147.5,
      "pitch": 12.5,
      "roll": 0.0,
      "is_new_pose": false,
      "on_grid_edge": "",
      "camera_exr_src": "REUSED_26/G4_view_minus",
      "sun_exr_src": "REUSED_26/G1_sun_plus",
      "status": "COMPLETE",
      "ocs_total": 0.10096915811300278,
      "ocs_metal": 0.09832273423671722,
      "ocs_dark": 0.000862575659994036,
      "ocs_solar": 0.0017838606145232916,
      "n_pixels_contributing": 3469,
      "image_usable": true,
      "failed_reason": "",
      "anchor_ref": "27/Hsp_vm",
      "anchor_ref_ocs_total": 0.10096915811300278,
      "anchor_rel_diff": 0.0,
      "rank": 35
    },
    {
      "geom_id": "sp7_vm5",
      "sun_offset": 7,
      "view_offset": -5,
      "pose_id": "B_R4",
      "label": "yaw1475_pitchp0125_roll+000",
      "yaw": 147.5,
      "pitch": 12.5,
      "roll": 0.0,
      "is_new_pose": false,
      "on_grid_edge": "",
      "camera_exr_src": "28/cam_vm5",
      "sun_exr_src": "REUSED_26/G1_sun_plus",
      "status": "COMPLETE",
      "ocs_total": 0.12090028822422028,
      "ocs_metal": 0.11849131435155869,
      "ocs_dark": 0.0009267220739275217,
      "ocs_solar": 0.0014822471421211958,
      "n_pixels_contributing": 3421,
      "image_usable": true,
      "failed_reason": "",
      "rank": 27
    },
    {
      "geom_id": "sp9_vm9",
      "sun_offset": 9,
      "view_offset": -9,
      "pose_id": "B_R4",
      "label": "yaw1475_pitchp0125_roll+000",
      "yaw": 147.5,
      "pitch": 12.5,
      "roll": 0.0,
      "is_new_pose": false,
      "on_grid_edge": "",
      "camera_exr_src": "28/cam_vm9",
      "sun_exr_src": "28/sun_sp9",
      "status": "COMPLETE",
      "ocs_total": 0.0683215856552124,
      "ocs_metal": 0.06569667905569077,
      "ocs_dark": 0.0008369191200472414,
      "ocs_solar": 0.0017879910301417112,
      "n_pixels_contributing": 3520,
      "image_usable": true,
      "failed_reason": "",
      "rank": 51
    },
    {
      "geom_id": "sp9_vm7",
      "sun_offset": 9,
      "view_offset": -7,
      "pose_id": "B_R4",
      "label": "yaw1475_pitchp0125_roll+000",
      "yaw": 147.5,
      "pitch": 12.5,
      "roll": 0.0,
      "is_new_pose": false,
      "on_grid_edge": "",
      "camera_exr_src": "REUSED_26/G4_view_minus",
      "sun_exr_src": "28/sun_sp9",
      "status": "COMPLETE",
      "ocs_total": 0.08395273983478546,
      "ocs_metal": 0.08120254427194595,
      "ocs_dark": 0.0008519854745827615,
      "ocs_solar": 0.0018982193432748318,
      "n_pixels_contributing": 3468,
      "image_usable": true,
      "failed_reason": "",
      "rank": 44
    },
    {
      "geom_id": "sp9_vm5",
      "sun_offset": 9,
      "view_offset": -5,
      "pose_id": "B_R4",
      "label": "yaw1475_pitchp0125_roll+000",
      "yaw": 147.5,
      "pitch": 12.5,
      "roll": 0.0,
      "is_new_pose": false,
      "on_grid_edge": "",
      "camera_exr_src": "28/cam_vm5",
      "sun_exr_src": "28/sun_sp9",
      "status": "COMPLETE",
      "ocs_total": 0.10214147716760635,
      "ocs_metal": 0.0996321588754654,
      "ocs_dark": 0.0009158297907561064,
      "ocs_solar": 0.0015934886178001761,
      "n_pixels_contributing": 3420,
      "image_usable": true,
      "failed_reason": "",
      "rank": 34
    }
  ]
}