{
  "timestamp": "2026-07-06T21:43:18.687765",
  "stage": "stageB",
  "n_total": 27,
  "n_complete": 27,
  "records": [
    {
      "geom_id": "sp7_vm7",
      "sun_offset": 7,
      "view_offset": -7,
      "pose_id": "B_y35_p45_r-20",
      "label": "yaw035_pitch+045_roll-020",
      "yaw": 35.0,
      "pitch": 45.0,
      "roll": -20.0,
      "is_new_pose": true,
      "on_grid_edge": true,
      "camera_exr_src": "28/cam_vm7",
      "sun_exr_src": "28/sun_sp7",
      "status": "COMPLETE",
      "ocs_total": 0.07091348618268967,
      "ocs_metal": 0.0696432814002037,
      "ocs_dark": 0.0,
      "ocs_solar": 0.0012702068779617548,
      "n_pixels_contributing": 4192,
      "image_usable": true,
      "failed_reason": "",
      "rank": 7
    },
    {
      "geom_id": "sp7_vm7",
      "sun_offset": 7,
      "view_offset": -7,
      "pose_id": "B_y35_p45_r+0",
      "label": "yaw035_pitch+045_roll+000",
      "yaw": 35.0,
      "pitch": 45.0,
      "roll": 0.0,
      "is_new_pose": true,
      "on_grid_edge": true,
      "camera_exr_src": "28/cam_vm7",
      "sun_exr_src": "28/sun_sp7",
      "status": "COMPLETE",
      "ocs_total": 0.028864746913313866,
      "ocs_metal": 0.02842065878212452,
      "ocs_dark": 0.0,
      "ocs_solar": 0.000444084987975657,
      "n_pixels_contributing": 4674,
      "image_usable": true,
      "failed_reason": "",
      "rank": 21
    },
    {
      "geom_id": "sp7_vm7",
      "sun_offset": 7,
      "view_offset": -7,
      "pose_id": "B_y35_p45_r+20",
      "label": "yaw035_pitch+045_roll+020",
      "yaw": 35.0,
      "pitch": 45.0,
      "roll": 20.0,
      "is_new_pose": true,
      "on_grid_edge": true,
      "camera_exr_src": "28/cam_vm7",
      "sun_exr_src": "28/sun_sp7",
      "status": "COMPLETE",
      "ocs_total": 0.021239275112748146,
      "ocs_metal": 0.02029207907617092,
      "ocs_dark": 0.0,
      "ocs_solar": 0.0009471970843151212,
      "n_pixels_contributing": 5211,
      "image_usable": true,
      "failed_reason": "",
      "rank": 22
    },
    {
      "geom_id": "sp7_vm7",
      "sun_offset": 7,
      "view_offset": -7,
      "pose_id": "B_y35_p60_r-20",
      "label": "yaw035_pitch+060_roll-020",
      "yaw": 35.0,
      "pitch": 60.0,
      "roll": -20.0,
      "is_new_pose": true,
      "on_grid_edge": true,
      "camera_exr_src": "28/cam_vm7",
      "sun_exr_src": "28/sun_sp7",
      "status": "COMPLETE",
      "ocs_total": 0.1706211268901825,
      "ocs_metal": 0.16947120428085327,
      "ocs_dark": 0.0,
      "ocs_solar": 0.0011499254032969475,
      "n_pixels_contributing": 4147,
      "image_usable": true,
      "failed_reason": "",
      "rank": 5
    },
    {
      "geom_id": "sp7_vm7",
      "sun_offset": 7,
      "view_offset": -7,
      "pose_id": "B_y35_p60_r+0",
      "label": "yaw035_pitch+060_roll+000",
      "yaw": 35.0,
      "pitch": 60.0,
      "roll": 0.0,
      "is_new_pose": true,
      "on_grid_edge": true,
      "camera_exr_src": "28/cam_vm7",
      "sun_exr_src": "28/sun_sp7",
      "status": "COMPLETE",
      "ocs_total": 0.03003363497555256,
      "ocs_metal": 0.029471727088093758,
      "ocs_dark": 0.0,
      "ocs_solar": 0.000561909400857985,
      "n_pixels_contributing": 4717,
      "image_usable": true,
      "failed_reason": "",
      "rank": 17
    },
    {
      "geom_id": "sp7_vm7",
      "sun_offset": 7,
      "view_offset": -7,
      "pose_id": "B_y35_p60_r+20",
      "label": "yaw035_pitch+060_roll+020",
      "yaw": 35.0,
      "pitch": 60.0,
      "roll": 20.0,
      "is_new_pose": true,
      "on_grid_edge": true,
      "camera_exr_src": "28/cam_vm7",
      "sun_exr_src": "28/sun_sp7",
      "status": "COMPLETE",
      "ocs_total": 0.02053242176771164,
      "ocs_metal": 0.01952422969043255,
      "ocs_dark": 3.8445587051683106e-06,
      "ocs_solar": 0.0010043480433523655,
      "n_pixels_contributing": 5223,
      "image_usable": true,
      "failed_reason": "",
      "rank": 24
    },
    {
      "geom_id": "sp7_vm7",
      "sun_offset": 7,
      "view_offset": -7,
      "pose_id": "B_y35_p75_r-20",
      "label": "yaw035_pitch+075_roll-020",
      "yaw": 35.0,
      "pitch": 75.0,
      "roll": -20.0,
      "is_new_pose": true,
      "on_grid_edge": true,
      "camera_exr_src": "28/cam_vm7",
      "sun_exr_src": "28/sun_sp7",
      "status": "COMPLETE",
      "ocs_total": 0.27080872654914856,
      "ocs_metal": 0.26939791440963745,
      "ocs_dark": 0.0,
      "ocs_solar": 0.0014108129544183612,
      "n_pixels_contributing": 4133,
      "image_usable": true,
      "failed_reason": "",
      "rank": 1
    },
    {
      "geom_id": "sp7_vm7",
      "sun_offset": 7,
      "view_offset": -7,
      "pose_id": "B_y35_p75_r+0",
      "label": "yaw035_pitch+075_roll+000",
      "yaw": 35.0,
      "pitch": 75.0,
      "roll": 0.0,
      "is_new_pose": true,
      "on_grid_edge": true,
      "camera_exr_src": "28/cam_vm7",
      "sun_exr_src": "28/sun_sp7",
      "status": "COMPLETE",
      "ocs_total": 0.03077061101794243,
      "ocs_metal": 0.030171535909175873,
      "ocs_dark": 0.0,
      "ocs_solar": 0.0005990759818814695,
      "n_pixels_contributing": 4733,
      "image_usable": true,
      "failed_reason": "",
      "rank": 16
    },
    {
      "geom_id": "sp7_vm7",
      "sun_offset": 7,
      "view_offset": -7,
      "pose_id": "B_y35_p75_r+20",
      "label": "yaw035_pitch+075_roll+020",
      "yaw": 35.0,
      "pitch": 75.0,
      "roll": 20.0,
      "is_new_pose": true,
      "on_grid_edge": true,
      "camera_exr_src": "28/cam_vm7",
      "sun_exr_src": "28/sun_sp7",
      "status": "COMPLETE",
      "ocs_total": 0.019624702632427216,
      "ocs_metal": 0.01864238642156124,
      "ocs_dark": 0.0,
      "ocs_solar": 0.0009823166765272617,
      "n_pixels_contributing": 5255,
      "image_usable": true,
      "failed_reason": "",
      "rank": 27
    },
    {
      "geom_id": "sp7_vm7",
      "sun_offset": 7,
      "view_offset": -7,
      "pose_id": "B_y55_p45_r-20",
      "label": "yaw055_pitch+045_roll-020",
      "yaw": 55.0,
      "pitch": 45.0,
      "roll": -20.0,
      "is_new_pose": true,
      "on_grid_edge": true,
      "camera_exr_src": "28/cam_vm7",
      "sun_exr_src": "28/sun_sp7",
      "status": "COMPLETE",
      "ocs_total": 0.049676332622766495,
      "ocs_metal": 0.048703670501708984,
      "ocs_dark": 0.0,
      "ocs_solar": 0.0009726590942591429,
      "n_pixels_contributing": 3345,
      "image_usable": true,
      "failed_reason": "",
      "rank": 9
    },
    {
      "geom_id": "sp7_vm7",
      "sun_offset": 7,
      "view_offset": -7,
      "pose_id": "B_y55_p45_r+0",
      "label": "yaw055_pitch+045_roll+000",
      "yaw": 55.0,
      "pitch": 45.0,
      "roll": 0.0,
      "is_new_pose": true,
      "on_grid_edge": true,
      "camera_exr_src": "28/cam_vm7",
      "sun_exr_src": "28/sun_sp7",
      "status": "COMPLETE",
      "ocs_total": 0.22385379672050476,
      "ocs_metal": 0.22242194414138794,
      "ocs_dark": 0.0,
      "ocs_solar": 0.0014318445464596152,
      "n_pixels_contributing": 4099,
      "image_usable": true,
      "failed_reason": "",
      "rank": 4
    },
    {
      "geom_id": "sp7_vm7",
      "sun_offset": 7,
      "view_offset": -7,
      "pose_id": "B_y55_p45_r+20",
      "label": "yaw055_pitch+045_roll+020",
      "yaw": 55.0,
      "pitch": 45.0,
      "roll": 20.0,
      "is_new_pose": true,
      "on_grid_edge": true,
      "camera_exr_src": "28/cam_vm7",
      "sun_exr_src": "28/sun_sp7",
      "status": "COMPLETE",
      "ocs_total": 0.029442045837640762,
      "ocs_metal": 0.028870273381471634,
      "ocs_dark": 0.0,
      "ocs_solar": 0.0005717741441912949,
      "n_pixels_contributing": 4596,
      "image_usable": true,
      "failed_reason": "",
      "rank": 18
    },
    {
      "geom_id": "sp7_vm7",
      "sun_offset": 7,
      "view_offset": -7,
      "pose_id": "B_y55_p60_r-20",
      "label": "yaw055_pitch+060_roll-020",
      "yaw": 55.0,
      "pitch": 60.0,
      "roll": -20.0,
      "is_new_pose": true,
      "on_grid_edge": true,
      "camera_exr_src": "28/cam_vm7",
      "sun_exr_src": "28/sun_sp7",
      "status": "COMPLETE",
      "ocs_total": 0.04566800594329834,
      "ocs_metal": 0.044819097965955734,
      "ocs_dark": 0.0,
      "ocs_solar": 0.0008489048923365772,
      "n_pixels_contributing": 3243,
      "image_usable": true,
      "failed_reason": "",
      "rank": 10
    },
    {
      "geom_id": "sp7_vm7",
      "sun_offset": 7,
      "view_offset": -7,
      "pose_id": "C_R3",
      "label": "yaw055_pitch+060_roll+000",
      "yaw": 55.0,
      "pitch": 60.0,
      "roll": 0.0,
      "is_new_pose": false,
      "on_grid_edge": false,
      "camera_exr_src": "REUSED_26/G4_view_minus",
      "sun_exr_src": "REUSED_26/G1_sun_plus",
      "status": "COMPLETE",
      "ocs_total": 0.22555673122406006,
      "ocs_metal": 0.22444628179073334,
      "ocs_dark": 0.0,
      "ocs_solar": 0.0011104883160442114,
      "n_pixels_contributing": 4116,
      "image_usable": true,
      "failed_reason": "",
      "anchor_ref": "27/Hsp_vm",
      "anchor_ref_ocs_total": 0.22555673122406006,
      "anchor_rel_diff": 0.0,
      "rank": 3
    },
    {
      "geom_id": "sp7_vm7",
      "sun_offset": 7,
      "view_offset": -7,
      "pose_id": "B_y55_p60_r+20",
      "label": "yaw055_pitch+060_roll+020",
      "yaw": 55.0,
      "pitch": 60.0,
      "roll": 20.0,
      "is_new_pose": true,
      "on_grid_edge": true,
      "camera_exr_src": "28/cam_vm7",
      "sun_exr_src": "28/sun_sp7",
      "status": "COMPLETE",
      "ocs_total": 0.0290535856038332,
      "ocs_metal": 0.02850527875125408,
      "ocs_dark": 0.0,
      "ocs_solar": 0.000548307376448065,
      "n_pixels_contributing": 4670,
      "image_usable": true,
      "failed_reason": "",
      "rank": 20
    },
    {
      "geom_id": "sp7_vm7",
      "sun_offset": 7,
      "view_offset": -7,
      "pose_id": "B_y55_p75_r-20",
      "label": "yaw055_pitch+075_roll-020",
      "yaw": 55.0,
      "pitch": 75.0,
      "roll": -20.0,
      "is_new_pose": true,
      "on_grid_edge": true,
      "camera_exr_src": "28/cam_vm7",
      "sun_exr_src": "28/sun_sp7",
      "status": "COMPLETE",
      "ocs_total": 0.040062274783849716,
      "ocs_metal": 0.039233844727277756,
      "ocs_dark": 0.0,
      "ocs_solar": 0.0008284301147796214,
      "n_pixels_contributing": 3355,
      "image_usable": true,
      "failed_reason": "",
      "rank": 11
    },
    {
      "geom_id": "sp7_vm7",
      "sun_offset": 7,
      "view_offset": -7,
      "pose_id": "B_y55_p75_r+0",
      "label": "yaw055_pitch+075_roll+000",
      "yaw": 55.0,
      "pitch": 75.0,
      "roll": 0.0,
      "is_new_pose": true,
      "on_grid_edge": true,
      "camera_exr_src": "28/cam_vm7",
      "sun_exr_src": "28/sun_sp7",
      "status": "COMPLETE",
      "ocs_total": 0.2257012277841568,
      "ocs_metal": 0.22441428899765015,
      "ocs_dark": 0.0,
      "ocs_solar": 0.0012869666097685695,
      "n_pixels_contributing": 4360,
      "image_usable": true,
      "failed_reason": "",
      "rank": 2
    },
    {
      "geom_id": "sp7_vm7",
      "sun_offset": 7,
      "view_offset": -7,
      "pose_id": "B_y55_p75_r+20",
      "label": "yaw055_pitch+075_roll+020",
      "yaw": 55.0,
      "pitch": 75.0,
      "roll": 20.0,
      "is_new_pose": true,
      "on_grid_edge": true,
      "camera_exr_src": "28/cam_vm7",
      "sun_exr_src": "28/sun_sp7",
      "status": "COMPLETE",
      "ocs_total": 0.029396528378129005,
      "ocs_metal": 0.02885415032505989,
      "ocs_dark": 0.0,
      "ocs_solar": 0.0005423763068392873,
      "n_pixels_contributing": 4916,
      "image_usable": true,
      "failed_reason": "",
      "rank": 19
    },
    {
      "geom_id": "sp7_vm7",
      "sun_offset": 7,
      "view_offset": -7,
      "pose_id": "B_y75_p45_r-20",
      "label": "yaw075_pitch+045_roll-020",
      "yaw": 75.0,
      "pitch": 45.0,
      "roll": -20.0,
      "is_new_pose": true,
      "on_grid_edge": true,
      "camera_exr_src": "28/cam_vm7",
      "sun_exr_src": "28/sun_sp7",
      "status": "COMPLETE",
      "ocs_total": 0.020925618708133698,
      "ocs_metal": 0.019881675019860268,
      "ocs_dark": 0.0,
      "ocs_solar": 0.0010439461329951882,
      "n_pixels_contributing": 4460,
      "image_usable": true,
      "failed_reason": "",
      "rank": 23
    },
    {
      "geom_id": "sp7_vm7",
      "sun_offset": 7,
      "view_offset": -7,
      "pose_id": "B_y75_p45_r+0",
      "label": "yaw075_pitch+045_roll+000",
      "yaw": 75.0,
      "pitch": 45.0,
      "roll": 0.0,
      "is_new_pose": true,
      "on_grid_edge": true,
      "camera_exr_src": "28/cam_vm7",
      "sun_exr_src": "28/sun_sp7",
      "status": "COMPLETE",
      "ocs_total": 0.03613577410578728,
      "ocs_metal": 0.03541185334324837,
      "ocs_dark": 0.0,
      "ocs_solar": 0.000723921344615519,
      "n_pixels_contributing": 3177,
      "image_usable": true,
      "failed_reason": "",
      "rank": 12
    },
    {
      "geom_id": "sp7_vm7",
      "sun_offset": 7,
      "view_offset": -7,
      "pose_id": "B_y75_p45_r+20",
      "label": "yaw075_pitch+045_roll+020",
      "yaw": 75.0,
      "pitch": 45.0,
      "roll": 20.0,
      "is_new_pose": true,
      "on_grid_edge": true,
      "camera_exr_src": "28/cam_vm7",
      "sun_exr_src": "28/sun_sp7",
      "status": "COMPLETE",
      "ocs_total": 0.03344877064228058,
      "ocs_metal": 0.032727938145399094,
      "ocs_dark": 0.0,
      "ocs_solar": 0.0007208345923572779,
      "n_pixels_contributing": 3876,
      "image_usable": true,
      "failed_reason": "",
      "rank": 15
    },
    {
      "geom_id": "sp7_vm7",
      "sun_offset": 7,
      "view_offset": -7,
      "pose_id": "B_y75_p60_r-20",
      "label": "yaw075_pitch+060_roll-020",
      "yaw": 75.0,
      "pitch": 60.0,
      "roll": -20.0,
      "is_new_pose": true,
      "on_grid_edge": true,
      "camera_exr_src": "28/cam_vm7",
      "sun_exr_src": "28/sun_sp7",
      "status": "COMPLETE",
      "ocs_total": 0.020126814022660255,
      "ocs_metal": 0.01914924941956997,
      "ocs_dark": 0.0,
      "ocs_solar": 0.0009775656508281827,
      "n_pixels_contributing": 5407,
      "image_usable": true,
      "failed_reason": "",
      "rank": 26
    },
    {
      "geom_id": "sp7_vm7",
      "sun_offset": 7,
      "view_offset": -7,
      "pose_id": "B_y75_p60_r+0",
      "label": "yaw075_pitch+060_roll+000",
      "yaw": 75.0,
      "pitch": 60.0,
      "roll": 0.0,
      "is_new_pose": true,
      "on_grid_edge": true,
      "camera_exr_src": "28/cam_vm7",
      "sun_exr_src": "28/sun_sp7",
      "status": "COMPLETE",
      "ocs_total": 0.03574945032596588,
      "ocs_metal": 0.03496197983622551,
      "ocs_dark": 0.0,
      "ocs_solar": 0.0007874708971939981,
      "n_pixels_contributing": 3945,
      "image_usable": true,
      "failed_reason": "",
      "rank": 14
    },
    {
      "geom_id": "sp7_vm7",
      "sun_offset": 7,
      "view_offset": -7,
      "pose_id": "B_y75_p60_r+20",
      "label": "yaw075_pitch+060_roll+020",
      "yaw": 75.0,
      "pitch": 60.0,
      "roll": 20.0,
      "is_new_pose": true,
      "on_grid_edge": true,
      "camera_exr_src": "28/cam_vm7",
      "sun_exr_src": "28/sun_sp7",
      "status": "COMPLETE",
      "ocs_total": 0.05221443995833397,
      "ocs_metal": 0.051378630101680756,
      "ocs_dark": 0.0,
      "ocs_solar": 0.0008358132326975465,
      "n_pixels_contributing": 4828,
      "image_usable": true,
      "failed_reason": "",
      "rank": 8
    },
    {
      "geom_id": "sp7_vm7",
      "sun_offset": 7,
      "view_offset": -7,
      "pose_id": "B_y75_p75_r-20",
      "label": "yaw075_pitch+075_roll-020",
      "yaw": 75.0,
      "pitch": 75.0,
      "roll": -20.0,
      "is_new_pose": true,
      "on_grid_edge": true,
      "camera_exr_src": "28/cam_vm7",
      "sun_exr_src": "28/sun_sp7",
      "status": "COMPLETE",
      "ocs_total": 0.020348479971289635,
      "ocs_metal": 0.019028013572096825,
      "ocs_dark": 0.0,
      "ocs_solar": 0.0013204645365476608,
      "n_pixels_contributing": 5078,
      "image_usable": true,
      "failed_reason": "",
      "rank": 25
    },
    {
      "geom_id": "sp7_vm7",
      "sun_offset": 7,
      "view_offset": -7,
      "pose_id": "B_y75_p75_r+0",
      "label": "yaw075_pitch+075_roll+000",
      "yaw": 75.0,
      "pitch": 75.0,
      "roll": 0.0,
      "is_new_pose": true,
      "on_grid_edge": true,
      "camera_exr_src": "28/cam_vm7",
      "sun_exr_src": "28/sun_sp7",
      "status": "COMPLETE",
      "ocs_total": 0.036026738584041595,
      "ocs_metal": 0.035264115780591965,
      "ocs_dark": 0.0,
      "ocs_solar": 0.0007626226870343089,
      "n_pixels_contributing": 3500,
      "image_usable": true,
      "failed_reason": "",
      "rank": 13
    },
    {
      "geom_id": "sp7_vm7",
      "sun_offset": 7,
      "view_offset": -7,
      "pose_id": "B_y75_p75_r+20",
      "label": "yaw075_pitch+075_roll+020",
      "yaw": 75.0,
      "pitch": 75.0,
      "roll": 20.0,
      "is_new_pose": true,
      "on_grid_edge": true,
      "camera_exr_src": "28/cam_vm7",
      "sun_exr_src": "28/sun_sp7",
      "status": "COMPLETE",
      "ocs_total": 0.1143144741654396,
      "ocs_metal": 0.11310978978872299,
      "ocs_dark": 0.0,
      "ocs_solar": 0.0012046904303133488,
      "n_pixels_contributing": 4487,
      "image_usable": true,
      "failed_reason": "",
      "rank": 6
    }
  ]
}