=== B6-FIX01 batch start Tue Jun 30 09:52:32     2026 ===

>>> RUN mode=image_only fold=0 aug=none start=09:52:32
============================================================
1C-B6 circular regression | image_only_fold0_aug-none
manifest: split_manifest_circ_yawblock_fold0.json
device=cuda params=3,838,628 aug=none
train/val/test = 1850/259/555
============================================================
  ep 1/20 loss=0.8428 grad=1.26 | val_yaw_cmae=126.3 hit@10=0.000 pitch_mae=57.2 yaw_exact=0.000  *best
  ep 2/20 loss=0.6702 grad=1.77 | val_yaw_cmae=115.1 hit@10=0.000 pitch_mae=57.2 yaw_exact=0.000  *best
  ep 3/20 loss=0.3204 grad=2.01 | val_yaw_cmae=57.6 hit@10=0.046 pitch_mae=32.9 yaw_exact=0.000  *best
  ep 4/20 loss=0.1580 grad=1.09 | val_yaw_cmae=115.0 hit@10=0.000 pitch_mae=90.0 yaw_exact=0.000
  ep 5/20 loss=0.1386 grad=1.08 | val_yaw_cmae=76.2 hit@10=0.000 pitch_mae=30.4 yaw_exact=0.000
  ep 6/20 loss=0.1154 grad=1.02 | val_yaw_cmae=153.7 hit@10=0.000 pitch_mae=50.4 yaw_exact=0.000
  ep 7/20 loss=0.0997 grad=0.95 | val_yaw_cmae=71.6 hit@10=0.000 pitch_mae=21.9 yaw_exact=0.000
  ep 8/20 loss=0.0849 grad=0.90 | val_yaw_cmae=109.5 hit@10=0.000 pitch_mae=72.1 yaw_exact=0.000
  ep 9/20 loss=0.0765 grad=0.61 | val_yaw_cmae=114.2 hit@10=0.000 pitch_mae=80.9 yaw_exact=0.000
  ep10/20 loss=0.1054 grad=0.69 | val_yaw_cmae=64.4 hit@10=0.000 pitch_mae=16.1 yaw_exact=0.000
  ep11/20 loss=0.0556 grad=0.44 | val_yaw_cmae=60.4 hit@10=0.000 pitch_mae=14.4 yaw_exact=0.000
  ep12/20 loss=0.0641 grad=0.86 | val_yaw_cmae=117.2 hit@10=0.000 pitch_mae=77.8 yaw_exact=0.000
  ep13/20 loss=0.0867 grad=0.87 | val_yaw_cmae=51.5 hit@10=0.000 pitch_mae=23.1 yaw_exact=0.000  *best
  ep14/20 loss=0.0694 grad=0.79 | val_yaw_cmae=59.7 hit@10=0.031 pitch_mae=20.5 yaw_exact=0.000
  ep15/20 loss=0.0670 grad=0.88 | val_yaw_cmae=62.3 hit@10=0.000 pitch_mae=16.7 yaw_exact=0.000
  ep16/20 loss=0.0550 grad=0.59 | val_yaw_cmae=50.8 hit@10=0.000 pitch_mae=18.7 yaw_exact=0.000  *best
  ep17/20 loss=0.0506 grad=0.40 | val_yaw_cmae=107.4 hit@10=0.000 pitch_mae=35.8 yaw_exact=0.000
  ep18/20 loss=0.0471 grad=0.34 | val_yaw_cmae=113.7 hit@10=0.000 pitch_mae=40.2 yaw_exact=0.000
  ep19/20 loss=0.0470 grad=0.57 | val_yaw_cmae=110.1 hit@10=0.000 pitch_mae=64.2 yaw_exact=0.000
  ep20/20 loss=0.0425 grad=0.53 | val_yaw_cmae=59.6 hit@10=0.008 pitch_mae=15.2 yaw_exact=0.000

[TEST final ] yaw_cmae=111.32deg hit@30=0.043 coarse90=0.013 | pitch_mae=20.23
[TEST best  ] (ep16) yaw_cmae=94.43deg hit@30=0.164 coarse90=0.193 | pitch_mae=20.59
[DONE] D:\我的文件\研究生学术\光学项目\0506新\项目重启_v0.4_BlenderOCS\v0.4_results\10_b6_circular_regression_fix01\image_only_fold0_aug-none
<<< rc=0 mode=image_only fold=0 aug=none end=09:57:28

>>> RUN mode=joint fold=0 aug=none start=09:57:28
============================================================
1C-B6 circular regression | joint_fold0_aug-none
manifest: split_manifest_circ_yawblock_fold0.json
device=cuda params=3,872,804 aug=none
train/val/test = 1850/259/555
============================================================
  ep 1/20 loss=0.7546 grad=3.61 | val_yaw_cmae=158.9 hit@10=0.008 pitch_mae=52.7 yaw_exact=0.000  *best
  ep 2/20 loss=0.3417 grad=2.17 | val_yaw_cmae=96.0 hit@10=0.000 pitch_mae=55.1 yaw_exact=0.000  *best
  ep 3/20 loss=0.1903 grad=2.15 | val_yaw_cmae=115.0 hit@10=0.000 pitch_mae=47.6 yaw_exact=0.000
  ep 4/20 loss=0.1743 grad=1.80 | val_yaw_cmae=109.2 hit@10=0.000 pitch_mae=49.6 yaw_exact=0.000
  ep 5/20 loss=0.1421 grad=1.62 | val_yaw_cmae=74.1 hit@10=0.000 pitch_mae=42.9 yaw_exact=0.000  *best
  ep 6/20 loss=0.0950 grad=1.11 | val_yaw_cmae=53.7 hit@10=0.000 pitch_mae=20.1 yaw_exact=0.000  *best
  ep 7/20 loss=0.0981 grad=1.01 | val_yaw_cmae=113.8 hit@10=0.000 pitch_mae=83.8 yaw_exact=0.000
  ep 8/20 loss=0.1164 grad=1.06 | val_yaw_cmae=114.7 hit@10=0.000 pitch_mae=82.2 yaw_exact=0.000
  ep 9/20 loss=0.0774 grad=0.78 | val_yaw_cmae=106.8 hit@10=0.000 pitch_mae=74.2 yaw_exact=0.000
  ep10/20 loss=0.0756 grad=1.28 | val_yaw_cmae=77.4 hit@10=0.000 pitch_mae=32.2 yaw_exact=0.000
  ep11/20 loss=0.0711 grad=0.77 | val_yaw_cmae=147.3 hit@10=0.000 pitch_mae=58.7 yaw_exact=0.000
  ep12/20 loss=0.0600 grad=0.77 | val_yaw_cmae=61.3 hit@10=0.008 pitch_mae=20.1 yaw_exact=0.000
  ep13/20 loss=0.0861 grad=1.17 | val_yaw_cmae=98.8 hit@10=0.031 pitch_mae=62.3 yaw_exact=0.000
  ep14/20 loss=0.0724 grad=1.05 | val_yaw_cmae=114.9 hit@10=0.000 pitch_mae=81.4 yaw_exact=0.000
  ep15/20 loss=0.0255 grad=0.77 | val_yaw_cmae=60.2 hit@10=0.004 pitch_mae=12.8 yaw_exact=0.000
  ep16/20 loss=0.0086 grad=0.52 | val_yaw_cmae=58.1 hit@10=0.019 pitch_mae=11.8 yaw_exact=0.000
  ep17/20 loss=0.0063 grad=0.45 | val_yaw_cmae=57.8 hit@10=0.027 pitch_mae=12.7 yaw_exact=0.000
  ep18/20 loss=0.0041 grad=0.32 | val_yaw_cmae=55.3 hit@10=0.031 pitch_mae=12.1 yaw_exact=0.000
  ep19/20 loss=0.0045 grad=0.41 | val_yaw_cmae=54.7 hit@10=0.058 pitch_mae=16.0 yaw_exact=0.004
  ep20/20 loss=0.0032 grad=0.29 | val_yaw_cmae=52.8 hit@10=0.042 pitch_mae=12.1 yaw_exact=0.000  *best

[TEST final ] yaw_cmae=107.21deg hit@30=0.162 coarse90=0.157 | pitch_mae=14.39
[TEST best  ] (ep20) yaw_cmae=107.21deg hit@30=0.162 coarse90=0.157 | pitch_mae=14.39
[DONE] D:\我的文件\研究生学术\光学项目\0506新\项目重启_v0.4_BlenderOCS\v0.4_results\10_b6_circular_regression_fix01\joint_fold0_aug-none
<<< rc=0 mode=joint fold=0 aug=none end=10:02:28

>>> RUN mode=ocs_only fold=0 aug=none start=10:02:28
============================================================
1C-B6 circular regression | ocs_only_fold0_aug-none
manifest: split_manifest_circ_yawblock_fold0.json
device=cuda params=34,180 aug=none
train/val/test = 1850/259/555
============================================================
  ep 1/20 loss=0.4683 grad=0.40 | val_yaw_cmae=152.0 hit@10=0.000 pitch_mae=46.4 yaw_exact=0.000  *best
  ep 2/20 loss=0.4447 grad=0.24 | val_yaw_cmae=138.7 hit@10=0.000 pitch_mae=46.3 yaw_exact=0.000  *best
  ep 3/20 loss=0.4445 grad=0.26 | val_yaw_cmae=140.2 hit@10=0.000 pitch_mae=46.5 yaw_exact=0.000
  ep 4/20 loss=0.4442 grad=0.24 | val_yaw_cmae=133.9 hit@10=0.000 pitch_mae=46.5 yaw_exact=0.000  *best
  ep 5/20 loss=0.4421 grad=0.21 | val_yaw_cmae=152.2 hit@10=0.000 pitch_mae=46.4 yaw_exact=0.000
  ep 6/20 loss=0.4437 grad=0.22 | val_yaw_cmae=140.2 hit@10=0.000 pitch_mae=46.3 yaw_exact=0.000
  ep 7/20 loss=0.4428 grad=0.21 | val_yaw_cmae=147.6 hit@10=0.000 pitch_mae=46.3 yaw_exact=0.000
  ep 8/20 loss=0.4435 grad=0.22 | val_yaw_cmae=149.0 hit@10=0.000 pitch_mae=46.3 yaw_exact=0.000
  ep 9/20 loss=0.4424 grad=0.20 | val_yaw_cmae=140.2 hit@10=0.000 pitch_mae=46.3 yaw_exact=0.000
  ep10/20 loss=0.4416 grad=0.23 | val_yaw_cmae=137.3 hit@10=0.000 pitch_mae=46.4 yaw_exact=0.000
  ep11/20 loss=0.4411 grad=0.21 | val_yaw_cmae=151.2 hit@10=0.000 pitch_mae=46.4 yaw_exact=0.000
  ep12/20 loss=0.4399 grad=0.24 | val_yaw_cmae=153.2 hit@10=0.000 pitch_mae=46.7 yaw_exact=0.000
  ep13/20 loss=0.4386 grad=0.26 | val_yaw_cmae=146.7 hit@10=0.000 pitch_mae=46.7 yaw_exact=0.000
  ep14/20 loss=0.4364 grad=0.40 | val_yaw_cmae=140.2 hit@10=0.000 pitch_mae=47.0 yaw_exact=0.000
  ep15/20 loss=0.4300 grad=0.43 | val_yaw_cmae=166.2 hit@10=0.000 pitch_mae=46.7 yaw_exact=0.000
  ep16/20 loss=0.4192 grad=0.85 | val_yaw_cmae=169.7 hit@10=0.000 pitch_mae=47.0 yaw_exact=0.000
  ep17/20 loss=0.4015 grad=1.27 | val_yaw_cmae=168.6 hit@10=0.000 pitch_mae=47.1 yaw_exact=0.000
  ep18/20 loss=0.3825 grad=2.01 | val_yaw_cmae=167.1 hit@10=0.000 pitch_mae=46.9 yaw_exact=0.000
  ep19/20 loss=0.3681 grad=2.40 | val_yaw_cmae=146.1 hit@10=0.000 pitch_mae=47.2 yaw_exact=0.000
  ep20/20 loss=0.3592 grad=2.92 | val_yaw_cmae=154.6 hit@10=0.000 pitch_mae=47.0 yaw_exact=0.000

[TEST final ] yaw_cmae=112.06deg hit@30=0.000 coarse90=0.000 | pitch_mae=46.34
[TEST best  ] (ep4) yaw_cmae=160.10deg hit@30=0.000 coarse90=0.000 | pitch_mae=46.51
[DONE] D:\我的文件\研究生学术\光学项目\0506新\项目重启_v0.4_BlenderOCS\v0.4_results\10_b6_circular_regression_fix01\ocs_only_fold0_aug-none
<<< rc=0 mode=ocs_only fold=0 aug=none end=10:07:00

>>> RUN mode=image_only fold=1 aug=none start=10:07:00
============================================================
1C-B6 circular regression | image_only_fold1_aug-none
manifest: split_manifest_circ_yawblock_fold1.json
device=cuda params=3,838,628 aug=none
train/val/test = 1850/259/555
============================================================
  ep 1/20 loss=1.0698 grad=2.16 | val_yaw_cmae=86.3 hit@10=0.000 pitch_mae=56.7 yaw_exact=0.000  *best
  ep 2/20 loss=0.4766 grad=1.73 | val_yaw_cmae=50.9 hit@10=0.216 pitch_mae=56.0 yaw_exact=0.000  *best
  ep 3/20 loss=0.2581 grad=2.07 | val_yaw_cmae=74.3 hit@10=0.042 pitch_mae=56.2 yaw_exact=0.012
  ep 4/20 loss=0.2480 grad=1.55 | val_yaw_cmae=165.6 hit@10=0.000 pitch_mae=57.2 yaw_exact=0.000
  ep 5/20 loss=0.2382 grad=1.16 | val_yaw_cmae=74.2 hit@10=0.008 pitch_mae=90.0 yaw_exact=0.000
  ep 6/20 loss=0.1666 grad=1.12 | val_yaw_cmae=73.8 hit@10=0.085 pitch_mae=35.5 yaw_exact=0.023
  ep 7/20 loss=0.1631 grad=1.28 | val_yaw_cmae=168.6 hit@10=0.000 pitch_mae=56.8 yaw_exact=0.000
  ep 8/20 loss=0.1299 grad=0.58 | val_yaw_cmae=37.1 hit@10=0.429 pitch_mae=60.8 yaw_exact=0.143  *best
  ep 9/20 loss=0.1200 grad=0.73 | val_yaw_cmae=48.4 hit@10=0.305 pitch_mae=79.2 yaw_exact=0.147
  ep10/20 loss=0.1108 grad=0.39 | val_yaw_cmae=38.6 hit@10=0.409 pitch_mae=38.7 yaw_exact=0.135
  ep11/20 loss=0.0797 grad=0.30 | val_yaw_cmae=59.1 hit@10=0.174 pitch_mae=35.0 yaw_exact=0.081
  ep12/20 loss=0.0946 grad=0.55 | val_yaw_cmae=56.8 hit@10=0.197 pitch_mae=40.9 yaw_exact=0.050
  ep13/20 loss=0.0987 grad=0.61 | val_yaw_cmae=46.5 hit@10=0.239 pitch_mae=29.4 yaw_exact=0.046
  ep14/20 loss=0.0724 grad=0.35 | val_yaw_cmae=32.7 hit@10=0.444 pitch_mae=61.9 yaw_exact=0.139  *best
  ep15/20 loss=0.0835 grad=0.58 | val_yaw_cmae=14.0 hit@10=0.521 pitch_mae=96.5 yaw_exact=0.151  *best
  ep16/20 loss=0.0979 grad=0.66 | val_yaw_cmae=57.0 hit@10=0.158 pitch_mae=31.2 yaw_exact=0.015
  ep17/20 loss=0.0600 grad=0.38 | val_yaw_cmae=44.3 hit@10=0.309 pitch_mae=12.7 yaw_exact=0.135
  ep18/20 loss=0.1062 grad=1.03 | val_yaw_cmae=43.7 hit@10=0.463 pitch_mae=30.7 yaw_exact=0.151
  ep19/20 loss=0.1208 grad=0.69 | val_yaw_cmae=139.8 hit@10=0.135 pitch_mae=50.2 yaw_exact=0.046
  ep20/20 loss=0.0971 grad=0.47 | val_yaw_cmae=46.2 hit@10=0.201 pitch_mae=13.3 yaw_exact=0.042

[TEST final ] yaw_cmae=35.68deg hit@30=0.445 coarse90=0.786 | pitch_mae=13.82
[TEST best  ] (ep15) yaw_cmae=64.56deg hit@30=0.005 coarse90=0.205 | pitch_mae=88.70
[DONE] D:\我的文件\研究生学术\光学项目\0506新\项目重启_v0.4_BlenderOCS\v0.4_results\10_b6_circular_regression_fix01\image_only_fold1_aug-none
<<< rc=0 mode=image_only fold=1 aug=none end=10:11:52

>>> RUN mode=joint fold=1 aug=none start=10:11:52
============================================================
1C-B6 circular regression | joint_fold1_aug-none
manifest: split_manifest_circ_yawblock_fold1.json
device=cuda params=3,872,804 aug=none
train/val/test = 1850/259/555
============================================================
  ep 1/20 loss=1.0921 grad=1.86 | val_yaw_cmae=99.9 hit@10=0.000 pitch_mae=57.2 yaw_exact=0.000  *best
  ep 2/20 loss=0.5694 grad=2.03 | val_yaw_cmae=116.5 hit@10=0.000 pitch_mae=58.6 yaw_exact=0.000
  ep 3/20 loss=0.2819 grad=1.40 | val_yaw_cmae=119.8 hit@10=0.000 pitch_mae=48.6 yaw_exact=0.000
  ep 4/20 loss=0.2109 grad=1.60 | val_yaw_cmae=11.0 hit@10=0.571 pitch_mae=80.9 yaw_exact=0.143  *best
  ep 5/20 loss=0.1732 grad=1.22 | val_yaw_cmae=95.5 hit@10=0.015 pitch_mae=38.0 yaw_exact=0.004
  ep 6/20 loss=0.1934 grad=1.16 | val_yaw_cmae=47.1 hit@10=0.286 pitch_mae=57.8 yaw_exact=0.143
  ep 7/20 loss=0.1305 grad=0.88 | val_yaw_cmae=146.3 hit@10=0.000 pitch_mae=41.5 yaw_exact=0.000
  ep 8/20 loss=0.1334 grad=0.57 | val_yaw_cmae=30.0 hit@10=0.429 pitch_mae=80.6 yaw_exact=0.143
  ep 9/20 loss=0.0957 grad=0.37 | val_yaw_cmae=116.4 hit@10=0.000 pitch_mae=55.5 yaw_exact=0.000
  ep10/20 loss=0.1169 grad=0.82 | val_yaw_cmae=15.2 hit@10=0.564 pitch_mae=86.8 yaw_exact=0.174
  ep11/20 loss=0.0909 grad=0.47 | val_yaw_cmae=55.9 hit@10=0.212 pitch_mae=35.2 yaw_exact=0.035
  ep12/20 loss=0.0885 grad=0.63 | val_yaw_cmae=91.2 hit@10=0.012 pitch_mae=41.6 yaw_exact=0.004
  ep13/20 loss=0.1217 grad=0.97 | val_yaw_cmae=111.8 hit@10=0.143 pitch_mae=55.8 yaw_exact=0.000
  ep14/20 loss=0.0902 grad=0.57 | val_yaw_cmae=34.7 hit@10=0.432 pitch_mae=35.3 yaw_exact=0.189
  ep15/20 loss=0.1946 grad=1.29 | val_yaw_cmae=56.8 hit@10=0.174 pitch_mae=45.4 yaw_exact=0.015
  ep16/20 loss=0.1300 grad=0.68 | val_yaw_cmae=103.9 hit@10=0.097 pitch_mae=35.7 yaw_exact=0.035
  ep17/20 loss=0.1182 grad=0.71 | val_yaw_cmae=54.3 hit@10=0.286 pitch_mae=66.5 yaw_exact=0.143
  ep18/20 loss=0.1494 grad=0.58 | val_yaw_cmae=35.1 hit@10=0.429 pitch_mae=90.0 yaw_exact=0.143
  ep19/20 loss=0.0890 grad=0.73 | val_yaw_cmae=102.3 hit@10=0.000 pitch_mae=50.8 yaw_exact=0.000
  ep20/20 loss=0.0773 grad=0.52 | val_yaw_cmae=79.5 hit@10=0.104 pitch_mae=27.7 yaw_exact=0.031

[TEST final ] yaw_cmae=36.11deg hit@30=0.443 coarse90=0.800 | pitch_mae=13.32
[TEST best  ] (ep4) yaw_cmae=65.00deg hit@30=0.038 coarse90=0.200 | pitch_mae=87.86
[DONE] D:\我的文件\研究生学术\光学项目\0506新\项目重启_v0.4_BlenderOCS\v0.4_results\10_b6_circular_regression_fix01\joint_fold1_aug-none
<<< rc=0 mode=joint fold=1 aug=none end=10:16:47

>>> RUN mode=ocs_only fold=1 aug=none start=10:16:47
============================================================
1C-B6 circular regression | ocs_only_fold1_aug-none
manifest: split_manifest_circ_yawblock_fold1.json
device=cuda params=34,180 aug=none
train/val/test = 1850/259/555
============================================================
  ep 1/20 loss=0.4719 grad=0.41 | val_yaw_cmae=148.4 hit@10=0.000 pitch_mae=46.4 yaw_exact=0.000  *best
  ep 2/20 loss=0.4445 grad=0.25 | val_yaw_cmae=142.7 hit@10=0.000 pitch_mae=46.3 yaw_exact=0.000  *best
  ep 3/20 loss=0.4435 grad=0.24 | val_yaw_cmae=144.6 hit@10=0.000 pitch_mae=46.4 yaw_exact=0.000
  ep 4/20 loss=0.4434 grad=0.23 | val_yaw_cmae=149.8 hit@10=0.000 pitch_mae=46.5 yaw_exact=0.000
  ep 5/20 loss=0.4425 grad=0.22 | val_yaw_cmae=150.8 hit@10=0.000 pitch_mae=46.3 yaw_exact=0.000
  ep 6/20 loss=0.4449 grad=0.21 | val_yaw_cmae=142.1 hit@10=0.000 pitch_mae=46.3 yaw_exact=0.000  *best
  ep 7/20 loss=0.4422 grad=0.21 | val_yaw_cmae=153.7 hit@10=0.000 pitch_mae=46.3 yaw_exact=0.000
  ep 8/20 loss=0.4439 grad=0.21 | val_yaw_cmae=146.1 hit@10=0.000 pitch_mae=46.3 yaw_exact=0.000
  ep 9/20 loss=0.4422 grad=0.20 | val_yaw_cmae=140.8 hit@10=0.000 pitch_mae=46.3 yaw_exact=0.000  *best
  ep10/20 loss=0.4417 grad=0.21 | val_yaw_cmae=144.5 hit@10=0.000 pitch_mae=46.4 yaw_exact=0.000
  ep11/20 loss=0.4416 grad=0.20 | val_yaw_cmae=144.5 hit@10=0.000 pitch_mae=46.2 yaw_exact=0.000
  ep12/20 loss=0.4407 grad=0.23 | val_yaw_cmae=152.7 hit@10=0.000 pitch_mae=46.3 yaw_exact=0.000
  ep13/20 loss=0.4379 grad=0.21 | val_yaw_cmae=153.5 hit@10=0.000 pitch_mae=46.3 yaw_exact=0.000
  ep14/20 loss=0.4338 grad=0.28 | val_yaw_cmae=147.6 hit@10=0.000 pitch_mae=46.3 yaw_exact=0.000
  ep15/20 loss=0.4267 grad=0.34 | val_yaw_cmae=164.1 hit@10=0.000 pitch_mae=46.5 yaw_exact=0.000
  ep16/20 loss=0.4216 grad=0.63 | val_yaw_cmae=146.0 hit@10=0.000 pitch_mae=46.4 yaw_exact=0.000
  ep17/20 loss=0.4124 grad=0.85 | val_yaw_cmae=158.8 hit@10=0.000 pitch_mae=46.3 yaw_exact=0.000
  ep18/20 loss=0.4011 grad=1.00 | val_yaw_cmae=115.2 hit@10=0.000 pitch_mae=46.2 yaw_exact=0.000  *best
  ep19/20 loss=0.3878 grad=1.52 | val_yaw_cmae=72.4 hit@10=0.000 pitch_mae=46.3 yaw_exact=0.000  *best
  ep20/20 loss=0.3771 grad=1.82 | val_yaw_cmae=60.9 hit@10=0.000 pitch_mae=46.2 yaw_exact=0.000  *best

[TEST final ] yaw_cmae=127.68deg hit@30=0.000 coarse90=0.000 | pitch_mae=46.34
[TEST best  ] (ep20) yaw_cmae=127.68deg hit@30=0.000 coarse90=0.000 | pitch_mae=46.34
[DONE] D:\我的文件\研究生学术\光学项目\0506新\项目重启_v0.4_BlenderOCS\v0.4_results\10_b6_circular_regression_fix01\ocs_only_fold1_aug-none
<<< rc=0 mode=ocs_only fold=1 aug=none end=10:21:19

>>> RUN mode=image_only fold=2 aug=none start=10:21:19
============================================================
1C-B6 circular regression | image_only_fold2_aug-none
manifest: split_manifest_circ_yawblock_fold2.json
device=cuda params=3,838,628 aug=none
train/val/test = 1887/259/518
============================================================
  ep 1/20 loss=1.1470 grad=0.48 | val_yaw_cmae=170.7 hit@10=0.000 pitch_mae=57.2 yaw_exact=0.000  *best
  ep 2/20 loss=1.1720 grad=0.00 | val_yaw_cmae=170.7 hit@10=0.000 pitch_mae=57.2 yaw_exact=0.000  *best
  ep 3/20 loss=1.1720 grad=0.00 | val_yaw_cmae=170.7 hit@10=0.000 pitch_mae=57.2 yaw_exact=0.000
  ep 4/20 loss=1.1720 grad=0.00 | val_yaw_cmae=170.7 hit@10=0.000 pitch_mae=57.2 yaw_exact=0.000
  ep 5/20 loss=1.1721 grad=0.00 | val_yaw_cmae=170.7 hit@10=0.000 pitch_mae=57.2 yaw_exact=0.000
  ep 6/20 loss=1.1722 grad=0.00 | val_yaw_cmae=170.7 hit@10=0.000 pitch_mae=57.2 yaw_exact=0.000
  ep 7/20 loss=1.1721 grad=0.00 | val_yaw_cmae=170.7 hit@10=0.000 pitch_mae=57.2 yaw_exact=0.000
  ep 8/20 loss=1.1721 grad=0.00 | val_yaw_cmae=170.7 hit@10=0.000 pitch_mae=57.2 yaw_exact=0.000
  ep 9/20 loss=1.1721 grad=0.00 | val_yaw_cmae=170.7 hit@10=0.000 pitch_mae=57.2 yaw_exact=0.000
  ep10/20 loss=1.1720 grad=0.00 | val_yaw_cmae=170.7 hit@10=0.000 pitch_mae=57.2 yaw_exact=0.000
  ep11/20 loss=1.1721 grad=0.00 | val_yaw_cmae=170.7 hit@10=0.000 pitch_mae=57.2 yaw_exact=0.000
  ep12/20 loss=1.1722 grad=0.00 | val_yaw_cmae=170.7 hit@10=0.000 pitch_mae=57.2 yaw_exact=0.000
  ep13/20 loss=1.1721 grad=0.00 | val_yaw_cmae=170.7 hit@10=0.000 pitch_mae=57.2 yaw_exact=0.000
  ep14/20 loss=1.1721 grad=0.00 | val_yaw_cmae=170.7 hit@10=0.000 pitch_mae=57.2 yaw_exact=0.000
  ep15/20 loss=1.4107 grad=0.34 | val_yaw_cmae=95.0 hit@10=0.000 pitch_mae=57.2 yaw_exact=0.000  *best
  ep16/20 loss=1.5166 grad=0.00 | val_yaw_cmae=95.0 hit@10=0.000 pitch_mae=57.2 yaw_exact=0.000
  ep17/20 loss=1.5166 grad=0.00 | val_yaw_cmae=95.0 hit@10=0.000 pitch_mae=57.2 yaw_exact=0.000
  ep18/20 loss=1.5166 grad=0.00 | val_yaw_cmae=95.0 hit@10=0.000 pitch_mae=57.2 yaw_exact=0.000
  ep19/20 loss=1.5166 grad=0.00 | val_yaw_cmae=95.0 hit@10=0.000 pitch_mae=57.2 yaw_exact=0.000
  ep20/20 loss=1.5166 grad=0.00 | val_yaw_cmae=95.0 hit@10=0.000 pitch_mae=57.2 yaw_exact=0.000

[TEST final ] yaw_cmae=42.50deg hit@30=0.357 coarse90=0.571 | pitch_mae=57.16
[TEST best  ] (ep15) yaw_cmae=42.50deg hit@30=0.357 coarse90=0.571 | pitch_mae=57.16
[DONE] D:\我的文件\研究生学术\光学项目\0506新\项目重启_v0.4_BlenderOCS\v0.4_results\10_b6_circular_regression_fix01\image_only_fold2_aug-none
<<< rc=0 mode=image_only fold=2 aug=none end=10:26:07

>>> RUN mode=joint fold=2 aug=none start=10:26:07
============================================================
1C-B6 circular regression | joint_fold2_aug-none
manifest: split_manifest_circ_yawblock_fold2.json
device=cuda params=3,872,804 aug=none
train/val/test = 1887/259/518
============================================================
  ep 1/20 loss=0.9006 grad=2.31 | val_yaw_cmae=170.7 hit@10=0.000 pitch_mae=46.6 yaw_exact=0.000  *best
  ep 2/20 loss=0.8283 grad=1.06 | val_yaw_cmae=99.7 hit@10=0.000 pitch_mae=42.1 yaw_exact=0.000  *best
  ep 3/20 loss=0.4577 grad=1.96 | val_yaw_cmae=102.0 hit@10=0.000 pitch_mae=58.3 yaw_exact=0.000
  ep 4/20 loss=0.2875 grad=1.59 | val_yaw_cmae=74.4 hit@10=0.000 pitch_mae=32.0 yaw_exact=0.000  *best
  ep 5/20 loss=0.2093 grad=1.82 | val_yaw_cmae=155.8 hit@10=0.000 pitch_mae=47.3 yaw_exact=0.000
  ep 6/20 loss=0.1557 grad=1.52 | val_yaw_cmae=85.1 hit@10=0.000 pitch_mae=41.6 yaw_exact=0.000
  ep 7/20 loss=0.1521 grad=1.36 | val_yaw_cmae=154.4 hit@10=0.019 pitch_mae=37.9 yaw_exact=0.004
  ep 8/20 loss=0.1114 grad=0.98 | val_yaw_cmae=170.7 hit@10=0.000 pitch_mae=57.2 yaw_exact=0.000
  ep 9/20 loss=0.0994 grad=0.89 | val_yaw_cmae=167.7 hit@10=0.000 pitch_mae=55.1 yaw_exact=0.000
  ep10/20 loss=0.1010 grad=0.88 | val_yaw_cmae=157.7 hit@10=0.031 pitch_mae=57.1 yaw_exact=0.004
  ep11/20 loss=0.0676 grad=1.17 | val_yaw_cmae=151.3 hit@10=0.031 pitch_mae=48.7 yaw_exact=0.004
  ep12/20 loss=0.0714 grad=1.37 | val_yaw_cmae=82.6 hit@10=0.000 pitch_mae=81.0 yaw_exact=0.000
  ep13/20 loss=0.0490 grad=0.96 | val_yaw_cmae=83.2 hit@10=0.023 pitch_mae=89.2 yaw_exact=0.004
  ep14/20 loss=0.0157 grad=0.46 | val_yaw_cmae=72.3 hit@10=0.000 pitch_mae=31.4 yaw_exact=0.000  *best
  ep15/20 loss=0.0049 grad=0.30 | val_yaw_cmae=80.2 hit@10=0.000 pitch_mae=34.9 yaw_exact=0.000
  ep16/20 loss=0.0042 grad=0.31 | val_yaw_cmae=37.2 hit@10=0.050 pitch_mae=15.0 yaw_exact=0.008  *best
  ep17/20 loss=0.0030 grad=0.24 | val_yaw_cmae=47.9 hit@10=0.004 pitch_mae=15.4 yaw_exact=0.000
  ep18/20 loss=0.0032 grad=0.29 | val_yaw_cmae=61.1 hit@10=0.000 pitch_mae=25.6 yaw_exact=0.000
  ep19/20 loss=0.0028 grad=0.28 | val_yaw_cmae=170.7 hit@10=0.000 pitch_mae=69.5 yaw_exact=0.000
  ep20/20 loss=0.0021 grad=0.22 | val_yaw_cmae=38.8 hit@10=0.027 pitch_mae=13.7 yaw_exact=0.000

[TEST final ] yaw_cmae=93.42deg hit@30=0.135 coarse90=0.371 | pitch_mae=12.77
[TEST best  ] (ep16) yaw_cmae=88.91deg hit@30=0.124 coarse90=0.400 | pitch_mae=13.62
[DONE] D:\我的文件\研究生学术\光学项目\0506新\项目重启_v0.4_BlenderOCS\v0.4_results\10_b6_circular_regression_fix01\joint_fold2_aug-none
<<< rc=0 mode=joint fold=2 aug=none end=10:30:56

>>> RUN mode=ocs_only fold=2 aug=none start=10:30:56
============================================================
1C-B6 circular regression | ocs_only_fold2_aug-none
manifest: split_manifest_circ_yawblock_fold2.json
device=cuda params=34,180 aug=none
train/val/test = 1887/259/518
============================================================
  ep 1/20 loss=0.4850 grad=0.39 | val_yaw_cmae=137.3 hit@10=0.000 pitch_mae=46.5 yaw_exact=0.000  *best
  ep 2/20 loss=0.4501 grad=0.26 | val_yaw_cmae=143.6 hit@10=0.000 pitch_mae=46.3 yaw_exact=0.000
  ep 3/20 loss=0.4494 grad=0.24 | val_yaw_cmae=150.0 hit@10=0.000 pitch_mae=46.3 yaw_exact=0.000
  ep 4/20 loss=0.4482 grad=0.22 | val_yaw_cmae=141.9 hit@10=0.000 pitch_mae=46.3 yaw_exact=0.000
  ep 5/20 loss=0.4468 grad=0.23 | val_yaw_cmae=145.5 hit@10=0.000 pitch_mae=46.4 yaw_exact=0.000
  ep 6/20 loss=0.4411 grad=0.24 | val_yaw_cmae=143.8 hit@10=0.000 pitch_mae=46.6 yaw_exact=0.000
  ep 7/20 loss=0.4308 grad=0.30 | val_yaw_cmae=145.6 hit@10=0.000 pitch_mae=48.4 yaw_exact=0.000
  ep 8/20 loss=0.4213 grad=0.48 | val_yaw_cmae=148.9 hit@10=0.000 pitch_mae=48.3 yaw_exact=0.000
  ep 9/20 loss=0.4104 grad=0.53 | val_yaw_cmae=144.1 hit@10=0.000 pitch_mae=49.7 yaw_exact=0.000
  ep10/20 loss=0.4036 grad=0.66 | val_yaw_cmae=145.7 hit@10=0.000 pitch_mae=49.9 yaw_exact=0.000
  ep11/20 loss=0.3909 grad=0.83 | val_yaw_cmae=151.7 hit@10=0.000 pitch_mae=51.3 yaw_exact=0.000
  ep12/20 loss=0.3810 grad=1.37 | val_yaw_cmae=162.2 hit@10=0.000 pitch_mae=51.7 yaw_exact=0.000
  ep13/20 loss=0.3509 grad=1.39 | val_yaw_cmae=143.1 hit@10=0.000 pitch_mae=53.6 yaw_exact=0.000
  ep14/20 loss=0.3196 grad=2.70 | val_yaw_cmae=120.9 hit@10=0.000 pitch_mae=54.8 yaw_exact=0.000  *best
  ep15/20 loss=0.2890 grad=2.39 | val_yaw_cmae=129.6 hit@10=0.000 pitch_mae=54.7 yaw_exact=0.000
  ep16/20 loss=0.2795 grad=3.02 | val_yaw_cmae=123.2 hit@10=0.000 pitch_mae=54.5 yaw_exact=0.000
  ep17/20 loss=0.2712 grad=2.43 | val_yaw_cmae=128.3 hit@10=0.000 pitch_mae=55.0 yaw_exact=0.000
  ep18/20 loss=0.2656 grad=2.12 | val_yaw_cmae=146.1 hit@10=0.000 pitch_mae=56.8 yaw_exact=0.000
  ep19/20 loss=0.2643 grad=2.80 | val_yaw_cmae=147.3 hit@10=0.000 pitch_mae=57.4 yaw_exact=0.000
  ep20/20 loss=0.2667 grad=3.46 | val_yaw_cmae=139.7 hit@10=0.000 pitch_mae=58.2 yaw_exact=0.000

[TEST final ] yaw_cmae=122.89deg hit@30=0.000 coarse90=0.071 | pitch_mae=54.02
[TEST best  ] (ep14) yaw_cmae=125.61deg hit@30=0.000 coarse90=0.000 | pitch_mae=51.38
[DONE] D:\我的文件\研究生学术\光学项目\0506新\项目重启_v0.4_BlenderOCS\v0.4_results\10_b6_circular_regression_fix01\ocs_only_fold2_aug-none
<<< rc=0 mode=ocs_only fold=2 aug=none end=10:35:35

>>> RUN mode=image_only fold=3 aug=none start=10:35:35
============================================================
1C-B6 circular regression | image_only_fold3_aug-none
manifest: split_manifest_circ_yawblock_fold3.json
device=cuda params=3,838,628 aug=none
train/val/test = 1887/259/518
============================================================
  ep 1/20 loss=0.8201 grad=2.24 | val_yaw_cmae=64.5 hit@10=0.012 pitch_mae=57.1 yaw_exact=0.004  *best
  ep 2/20 loss=0.7712 grad=1.16 | val_yaw_cmae=139.9 hit@10=0.004 pitch_mae=57.2 yaw_exact=0.004
  ep 3/20 loss=0.5401 grad=1.92 | val_yaw_cmae=158.2 hit@10=0.000 pitch_mae=45.0 yaw_exact=0.000
  ep 4/20 loss=0.2461 grad=1.60 | val_yaw_cmae=155.0 hit@10=0.000 pitch_mae=57.2 yaw_exact=0.000
  ep 5/20 loss=0.2093 grad=1.08 | val_yaw_cmae=70.5 hit@10=0.000 pitch_mae=90.0 yaw_exact=0.000
  ep 6/20 loss=0.1689 grad=1.26 | val_yaw_cmae=26.1 hit@10=0.023 pitch_mae=84.1 yaw_exact=0.008  *best
  ep 7/20 loss=0.1975 grad=1.04 | val_yaw_cmae=114.0 hit@10=0.000 pitch_mae=35.7 yaw_exact=0.000
  ep 8/20 loss=0.1201 grad=0.55 | val_yaw_cmae=21.8 hit@10=0.247 pitch_mae=52.6 yaw_exact=0.066  *best
  ep 9/20 loss=0.1805 grad=1.11 | val_yaw_cmae=115.7 hit@10=0.000 pitch_mae=57.2 yaw_exact=0.000
  ep10/20 loss=0.1178 grad=0.65 | val_yaw_cmae=58.8 hit@10=0.359 pitch_mae=10.5 yaw_exact=0.050
  ep11/20 loss=0.0880 grad=0.74 | val_yaw_cmae=24.7 hit@10=0.212 pitch_mae=71.1 yaw_exact=0.050
  ep12/20 loss=0.1564 grad=0.49 | val_yaw_cmae=77.3 hit@10=0.062 pitch_mae=11.7 yaw_exact=0.004
  ep13/20 loss=0.1241 grad=0.80 | val_yaw_cmae=72.6 hit@10=0.274 pitch_mae=10.4 yaw_exact=0.062
  ep14/20 loss=0.0905 grad=0.46 | val_yaw_cmae=78.9 hit@10=0.135 pitch_mae=11.6 yaw_exact=0.031
  ep15/20 loss=0.0842 grad=0.64 | val_yaw_cmae=71.0 hit@10=0.220 pitch_mae=9.5 yaw_exact=0.027
  ep16/20 loss=0.0987 grad=0.87 | val_yaw_cmae=98.9 hit@10=0.000 pitch_mae=15.3 yaw_exact=0.000
  ep17/20 loss=0.0740 grad=0.66 | val_yaw_cmae=100.6 hit@10=0.000 pitch_mae=16.0 yaw_exact=0.000
  ep18/20 loss=0.0721 grad=0.72 | val_yaw_cmae=55.7 hit@10=0.000 pitch_mae=16.4 yaw_exact=0.000
  ep19/20 loss=0.0324 grad=0.36 | val_yaw_cmae=90.4 hit@10=0.004 pitch_mae=13.4 yaw_exact=0.000
  ep20/20 loss=0.0069 grad=0.13 | val_yaw_cmae=90.7 hit@10=0.008 pitch_mae=10.8 yaw_exact=0.000

[TEST final ] yaw_cmae=95.65deg hit@30=0.098 coarse90=0.286 | pitch_mae=15.16
[TEST best  ] (ep8) yaw_cmae=52.17deg hit@30=0.205 coarse90=0.548 | pitch_mae=49.25
[DONE] D:\我的文件\研究生学术\光学项目\0506新\项目重启_v0.4_BlenderOCS\v0.4_results\10_b6_circular_regression_fix01\image_only_fold3_aug-none
<<< rc=0 mode=image_only fold=3 aug=none end=10:40:30

>>> RUN mode=joint fold=3 aug=none start=10:40:30
============================================================
1C-B6 circular regression | joint_fold3_aug-none
manifest: split_manifest_circ_yawblock_fold3.json
device=cuda params=3,872,804 aug=none
train/val/test = 1887/259/518
============================================================
  ep 1/20 loss=0.7956 grad=2.70 | val_yaw_cmae=122.5 hit@10=0.000 pitch_mae=59.5 yaw_exact=0.000  *best
  ep 2/20 loss=0.5682 grad=1.55 | val_yaw_cmae=170.1 hit@10=0.000 pitch_mae=47.5 yaw_exact=0.000
  ep 3/20 loss=0.2268 grad=1.51 | val_yaw_cmae=82.8 hit@10=0.104 pitch_mae=30.8 yaw_exact=0.042  *best
  ep 4/20 loss=0.1289 grad=1.17 | val_yaw_cmae=123.8 hit@10=0.000 pitch_mae=57.2 yaw_exact=0.000
  ep 5/20 loss=0.1047 grad=0.93 | val_yaw_cmae=73.8 hit@10=0.000 pitch_mae=93.9 yaw_exact=0.000  *best
  ep 6/20 loss=0.1243 grad=1.26 | val_yaw_cmae=155.0 hit@10=0.000 pitch_mae=57.1 yaw_exact=0.000
  ep 7/20 loss=0.1556 grad=1.19 | val_yaw_cmae=156.8 hit@10=0.000 pitch_mae=57.2 yaw_exact=0.000
  ep 8/20 loss=0.1036 grad=0.67 | val_yaw_cmae=70.5 hit@10=0.000 pitch_mae=25.1 yaw_exact=0.000  *best
  ep 9/20 loss=0.1353 grad=1.12 | val_yaw_cmae=92.9 hit@10=0.108 pitch_mae=24.5 yaw_exact=0.027
  ep10/20 loss=0.0908 grad=0.93 | val_yaw_cmae=122.2 hit@10=0.000 pitch_mae=51.0 yaw_exact=0.000
  ep11/20 loss=0.0778 grad=0.49 | val_yaw_cmae=117.8 hit@10=0.000 pitch_mae=27.5 yaw_exact=0.000
  ep12/20 loss=0.0986 grad=0.92 | val_yaw_cmae=85.6 hit@10=0.004 pitch_mae=19.1 yaw_exact=0.000
  ep13/20 loss=0.0767 grad=0.52 | val_yaw_cmae=83.8 hit@10=0.000 pitch_mae=67.3 yaw_exact=0.000
  ep14/20 loss=0.0883 grad=0.69 | val_yaw_cmae=103.4 hit@10=0.000 pitch_mae=57.0 yaw_exact=0.000
  ep15/20 loss=0.0678 grad=0.54 | val_yaw_cmae=78.5 hit@10=0.015 pitch_mae=11.7 yaw_exact=0.000
  ep16/20 loss=0.0734 grad=0.49 | val_yaw_cmae=104.7 hit@10=0.000 pitch_mae=40.7 yaw_exact=0.000
  ep17/20 loss=0.0541 grad=0.38 | val_yaw_cmae=88.3 hit@10=0.000 pitch_mae=22.4 yaw_exact=0.000
  ep18/20 loss=0.0677 grad=0.50 | val_yaw_cmae=83.7 hit@10=0.000 pitch_mae=55.4 yaw_exact=0.000
  ep19/20 loss=0.0530 grad=0.34 | val_yaw_cmae=67.4 hit@10=0.000 pitch_mae=57.4 yaw_exact=0.000  *best
  ep20/20 loss=0.0771 grad=0.72 | val_yaw_cmae=114.9 hit@10=0.000 pitch_mae=37.4 yaw_exact=0.000

[TEST final ] yaw_cmae=78.81deg hit@30=0.230 coarse90=0.228 | pitch_mae=34.48
[TEST best  ] (ep19) yaw_cmae=65.20deg hit@30=0.104 coarse90=0.305 | pitch_mae=65.02
[DONE] D:\我的文件\研究生学术\光学项目\0506新\项目重启_v0.4_BlenderOCS\v0.4_results\10_b6_circular_regression_fix01\joint_fold3_aug-none
<<< rc=0 mode=joint fold=3 aug=none end=10:45:36

>>> RUN mode=ocs_only fold=3 aug=none start=10:45:36
============================================================
1C-B6 circular regression | ocs_only_fold3_aug-none
manifest: split_manifest_circ_yawblock_fold3.json
device=cuda params=34,180 aug=none
train/val/test = 1887/259/518
============================================================
  ep 1/20 loss=0.4841 grad=0.40 | val_yaw_cmae=151.0 hit@10=0.000 pitch_mae=46.6 yaw_exact=0.000  *best
  ep 2/20 loss=0.4511 grad=0.27 | val_yaw_cmae=143.1 hit@10=0.000 pitch_mae=46.3 yaw_exact=0.000  *best
  ep 3/20 loss=0.4497 grad=0.25 | val_yaw_cmae=151.3 hit@10=0.000 pitch_mae=46.2 yaw_exact=0.000
  ep 4/20 loss=0.4484 grad=0.22 | val_yaw_cmae=140.7 hit@10=0.000 pitch_mae=46.2 yaw_exact=0.000  *best
  ep 5/20 loss=0.4475 grad=0.23 | val_yaw_cmae=139.3 hit@10=0.000 pitch_mae=46.3 yaw_exact=0.000  *best
  ep 6/20 loss=0.4456 grad=0.22 | val_yaw_cmae=147.0 hit@10=0.000 pitch_mae=46.3 yaw_exact=0.000
  ep 7/20 loss=0.4440 grad=0.22 | val_yaw_cmae=144.5 hit@10=0.000 pitch_mae=46.3 yaw_exact=0.000
  ep 8/20 loss=0.4423 grad=0.23 | val_yaw_cmae=136.1 hit@10=0.000 pitch_mae=46.3 yaw_exact=0.000  *best
  ep 9/20 loss=0.4379 grad=0.23 | val_yaw_cmae=148.4 hit@10=0.000 pitch_mae=46.2 yaw_exact=0.000
  ep10/20 loss=0.4360 grad=0.32 | val_yaw_cmae=153.1 hit@10=0.000 pitch_mae=46.2 yaw_exact=0.000
  ep11/20 loss=0.4326 grad=0.33 | val_yaw_cmae=150.7 hit@10=0.000 pitch_mae=46.3 yaw_exact=0.000
  ep12/20 loss=0.4339 grad=0.48 | val_yaw_cmae=154.6 hit@10=0.000 pitch_mae=46.2 yaw_exact=0.000
  ep13/20 loss=0.4301 grad=0.37 | val_yaw_cmae=160.7 hit@10=0.000 pitch_mae=46.2 yaw_exact=0.000
  ep14/20 loss=0.4296 grad=0.38 | val_yaw_cmae=153.9 hit@10=0.000 pitch_mae=46.2 yaw_exact=0.000
  ep15/20 loss=0.4287 grad=0.45 | val_yaw_cmae=154.0 hit@10=0.000 pitch_mae=46.2 yaw_exact=0.000
  ep16/20 loss=0.4281 grad=0.44 | val_yaw_cmae=146.5 hit@10=0.000 pitch_mae=46.2 yaw_exact=0.000
  ep17/20 loss=0.4289 grad=0.52 | val_yaw_cmae=156.3 hit@10=0.000 pitch_mae=46.2 yaw_exact=0.000
  ep18/20 loss=0.4267 grad=0.48 | val_yaw_cmae=157.0 hit@10=0.000 pitch_mae=46.2 yaw_exact=0.000
  ep19/20 loss=0.4280 grad=0.52 | val_yaw_cmae=150.3 hit@10=0.000 pitch_mae=46.3 yaw_exact=0.000
  ep20/20 loss=0.4282 grad=0.48 | val_yaw_cmae=158.4 hit@10=0.000 pitch_mae=46.2 yaw_exact=0.000

[TEST final ] yaw_cmae=147.70deg hit@30=0.000 coarse90=0.019 | pitch_mae=46.22
[TEST best  ] (ep8) yaw_cmae=161.59deg hit@30=0.000 coarse90=0.000 | pitch_mae=46.40
[DONE] D:\我的文件\研究生学术\光学项目\0506新\项目重启_v0.4_BlenderOCS\v0.4_results\10_b6_circular_regression_fix01\ocs_only_fold3_aug-none
<<< rc=0 mode=ocs_only fold=3 aug=none end=10:50:15

>>> RUN mode=image_only fold=4 aug=none start=10:50:15
============================================================
1C-B6 circular regression | image_only_fold4_aug-none
manifest: split_manifest_circ_yawblock_fold4.json
device=cuda params=3,838,628 aug=none
train/val/test = 1887/259/518
============================================================
  ep 1/20 loss=0.9194 grad=2.25 | val_yaw_cmae=148.3 hit@10=0.000 pitch_mae=50.6 yaw_exact=0.000  *best
  ep 2/20 loss=0.4453 grad=1.99 | val_yaw_cmae=165.6 hit@10=0.000 pitch_mae=36.8 yaw_exact=0.000
  ep 3/20 loss=0.2576 grad=2.45 | val_yaw_cmae=80.9 hit@10=0.000 pitch_mae=61.4 yaw_exact=0.000  *best
  ep 4/20 loss=0.2213 grad=1.58 | val_yaw_cmae=103.7 hit@10=0.000 pitch_mae=90.0 yaw_exact=0.000
  ep 5/20 loss=0.1617 grad=1.13 | val_yaw_cmae=98.3 hit@10=0.000 pitch_mae=51.0 yaw_exact=0.000
  ep 6/20 loss=0.1748 grad=1.21 | val_yaw_cmae=58.8 hit@10=0.031 pitch_mae=17.7 yaw_exact=0.004  *best
  ep 7/20 loss=0.1996 grad=1.62 | val_yaw_cmae=35.9 hit@10=0.054 pitch_mae=56.9 yaw_exact=0.015  *best
  ep 8/20 loss=0.1933 grad=1.12 | val_yaw_cmae=82.7 hit@10=0.035 pitch_mae=44.1 yaw_exact=0.008
  ep 9/20 loss=0.1199 grad=1.00 | val_yaw_cmae=66.8 hit@10=0.000 pitch_mae=15.6 yaw_exact=0.000
  ep10/20 loss=0.1453 grad=0.87 | val_yaw_cmae=44.0 hit@10=0.097 pitch_mae=16.0 yaw_exact=0.019
  ep11/20 loss=0.1004 grad=0.86 | val_yaw_cmae=55.9 hit@10=0.000 pitch_mae=51.6 yaw_exact=0.000
  ep12/20 loss=0.1135 grad=0.70 | val_yaw_cmae=62.4 hit@10=0.004 pitch_mae=11.6 yaw_exact=0.000
  ep13/20 loss=0.1057 grad=0.79 | val_yaw_cmae=62.4 hit@10=0.031 pitch_mae=12.8 yaw_exact=0.015
  ep14/20 loss=0.1189 grad=1.11 | val_yaw_cmae=42.1 hit@10=0.127 pitch_mae=10.3 yaw_exact=0.035
  ep15/20 loss=0.0880 grad=0.41 | val_yaw_cmae=58.6 hit@10=0.004 pitch_mae=12.1 yaw_exact=0.000
  ep16/20 loss=0.0822 grad=0.39 | val_yaw_cmae=89.7 hit@10=0.000 pitch_mae=91.1 yaw_exact=0.000
  ep17/20 loss=0.0722 grad=0.50 | val_yaw_cmae=47.3 hit@10=0.116 pitch_mae=10.6 yaw_exact=0.035
  ep18/20 loss=0.0820 grad=0.38 | val_yaw_cmae=45.7 hit@10=0.000 pitch_mae=45.0 yaw_exact=0.000
  ep19/20 loss=0.1095 grad=0.71 | val_yaw_cmae=135.0 hit@10=0.000 pitch_mae=21.9 yaw_exact=0.000
  ep20/20 loss=0.0569 grad=0.82 | val_yaw_cmae=51.8 hit@10=0.012 pitch_mae=16.1 yaw_exact=0.000

[TEST final ] yaw_cmae=28.04deg hit@30=0.622 coarse90=0.919 | pitch_mae=23.10
[TEST best  ] (ep7) yaw_cmae=47.72deg hit@30=0.454 coarse90=0.681 | pitch_mae=50.63
[DONE] D:\我的文件\研究生学术\光学项目\0506新\项目重启_v0.4_BlenderOCS\v0.4_results\10_b6_circular_regression_fix01\image_only_fold4_aug-none
<<< rc=0 mode=image_only fold=4 aug=none end=10:55:13

>>> RUN mode=joint fold=4 aug=none start=10:55:13
============================================================
1C-B6 circular regression | joint_fold4_aug-none
manifest: split_manifest_circ_yawblock_fold4.json
device=cuda params=3,872,804 aug=none
train/val/test = 1887/259/518
============================================================
  ep 1/20 loss=1.1880 grad=2.25 | val_yaw_cmae=45.0 hit@10=0.000 pitch_mae=57.2 yaw_exact=0.000  *best
  ep 2/20 loss=1.0623 grad=2.09 | val_yaw_cmae=45.0 hit@10=0.000 pitch_mae=47.5 yaw_exact=0.000
  ep 3/20 loss=0.7551 grad=1.79 | val_yaw_cmae=144.5 hit@10=0.000 pitch_mae=57.2 yaw_exact=0.000
  ep 4/20 loss=0.3139 grad=1.59 | val_yaw_cmae=135.0 hit@10=0.000 pitch_mae=46.5 yaw_exact=0.000
  ep 5/20 loss=0.1891 grad=1.43 | val_yaw_cmae=52.0 hit@10=0.069 pitch_mae=26.0 yaw_exact=0.019
  ep 6/20 loss=0.1362 grad=0.76 | val_yaw_cmae=41.7 hit@10=0.097 pitch_mae=29.7 yaw_exact=0.019  *best
  ep 7/20 loss=0.1455 grad=1.05 | val_yaw_cmae=28.5 hit@10=0.112 pitch_mae=51.9 yaw_exact=0.019  *best
  ep 8/20 loss=0.1155 grad=0.62 | val_yaw_cmae=126.2 hit@10=0.000 pitch_mae=18.0 yaw_exact=0.000
  ep 9/20 loss=0.1104 grad=0.53 | val_yaw_cmae=28.0 hit@10=0.108 pitch_mae=86.5 yaw_exact=0.027  *best
  ep10/20 loss=0.1284 grad=0.85 | val_yaw_cmae=97.7 hit@10=0.000 pitch_mae=36.6 yaw_exact=0.000
  ep11/20 loss=0.0916 grad=0.52 | val_yaw_cmae=92.5 hit@10=0.000 pitch_mae=34.7 yaw_exact=0.000
  ep12/20 loss=0.0857 grad=0.49 | val_yaw_cmae=59.1 hit@10=0.023 pitch_mae=11.7 yaw_exact=0.000
  ep13/20 loss=0.0668 grad=0.47 | val_yaw_cmae=78.8 hit@10=0.000 pitch_mae=42.6 yaw_exact=0.000
  ep14/20 loss=0.1300 grad=1.29 | val_yaw_cmae=90.4 hit@10=0.000 pitch_mae=55.3 yaw_exact=0.000
  ep15/20 loss=0.1232 grad=0.62 | val_yaw_cmae=32.7 hit@10=0.093 pitch_mae=90.0 yaw_exact=0.027
  ep16/20 loss=0.0962 grad=0.74 | val_yaw_cmae=49.3 hit@10=0.100 pitch_mae=9.3 yaw_exact=0.008
  ep17/20 loss=0.0883 grad=0.94 | val_yaw_cmae=132.7 hit@10=0.000 pitch_mae=32.6 yaw_exact=0.000
  ep18/20 loss=0.0187 grad=0.47 | val_yaw_cmae=78.1 hit@10=0.000 pitch_mae=19.5 yaw_exact=0.000
  ep19/20 loss=0.0057 grad=0.23 | val_yaw_cmae=52.9 hit@10=0.069 pitch_mae=6.9 yaw_exact=0.015
  ep20/20 loss=0.0048 grad=0.24 | val_yaw_cmae=53.2 hit@10=0.019 pitch_mae=11.6 yaw_exact=0.000

[TEST final ] yaw_cmae=28.44deg hit@30=0.585 coarse90=0.826 | pitch_mae=14.87
[TEST best  ] (ep9) yaw_cmae=37.38deg hit@30=0.552 coarse90=0.782 | pitch_mae=70.39
[DONE] D:\我的文件\研究生学术\光学项目\0506新\项目重启_v0.4_BlenderOCS\v0.4_results\10_b6_circular_regression_fix01\joint_fold4_aug-none
<<< rc=0 mode=joint fold=4 aug=none end=11:00:18

>>> RUN mode=ocs_only fold=4 aug=none start=11:00:18
============================================================
1C-B6 circular regression | ocs_only_fold4_aug-none
manifest: split_manifest_circ_yawblock_fold4.json
device=cuda params=34,180 aug=none
train/val/test = 1887/259/518
============================================================
  ep 1/20 loss=0.4786 grad=0.38 | val_yaw_cmae=145.9 hit@10=0.000 pitch_mae=46.3 yaw_exact=0.000  *best
  ep 2/20 loss=0.4512 grad=0.26 | val_yaw_cmae=151.3 hit@10=0.000 pitch_mae=46.2 yaw_exact=0.000
  ep 3/20 loss=0.4501 grad=0.25 | val_yaw_cmae=136.7 hit@10=0.000 pitch_mae=46.3 yaw_exact=0.000  *best
  ep 4/20 loss=0.4495 grad=0.23 | val_yaw_cmae=148.2 hit@10=0.000 pitch_mae=46.2 yaw_exact=0.000
  ep 5/20 loss=0.4484 grad=0.21 | val_yaw_cmae=150.1 hit@10=0.000 pitch_mae=46.3 yaw_exact=0.000
  ep 6/20 loss=0.4476 grad=0.22 | val_yaw_cmae=144.3 hit@10=0.000 pitch_mae=46.3 yaw_exact=0.000
  ep 7/20 loss=0.4465 grad=0.23 | val_yaw_cmae=135.9 hit@10=0.000 pitch_mae=46.8 yaw_exact=0.000  *best
  ep 8/20 loss=0.4445 grad=0.25 | val_yaw_cmae=143.3 hit@10=0.000 pitch_mae=46.4 yaw_exact=0.000
  ep 9/20 loss=0.4364 grad=0.29 | val_yaw_cmae=147.9 hit@10=0.000 pitch_mae=46.6 yaw_exact=0.000
  ep10/20 loss=0.4324 grad=0.40 | val_yaw_cmae=129.0 hit@10=0.000 pitch_mae=46.6 yaw_exact=0.000  *best
  ep11/20 loss=0.4209 grad=0.42 | val_yaw_cmae=135.3 hit@10=0.000 pitch_mae=46.9 yaw_exact=0.000
  ep12/20 loss=0.4111 grad=0.68 | val_yaw_cmae=131.4 hit@10=0.000 pitch_mae=46.9 yaw_exact=0.000
  ep13/20 loss=0.3946 grad=0.92 | val_yaw_cmae=115.5 hit@10=0.000 pitch_mae=47.0 yaw_exact=0.000  *best
  ep14/20 loss=0.3489 grad=1.62 | val_yaw_cmae=86.2 hit@10=0.000 pitch_mae=46.8 yaw_exact=0.000  *best
  ep15/20 loss=0.3052 grad=2.27 | val_yaw_cmae=108.6 hit@10=0.000 pitch_mae=46.6 yaw_exact=0.000
  ep16/20 loss=0.2991 grad=2.94 | val_yaw_cmae=108.8 hit@10=0.000 pitch_mae=46.6 yaw_exact=0.000
  ep17/20 loss=0.2890 grad=2.44 | val_yaw_cmae=81.3 hit@10=0.000 pitch_mae=47.1 yaw_exact=0.000  *best
  ep18/20 loss=0.2811 grad=1.78 | val_yaw_cmae=82.0 hit@10=0.000 pitch_mae=47.4 yaw_exact=0.000
  ep19/20 loss=0.2809 grad=2.99 | val_yaw_cmae=93.8 hit@10=0.000 pitch_mae=47.5 yaw_exact=0.000
  ep20/20 loss=0.2843 grad=3.61 | val_yaw_cmae=67.8 hit@10=0.000 pitch_mae=47.4 yaw_exact=0.000  *best

[TEST final ] yaw_cmae=144.05deg hit@30=0.000 coarse90=0.000 | pitch_mae=50.85
[TEST best  ] (ep20) yaw_cmae=144.05deg hit@30=0.000 coarse90=0.000 | pitch_mae=50.85
[DONE] D:\我的文件\研究生学术\光学项目\0506新\项目重启_v0.4_BlenderOCS\v0.4_results\10_b6_circular_regression_fix01\ocs_only_fold4_aug-none
<<< rc=0 mode=ocs_only fold=4 aug=none end=11:05:03

>>> RUN mode=image_only fold=0 aug=standard start=11:05:03
============================================================
1C-B6 circular regression | image_only_fold0_aug-standard
manifest: split_manifest_circ_yawblock_fold0.json
device=cuda params=3,838,628 aug=standard
train/val/test = 1850/259/555
============================================================
  ep 1/20 loss=0.8600 grad=0.89 | val_yaw_cmae=115.5 hit@10=0.000 pitch_mae=57.2 yaw_exact=0.000  *best
  ep 2/20 loss=0.7985 grad=1.52 | val_yaw_cmae=115.0 hit@10=0.000 pitch_mae=57.2 yaw_exact=0.000  *best
  ep 3/20 loss=0.4292 grad=1.53 | val_yaw_cmae=115.0 hit@10=0.000 pitch_mae=57.2 yaw_exact=0.000
  ep 4/20 loss=0.1840 grad=1.25 | val_yaw_cmae=150.2 hit@10=0.000 pitch_mae=54.7 yaw_exact=0.000
  ep 5/20 loss=0.1222 grad=1.31 | val_yaw_cmae=153.0 hit@10=0.000 pitch_mae=57.2 yaw_exact=0.000
  ep 6/20 loss=0.1257 grad=0.85 | val_yaw_cmae=143.6 hit@10=0.000 pitch_mae=57.2 yaw_exact=0.000
  ep 7/20 loss=0.1015 grad=1.10 | val_yaw_cmae=149.4 hit@10=0.000 pitch_mae=57.2 yaw_exact=0.000
  ep 8/20 loss=0.1955 grad=1.49 | val_yaw_cmae=145.1 hit@10=0.000 pitch_mae=57.2 yaw_exact=0.000
  ep 9/20 loss=0.0899 grad=0.66 | val_yaw_cmae=115.0 hit@10=0.000 pitch_mae=57.2 yaw_exact=0.000
  ep10/20 loss=0.1300 grad=0.78 | val_yaw_cmae=144.6 hit@10=0.000 pitch_mae=57.2 yaw_exact=0.000
  ep11/20 loss=0.0916 grad=0.60 | val_yaw_cmae=148.8 hit@10=0.000 pitch_mae=57.1 yaw_exact=0.000
  ep12/20 loss=0.0645 grad=0.43 | val_yaw_cmae=148.4 hit@10=0.000 pitch_mae=57.2 yaw_exact=0.000
  ep13/20 loss=0.0750 grad=0.31 | val_yaw_cmae=149.1 hit@10=0.000 pitch_mae=59.2 yaw_exact=0.000
  ep14/20 loss=0.0717 grad=0.56 | val_yaw_cmae=147.6 hit@10=0.000 pitch_mae=57.2 yaw_exact=0.000
  ep15/20 loss=0.0673 grad=0.40 | val_yaw_cmae=145.6 hit@10=0.000 pitch_mae=57.2 yaw_exact=0.000
  ep16/20 loss=0.0528 grad=0.41 | val_yaw_cmae=146.7 hit@10=0.000 pitch_mae=57.2 yaw_exact=0.000
  ep17/20 loss=0.0480 grad=0.24 | val_yaw_cmae=145.8 hit@10=0.000 pitch_mae=57.2 yaw_exact=0.000
  ep18/20 loss=0.0532 grad=0.53 | val_yaw_cmae=150.0 hit@10=0.000 pitch_mae=54.0 yaw_exact=0.000
  ep19/20 loss=0.0548 grad=0.50 | val_yaw_cmae=149.4 hit@10=0.000 pitch_mae=50.9 yaw_exact=0.000
  ep20/20 loss=0.0508 grad=0.54 | val_yaw_cmae=149.2 hit@10=0.000 pitch_mae=50.0 yaw_exact=0.000

[TEST final ] yaw_cmae=131.00deg hit@30=0.000 coarse90=0.000 | pitch_mae=46.58
[TEST best  ] (ep2) yaw_cmae=139.71deg hit@30=0.000 coarse90=0.000 | pitch_mae=57.16
[DONE] D:\我的文件\研究生学术\光学项目\0506新\项目重启_v0.4_BlenderOCS\v0.4_results\10_b6_circular_regression_fix01\image_only_fold0_aug-standard
<<< rc=0 mode=image_only fold=0 aug=standard end=11:09:55

>>> RUN mode=joint fold=0 aug=standard start=11:09:55
============================================================
1C-B6 circular regression | joint_fold0_aug-standard
manifest: split_manifest_circ_yawblock_fold0.json
device=cuda params=3,872,804 aug=standard
train/val/test = 1850/259/555
============================================================
  ep 1/20 loss=0.7119 grad=3.18 | val_yaw_cmae=150.1 hit@10=0.000 pitch_mae=49.1 yaw_exact=0.000  *best
  ep 2/20 loss=0.2838 grad=1.90 | val_yaw_cmae=114.7 hit@10=0.000 pitch_mae=76.0 yaw_exact=0.000  *best
  ep 3/20 loss=0.2154 grad=1.82 | val_yaw_cmae=114.3 hit@10=0.000 pitch_mae=48.9 yaw_exact=0.000  *best
  ep 4/20 loss=0.1531 grad=1.50 | val_yaw_cmae=109.9 hit@10=0.000 pitch_mae=69.5 yaw_exact=0.000  *best
  ep 5/20 loss=0.1373 grad=0.92 | val_yaw_cmae=114.0 hit@10=0.000 pitch_mae=82.2 yaw_exact=0.000
  ep 6/20 loss=0.1822 grad=1.60 | val_yaw_cmae=112.5 hit@10=0.000 pitch_mae=79.4 yaw_exact=0.000
  ep 7/20 loss=0.1276 grad=0.97 | val_yaw_cmae=130.0 hit@10=0.000 pitch_mae=52.3 yaw_exact=0.000
  ep 8/20 loss=0.0939 grad=0.91 | val_yaw_cmae=115.7 hit@10=0.000 pitch_mae=78.3 yaw_exact=0.000
  ep 9/20 loss=0.0757 grad=0.79 | val_yaw_cmae=109.3 hit@10=0.008 pitch_mae=63.6 yaw_exact=0.000  *best
  ep10/20 loss=0.1546 grad=1.74 | val_yaw_cmae=115.0 hit@10=0.000 pitch_mae=57.2 yaw_exact=0.000
  ep11/20 loss=0.0873 grad=0.91 | val_yaw_cmae=120.7 hit@10=0.042 pitch_mae=69.6 yaw_exact=0.000
  ep12/20 loss=0.0751 grad=1.00 | val_yaw_cmae=115.0 hit@10=0.000 pitch_mae=55.0 yaw_exact=0.000
  ep13/20 loss=0.0923 grad=0.95 | val_yaw_cmae=114.1 hit@10=0.000 pitch_mae=80.9 yaw_exact=0.000
  ep14/20 loss=0.0512 grad=0.60 | val_yaw_cmae=147.3 hit@10=0.000 pitch_mae=53.4 yaw_exact=0.000
  ep15/20 loss=0.0459 grad=0.72 | val_yaw_cmae=109.6 hit@10=0.031 pitch_mae=55.4 yaw_exact=0.000
  ep16/20 loss=0.0374 grad=0.92 | val_yaw_cmae=111.4 hit@10=0.000 pitch_mae=87.1 yaw_exact=0.000
  ep17/20 loss=0.0118 grad=0.48 | val_yaw_cmae=113.2 hit@10=0.000 pitch_mae=94.7 yaw_exact=0.000
  ep18/20 loss=0.0088 grad=0.48 | val_yaw_cmae=114.8 hit@10=0.000 pitch_mae=85.7 yaw_exact=0.000
  ep19/20 loss=0.0073 grad=0.41 | val_yaw_cmae=114.4 hit@10=0.000 pitch_mae=72.3 yaw_exact=0.000
  ep20/20 loss=0.0065 grad=0.40 | val_yaw_cmae=108.5 hit@10=0.000 pitch_mae=53.1 yaw_exact=0.000  *best

[TEST final ] yaw_cmae=157.99deg hit@30=0.000 coarse90=0.000 | pitch_mae=69.35
[TEST best  ] (ep20) yaw_cmae=157.99deg hit@30=0.000 coarse90=0.000 | pitch_mae=69.35
[DONE] D:\我的文件\研究生学术\光学项目\0506新\项目重启_v0.4_BlenderOCS\v0.4_results\10_b6_circular_regression_fix01\joint_fold0_aug-standard
<<< rc=0 mode=joint fold=0 aug=standard end=11:14:50

>>> RUN mode=image_only fold=1 aug=standard start=11:14:50
============================================================
1C-B6 circular regression | image_only_fold1_aug-standard
manifest: split_manifest_circ_yawblock_fold1.json
device=cuda params=3,838,628 aug=standard
train/val/test = 1850/259/555
============================================================
  ep 1/20 loss=1.0166 grad=2.75 | val_yaw_cmae=100.0 hit@10=0.000 pitch_mae=57.2 yaw_exact=0.000  *best
  ep 2/20 loss=0.4604 grad=1.85 | val_yaw_cmae=100.0 hit@10=0.000 pitch_mae=57.2 yaw_exact=0.000  *best
  ep 3/20 loss=0.2913 grad=1.73 | val_yaw_cmae=168.6 hit@10=0.000 pitch_mae=57.2 yaw_exact=0.000
  ep 4/20 loss=0.2436 grad=1.08 | val_yaw_cmae=100.0 hit@10=0.000 pitch_mae=57.2 yaw_exact=0.000
  ep 5/20 loss=0.1633 grad=0.99 | val_yaw_cmae=166.5 hit@10=0.000 pitch_mae=57.2 yaw_exact=0.000
  ep 6/20 loss=0.1394 grad=1.15 | val_yaw_cmae=80.0 hit@10=0.000 pitch_mae=57.2 yaw_exact=0.000  *best
  ep 7/20 loss=0.1437 grad=0.58 | val_yaw_cmae=168.6 hit@10=0.000 pitch_mae=57.2 yaw_exact=0.000
  ep 8/20 loss=0.1298 grad=0.85 | val_yaw_cmae=73.3 hit@10=0.039 pitch_mae=56.5 yaw_exact=0.000  *best
  ep 9/20 loss=0.1952 grad=1.59 | val_yaw_cmae=39.2 hit@10=0.286 pitch_mae=57.2 yaw_exact=0.000  *best
  ep10/20 loss=0.2010 grad=0.91 | val_yaw_cmae=100.0 hit@10=0.000 pitch_mae=81.8 yaw_exact=0.000
  ep11/20 loss=0.1198 grad=0.56 | val_yaw_cmae=118.6 hit@10=0.000 pitch_mae=57.2 yaw_exact=0.000
  ep12/20 loss=0.1056 grad=0.49 | val_yaw_cmae=100.0 hit@10=0.000 pitch_mae=57.2 yaw_exact=0.000
  ep13/20 loss=0.0898 grad=0.45 | val_yaw_cmae=100.0 hit@10=0.000 pitch_mae=57.2 yaw_exact=0.000
  ep14/20 loss=0.0823 grad=0.35 | val_yaw_cmae=100.0 hit@10=0.000 pitch_mae=57.2 yaw_exact=0.000
  ep15/20 loss=0.1027 grad=0.89 | val_yaw_cmae=100.0 hit@10=0.000 pitch_mae=57.2 yaw_exact=0.000
  ep16/20 loss=0.1523 grad=1.11 | val_yaw_cmae=168.6 hit@10=0.000 pitch_mae=56.2 yaw_exact=0.000
  ep17/20 loss=0.1158 grad=0.58 | val_yaw_cmae=168.6 hit@10=0.000 pitch_mae=57.2 yaw_exact=0.000
  ep18/20 loss=0.0926 grad=0.38 | val_yaw_cmae=168.6 hit@10=0.000 pitch_mae=57.2 yaw_exact=0.000
  ep19/20 loss=0.0836 grad=0.48 | val_yaw_cmae=168.6 hit@10=0.000 pitch_mae=57.2 yaw_exact=0.000
  ep20/20 loss=0.0698 grad=0.53 | val_yaw_cmae=168.6 hit@10=0.000 pitch_mae=57.2 yaw_exact=0.000

[TEST final ] yaw_cmae=114.50deg hit@30=0.007 coarse90=0.007 | pitch_mae=57.16
[TEST best  ] (ep9) yaw_cmae=147.90deg hit@30=0.000 coarse90=0.000 | pitch_mae=57.16
[DONE] D:\我的文件\研究生学术\光学项目\0506新\项目重启_v0.4_BlenderOCS\v0.4_results\10_b6_circular_regression_fix01\image_only_fold1_aug-standard
<<< rc=0 mode=image_only fold=1 aug=standard end=11:19:55

>>> RUN mode=joint fold=1 aug=standard start=11:19:55
============================================================
1C-B6 circular regression | joint_fold1_aug-standard
manifest: split_manifest_circ_yawblock_fold1.json
device=cuda params=3,872,804 aug=standard
train/val/test = 1850/259/555
============================================================
  ep 1/20 loss=0.8043 grad=2.74 | val_yaw_cmae=100.0 hit@10=0.000 pitch_mae=57.2 yaw_exact=0.000  *best
  ep 2/20 loss=0.2840 grad=1.54 | val_yaw_cmae=100.0 hit@10=0.000 pitch_mae=57.2 yaw_exact=0.000
  ep 3/20 loss=0.3403 grad=2.06 | val_yaw_cmae=56.8 hit@10=0.247 pitch_mae=63.9 yaw_exact=0.104  *best
  ep 4/20 loss=0.2264 grad=1.44 | val_yaw_cmae=106.5 hit@10=0.286 pitch_mae=69.6 yaw_exact=0.143
  ep 5/20 loss=0.1850 grad=0.86 | val_yaw_cmae=168.6 hit@10=0.000 pitch_mae=66.5 yaw_exact=0.000
  ep 6/20 loss=0.1268 grad=0.71 | val_yaw_cmae=168.0 hit@10=0.000 pitch_mae=62.3 yaw_exact=0.000
  ep 7/20 loss=0.1461 grad=0.83 | val_yaw_cmae=100.0 hit@10=0.000 pitch_mae=69.4 yaw_exact=0.000
  ep 8/20 loss=0.1566 grad=1.09 | val_yaw_cmae=100.0 hit@10=0.000 pitch_mae=57.2 yaw_exact=0.000
  ep 9/20 loss=0.1239 grad=1.15 | val_yaw_cmae=118.3 hit@10=0.000 pitch_mae=57.2 yaw_exact=0.000
  ep10/20 loss=0.1023 grad=0.90 | val_yaw_cmae=124.2 hit@10=0.000 pitch_mae=65.3 yaw_exact=0.000
  ep11/20 loss=0.1537 grad=1.15 | val_yaw_cmae=155.9 hit@10=0.000 pitch_mae=57.2 yaw_exact=0.000
  ep12/20 loss=0.1180 grad=0.86 | val_yaw_cmae=102.2 hit@10=0.000 pitch_mae=57.2 yaw_exact=0.000
  ep13/20 loss=0.1146 grad=0.62 | val_yaw_cmae=100.0 hit@10=0.000 pitch_mae=65.2 yaw_exact=0.000
  ep14/20 loss=0.0974 grad=0.55 | val_yaw_cmae=100.0 hit@10=0.000 pitch_mae=57.2 yaw_exact=0.000
  ep15/20 loss=0.0826 grad=0.47 | val_yaw_cmae=100.0 hit@10=0.000 pitch_mae=57.2 yaw_exact=0.000
  ep16/20 loss=0.0708 grad=0.39 | val_yaw_cmae=100.0 hit@10=0.000 pitch_mae=57.2 yaw_exact=0.000
  ep17/20 loss=0.0986 grad=0.63 | val_yaw_cmae=138.9 hit@10=0.000 pitch_mae=57.2 yaw_exact=0.000
  ep18/20 loss=0.0817 grad=0.48 | val_yaw_cmae=100.0 hit@10=0.000 pitch_mae=57.2 yaw_exact=0.000
  ep19/20 loss=0.0804 grad=0.41 | val_yaw_cmae=100.0 hit@10=0.000 pitch_mae=57.2 yaw_exact=0.000
  ep20/20 loss=0.0716 grad=0.22 | val_yaw_cmae=100.0 hit@10=0.000 pitch_mae=57.2 yaw_exact=0.000

[TEST final ] yaw_cmae=149.32deg hit@30=0.022 coarse90=0.022 | pitch_mae=57.16
[TEST best  ] (ep3) yaw_cmae=60.72deg hit@30=0.101 coarse90=0.187 | pitch_mae=65.03
[DONE] D:\我的文件\研究生学术\光学项目\0506新\项目重启_v0.4_BlenderOCS\v0.4_results\10_b6_circular_regression_fix01\joint_fold1_aug-standard
<<< rc=0 mode=joint fold=1 aug=standard end=11:24:51

>>> RUN mode=image_only fold=2 aug=standard start=11:24:51
============================================================
1C-B6 circular regression | image_only_fold2_aug-standard
manifest: split_manifest_circ_yawblock_fold2.json
device=cuda params=3,838,628 aug=standard
train/val/test = 1887/259/518
============================================================
  ep 1/20 loss=1.2371 grad=0.34 | val_yaw_cmae=85.0 hit@10=0.000 pitch_mae=57.2 yaw_exact=0.000  *best
  ep 2/20 loss=1.2644 grad=0.00 | val_yaw_cmae=85.0 hit@10=0.000 pitch_mae=57.2 yaw_exact=0.000
  ep 3/20 loss=1.2644 grad=0.00 | val_yaw_cmae=85.0 hit@10=0.000 pitch_mae=57.2 yaw_exact=0.000
  ep 4/20 loss=1.2644 grad=0.00 | val_yaw_cmae=85.0 hit@10=0.000 pitch_mae=57.2 yaw_exact=0.000
  ep 5/20 loss=1.2644 grad=0.00 | val_yaw_cmae=85.0 hit@10=0.000 pitch_mae=57.2 yaw_exact=0.000
  ep 6/20 loss=1.2645 grad=0.00 | val_yaw_cmae=85.0 hit@10=0.000 pitch_mae=57.2 yaw_exact=0.000
  ep 7/20 loss=1.2644 grad=0.00 | val_yaw_cmae=85.0 hit@10=0.000 pitch_mae=57.2 yaw_exact=0.000
  ep 8/20 loss=1.2643 grad=0.00 | val_yaw_cmae=85.0 hit@10=0.000 pitch_mae=57.2 yaw_exact=0.000
  ep 9/20 loss=1.2645 grad=0.00 | val_yaw_cmae=85.0 hit@10=0.000 pitch_mae=57.2 yaw_exact=0.000
  ep10/20 loss=1.2643 grad=0.00 | val_yaw_cmae=85.0 hit@10=0.000 pitch_mae=57.2 yaw_exact=0.000
  ep11/20 loss=1.2645 grad=0.00 | val_yaw_cmae=85.0 hit@10=0.000 pitch_mae=57.2 yaw_exact=0.000
  ep12/20 loss=1.2645 grad=0.00 | val_yaw_cmae=85.0 hit@10=0.000 pitch_mae=57.2 yaw_exact=0.000
  ep13/20 loss=1.2644 grad=0.00 | val_yaw_cmae=85.0 hit@10=0.000 pitch_mae=57.2 yaw_exact=0.000
  ep14/20 loss=1.2645 grad=0.00 | val_yaw_cmae=85.0 hit@10=0.000 pitch_mae=57.2 yaw_exact=0.000
  ep15/20 loss=1.2643 grad=0.00 | val_yaw_cmae=85.0 hit@10=0.000 pitch_mae=57.2 yaw_exact=0.000
  ep16/20 loss=1.2644 grad=0.00 | val_yaw_cmae=85.0 hit@10=0.000 pitch_mae=57.2 yaw_exact=0.000
  ep17/20 loss=1.2643 grad=0.00 | val_yaw_cmae=85.0 hit@10=0.000 pitch_mae=57.2 yaw_exact=0.000
  ep18/20 loss=1.2643 grad=0.00 | val_yaw_cmae=85.0 hit@10=0.000 pitch_mae=57.2 yaw_exact=0.000
  ep19/20 loss=1.2643 grad=0.00 | val_yaw_cmae=85.0 hit@10=0.000 pitch_mae=57.2 yaw_exact=0.000
  ep20/20 loss=1.2644 grad=0.00 | val_yaw_cmae=85.0 hit@10=0.000 pitch_mae=57.2 yaw_exact=0.000

[TEST final ] yaw_cmae=137.50deg hit@30=0.000 coarse90=0.000 | pitch_mae=57.16
[TEST best  ] (ep1) yaw_cmae=137.50deg hit@30=0.000 coarse90=0.000 | pitch_mae=57.16
[DONE] D:\我的文件\研究生学术\光学项目\0506新\项目重启_v0.4_BlenderOCS\v0.4_results\10_b6_circular_regression_fix01\image_only_fold2_aug-standard
<<< rc=0 mode=image_only fold=2 aug=standard end=11:29:45

>>> RUN mode=joint fold=2 aug=standard start=11:29:45
============================================================
1C-B6 circular regression | joint_fold2_aug-standard
manifest: split_manifest_circ_yawblock_fold2.json
device=cuda params=3,872,804 aug=standard
train/val/test = 1887/259/518
============================================================
  ep 1/20 loss=1.1567 grad=0.47 | val_yaw_cmae=170.7 hit@10=0.000 pitch_mae=57.2 yaw_exact=0.000  *best
  ep 2/20 loss=1.1721 grad=0.00 | val_yaw_cmae=170.7 hit@10=0.000 pitch_mae=57.2 yaw_exact=0.000  *best
  ep 3/20 loss=1.1720 grad=0.00 | val_yaw_cmae=170.7 hit@10=0.000 pitch_mae=57.2 yaw_exact=0.000  *best
  ep 4/20 loss=1.1720 grad=0.00 | val_yaw_cmae=170.7 hit@10=0.000 pitch_mae=57.2 yaw_exact=0.000
  ep 5/20 loss=1.1708 grad=0.17 | val_yaw_cmae=163.8 hit@10=0.000 pitch_mae=57.2 yaw_exact=0.000  *best
  ep 6/20 loss=0.9259 grad=1.04 | val_yaw_cmae=85.0 hit@10=0.000 pitch_mae=57.2 yaw_exact=0.000  *best
  ep 7/20 loss=0.7269 grad=1.07 | val_yaw_cmae=64.2 hit@10=0.351 pitch_mae=57.2 yaw_exact=0.077  *best
  ep 8/20 loss=0.4867 grad=1.12 | val_yaw_cmae=170.7 hit@10=0.000 pitch_mae=54.3 yaw_exact=0.000
  ep 9/20 loss=0.2156 grad=0.77 | val_yaw_cmae=140.4 hit@10=0.000 pitch_mae=57.2 yaw_exact=0.000
  ep10/20 loss=0.1744 grad=0.82 | val_yaw_cmae=50.2 hit@10=0.004 pitch_mae=70.7 yaw_exact=0.000  *best
  ep11/20 loss=0.1496 grad=0.70 | val_yaw_cmae=115.6 hit@10=0.000 pitch_mae=60.1 yaw_exact=0.000
  ep12/20 loss=0.1659 grad=1.03 | val_yaw_cmae=166.5 hit@10=0.000 pitch_mae=57.2 yaw_exact=0.000
  ep13/20 loss=0.1034 grad=0.52 | val_yaw_cmae=170.2 hit@10=0.000 pitch_mae=57.2 yaw_exact=0.000
  ep14/20 loss=0.1121 grad=0.45 | val_yaw_cmae=168.5 hit@10=0.000 pitch_mae=48.2 yaw_exact=0.000
  ep15/20 loss=0.0839 grad=0.38 | val_yaw_cmae=163.3 hit@10=0.000 pitch_mae=60.2 yaw_exact=0.000
  ep16/20 loss=0.0928 grad=0.27 | val_yaw_cmae=162.5 hit@10=0.000 pitch_mae=58.5 yaw_exact=0.000
  ep17/20 loss=0.0879 grad=0.63 | val_yaw_cmae=167.3 hit@10=0.000 pitch_mae=58.2 yaw_exact=0.000
  ep18/20 loss=0.0911 grad=0.69 | val_yaw_cmae=170.7 hit@10=0.000 pitch_mae=57.2 yaw_exact=0.000
  ep19/20 loss=0.1457 grad=0.84 | val_yaw_cmae=79.3 hit@10=0.031 pitch_mae=57.2 yaw_exact=0.012
  ep20/20 loss=0.1212 grad=0.92 | val_yaw_cmae=85.0 hit@10=0.000 pitch_mae=57.2 yaw_exact=0.000

[TEST final ] yaw_cmae=137.50deg hit@30=0.000 coarse90=0.000 | pitch_mae=57.16
[TEST best  ] (ep10) yaw_cmae=123.86deg hit@30=0.019 coarse90=0.093 | pitch_mae=68.49
[DONE] D:\我的文件\研究生学术\光学项目\0506新\项目重启_v0.4_BlenderOCS\v0.4_results\10_b6_circular_regression_fix01\joint_fold2_aug-standard
<<< rc=0 mode=joint fold=2 aug=standard end=11:34:32

>>> RUN mode=image_only fold=3 aug=standard start=11:34:32
============================================================
1C-B6 circular regression | image_only_fold3_aug-standard
manifest: split_manifest_circ_yawblock_fold3.json
device=cuda params=3,838,628 aug=standard
train/val/test = 1887/259/518
============================================================
  ep 1/20 loss=0.5900 grad=3.06 | val_yaw_cmae=163.5 hit@10=0.000 pitch_mae=45.2 yaw_exact=0.000  *best
  ep 2/20 loss=0.4392 grad=1.96 | val_yaw_cmae=135.4 hit@10=0.004 pitch_mae=57.2 yaw_exact=0.000  *best
  ep 3/20 loss=0.3327 grad=2.33 | val_yaw_cmae=155.0 hit@10=0.000 pitch_mae=57.2 yaw_exact=0.000
  ep 4/20 loss=0.2388 grad=1.47 | val_yaw_cmae=155.0 hit@10=0.000 pitch_mae=63.3 yaw_exact=0.000
  ep 5/20 loss=0.1926 grad=1.18 | val_yaw_cmae=103.8 hit@10=0.012 pitch_mae=84.2 yaw_exact=0.000  *best
  ep 6/20 loss=0.1562 grad=0.99 | val_yaw_cmae=155.0 hit@10=0.000 pitch_mae=52.9 yaw_exact=0.000
  ep 7/20 loss=0.1382 grad=1.00 | val_yaw_cmae=40.1 hit@10=0.066 pitch_mae=94.2 yaw_exact=0.004  *best
  ep 8/20 loss=0.1206 grad=1.03 | val_yaw_cmae=142.4 hit@10=0.000 pitch_mae=57.2 yaw_exact=0.000
  ep 9/20 loss=0.1576 grad=0.79 | val_yaw_cmae=155.0 hit@10=0.000 pitch_mae=62.7 yaw_exact=0.000
  ep10/20 loss=0.0948 grad=0.62 | val_yaw_cmae=74.8 hit@10=0.000 pitch_mae=57.2 yaw_exact=0.000
  ep11/20 loss=0.0694 grad=0.61 | val_yaw_cmae=111.5 hit@10=0.000 pitch_mae=49.8 yaw_exact=0.000
  ep12/20 loss=0.0637 grad=0.57 | val_yaw_cmae=100.9 hit@10=0.000 pitch_mae=57.2 yaw_exact=0.000
  ep13/20 loss=0.0562 grad=0.73 | val_yaw_cmae=87.6 hit@10=0.000 pitch_mae=35.6 yaw_exact=0.000
  ep14/20 loss=0.0749 grad=0.69 | val_yaw_cmae=142.3 hit@10=0.000 pitch_mae=57.2 yaw_exact=0.000
  ep15/20 loss=0.0676 grad=0.80 | val_yaw_cmae=155.0 hit@10=0.000 pitch_mae=57.2 yaw_exact=0.000
  ep16/20 loss=0.0647 grad=0.54 | val_yaw_cmae=151.3 hit@10=0.000 pitch_mae=57.2 yaw_exact=0.000
  ep17/20 loss=0.0417 grad=0.47 | val_yaw_cmae=155.0 hit@10=0.000 pitch_mae=53.7 yaw_exact=0.000
  ep18/20 loss=0.0510 grad=0.56 | val_yaw_cmae=65.0 hit@10=0.000 pitch_mae=57.2 yaw_exact=0.000
  ep19/20 loss=0.0603 grad=0.52 | val_yaw_cmae=151.5 hit@10=0.000 pitch_mae=57.2 yaw_exact=0.000
  ep20/20 loss=0.0500 grad=0.66 | val_yaw_cmae=155.0 hit@10=0.000 pitch_mae=57.2 yaw_exact=0.000

[TEST final ] yaw_cmae=151.79deg hit@30=0.000 coarse90=0.000 | pitch_mae=57.16
[TEST best  ] (ep7) yaw_cmae=54.31deg hit@30=0.208 coarse90=0.425 | pitch_mae=83.08
[DONE] D:\我的文件\研究生学术\光学项目\0506新\项目重启_v0.4_BlenderOCS\v0.4_results\10_b6_circular_regression_fix01\image_only_fold3_aug-standard
<<< rc=0 mode=image_only fold=3 aug=standard end=11:39:21

>>> RUN mode=joint fold=3 aug=standard start=11:39:21
============================================================
1C-B6 circular regression | joint_fold3_aug-standard
manifest: split_manifest_circ_yawblock_fold3.json
device=cuda params=3,872,804 aug=standard
train/val/test = 1887/259/518
============================================================
  ep 1/20 loss=0.6816 grad=4.22 | val_yaw_cmae=96.5 hit@10=0.112 pitch_mae=57.2 yaw_exact=0.027  *best
  ep 2/20 loss=0.6089 grad=3.24 | val_yaw_cmae=75.3 hit@10=0.073 pitch_mae=57.2 yaw_exact=0.019  *best
  ep 3/20 loss=0.5734 grad=2.68 | val_yaw_cmae=117.5 hit@10=0.000 pitch_mae=57.2 yaw_exact=0.000
  ep 4/20 loss=0.5563 grad=1.83 | val_yaw_cmae=133.7 hit@10=0.000 pitch_mae=57.2 yaw_exact=0.000
  ep 5/20 loss=0.5580 grad=2.21 | val_yaw_cmae=109.9 hit@10=0.000 pitch_mae=57.2 yaw_exact=0.000
  ep 6/20 loss=0.5519 grad=1.75 | val_yaw_cmae=128.3 hit@10=0.000 pitch_mae=57.2 yaw_exact=0.000
  ep 7/20 loss=0.5482 grad=1.39 | val_yaw_cmae=132.7 hit@10=0.000 pitch_mae=57.2 yaw_exact=0.000
  ep 8/20 loss=0.5472 grad=1.19 | val_yaw_cmae=118.1 hit@10=0.000 pitch_mae=57.2 yaw_exact=0.000
  ep 9/20 loss=0.5448 grad=1.00 | val_yaw_cmae=126.3 hit@10=0.000 pitch_mae=57.2 yaw_exact=0.000
  ep10/20 loss=0.5442 grad=0.95 | val_yaw_cmae=138.4 hit@10=0.000 pitch_mae=57.2 yaw_exact=0.000
  ep11/20 loss=0.5425 grad=0.56 | val_yaw_cmae=139.1 hit@10=0.000 pitch_mae=57.2 yaw_exact=0.000
  ep12/20 loss=0.5424 grad=0.60 | val_yaw_cmae=139.9 hit@10=0.000 pitch_mae=57.2 yaw_exact=0.000
  ep13/20 loss=0.5422 grad=0.53 | val_yaw_cmae=145.3 hit@10=0.000 pitch_mae=57.2 yaw_exact=0.000
  ep14/20 loss=0.5427 grad=0.73 | val_yaw_cmae=142.8 hit@10=0.000 pitch_mae=57.2 yaw_exact=0.000
  ep15/20 loss=0.5428 grad=0.63 | val_yaw_cmae=135.9 hit@10=0.000 pitch_mae=57.2 yaw_exact=0.000
  ep16/20 loss=0.5352 grad=1.30 | val_yaw_cmae=95.5 hit@10=0.000 pitch_mae=46.2 yaw_exact=0.000
  ep17/20 loss=0.2212 grad=1.76 | val_yaw_cmae=68.6 hit@10=0.000 pitch_mae=87.9 yaw_exact=0.000  *best
  ep18/20 loss=0.0420 grad=0.51 | val_yaw_cmae=49.0 hit@10=0.000 pitch_mae=53.3 yaw_exact=0.000  *best
  ep19/20 loss=0.0133 grad=0.29 | val_yaw_cmae=59.0 hit@10=0.000 pitch_mae=53.7 yaw_exact=0.000
  ep20/20 loss=0.0081 grad=0.23 | val_yaw_cmae=50.6 hit@10=0.008 pitch_mae=31.9 yaw_exact=0.000

[TEST final ] yaw_cmae=38.08deg hit@30=0.444 coarse90=0.290 | pitch_mae=63.19
[TEST best  ] (ep18) yaw_cmae=30.24deg hit@30=0.525 coarse90=0.562 | pitch_mae=78.65
[DONE] D:\我的文件\研究生学术\光学项目\0506新\项目重启_v0.4_BlenderOCS\v0.4_results\10_b6_circular_regression_fix01\joint_fold3_aug-standard
<<< rc=0 mode=joint fold=3 aug=standard end=11:44:10

>>> RUN mode=image_only fold=4 aug=standard start=11:44:10
============================================================
1C-B6 circular regression | image_only_fold4_aug-standard
manifest: split_manifest_circ_yawblock_fold4.json
device=cuda params=3,838,628 aug=standard
train/val/test = 1887/259/518
============================================================
  ep 1/20 loss=0.9235 grad=1.93 | val_yaw_cmae=135.0 hit@10=0.000 pitch_mae=57.2 yaw_exact=0.000  *best
  ep 2/20 loss=0.5745 grad=1.95 | val_yaw_cmae=105.7 hit@10=0.050 pitch_mae=48.9 yaw_exact=0.015  *best
  ep 3/20 loss=0.3267 grad=1.38 | val_yaw_cmae=45.0 hit@10=0.000 pitch_mae=57.2 yaw_exact=0.000  *best
  ep 4/20 loss=0.2496 grad=1.82 | val_yaw_cmae=135.0 hit@10=0.000 pitch_mae=57.2 yaw_exact=0.000
  ep 5/20 loss=0.2820 grad=1.79 | val_yaw_cmae=135.0 hit@10=0.000 pitch_mae=57.2 yaw_exact=0.000
  ep 6/20 loss=0.2066 grad=1.02 | val_yaw_cmae=135.0 hit@10=0.000 pitch_mae=57.2 yaw_exact=0.000
  ep 7/20 loss=0.1610 grad=0.87 | val_yaw_cmae=135.0 hit@10=0.000 pitch_mae=57.2 yaw_exact=0.000
  ep 8/20 loss=0.1082 grad=0.53 | val_yaw_cmae=135.0 hit@10=0.000 pitch_mae=57.2 yaw_exact=0.000
  ep 9/20 loss=0.1132 grad=0.80 | val_yaw_cmae=135.5 hit@10=0.000 pitch_mae=57.2 yaw_exact=0.000
  ep10/20 loss=0.1268 grad=0.92 | val_yaw_cmae=135.0 hit@10=0.000 pitch_mae=57.2 yaw_exact=0.000
  ep11/20 loss=0.0871 grad=0.83 | val_yaw_cmae=135.0 hit@10=0.000 pitch_mae=53.1 yaw_exact=0.000
  ep12/20 loss=0.1234 grad=1.07 | val_yaw_cmae=135.6 hit@10=0.000 pitch_mae=57.2 yaw_exact=0.000
  ep13/20 loss=0.1106 grad=0.94 | val_yaw_cmae=133.2 hit@10=0.000 pitch_mae=57.2 yaw_exact=0.000
  ep14/20 loss=0.1289 grad=1.13 | val_yaw_cmae=45.0 hit@10=0.000 pitch_mae=57.2 yaw_exact=0.000
  ep15/20 loss=0.2070 grad=1.33 | val_yaw_cmae=48.9 hit@10=0.000 pitch_mae=57.2 yaw_exact=0.000
  ep16/20 loss=0.1115 grad=1.04 | val_yaw_cmae=37.7 hit@10=0.069 pitch_mae=66.8 yaw_exact=0.023  *best
  ep17/20 loss=0.0953 grad=0.30 | val_yaw_cmae=110.7 hit@10=0.000 pitch_mae=57.2 yaw_exact=0.000
  ep18/20 loss=0.0706 grad=0.44 | val_yaw_cmae=120.1 hit@10=0.000 pitch_mae=57.2 yaw_exact=0.000
  ep19/20 loss=0.0638 grad=0.43 | val_yaw_cmae=128.1 hit@10=0.000 pitch_mae=57.2 yaw_exact=0.000
  ep20/20 loss=0.0587 grad=0.56 | val_yaw_cmae=89.5 hit@10=0.015 pitch_mae=90.0 yaw_exact=0.008

[TEST final ] yaw_cmae=117.99deg hit@30=0.093 coarse90=0.091 | pitch_mae=88.44
[TEST best  ] (ep16) yaw_cmae=50.58deg hit@30=0.349 coarse90=0.645 | pitch_mae=54.13
[DONE] D:\我的文件\研究生学术\光学项目\0506新\项目重启_v0.4_BlenderOCS\v0.4_results\10_b6_circular_regression_fix01\image_only_fold4_aug-standard
<<< rc=0 mode=image_only fold=4 aug=standard end=11:49:03

>>> RUN mode=joint fold=4 aug=standard start=11:49:03
============================================================
1C-B6 circular regression | joint_fold4_aug-standard
manifest: split_manifest_circ_yawblock_fold4.json
device=cuda params=3,872,804 aug=standard
train/val/test = 1887/259/518
============================================================
  ep 1/20 loss=1.4133 grad=0.35 | val_yaw_cmae=45.0 hit@10=0.000 pitch_mae=57.2 yaw_exact=0.000  *best
  ep 2/20 loss=1.4149 grad=0.40 | val_yaw_cmae=45.0 hit@10=0.000 pitch_mae=57.2 yaw_exact=0.000
  ep 3/20 loss=1.1690 grad=1.22 | val_yaw_cmae=45.0 hit@10=0.000 pitch_mae=27.5 yaw_exact=0.000
  ep 4/20 loss=1.1278 grad=0.76 | val_yaw_cmae=45.0 hit@10=0.000 pitch_mae=23.0 yaw_exact=0.000
  ep 5/20 loss=1.1116 grad=0.76 | val_yaw_cmae=45.0 hit@10=0.000 pitch_mae=23.4 yaw_exact=0.000
  ep 6/20 loss=1.0745 grad=0.67 | val_yaw_cmae=135.0 hit@10=0.000 pitch_mae=54.4 yaw_exact=0.000
  ep 7/20 loss=0.7224 grad=2.04 | val_yaw_cmae=135.1 hit@10=0.000 pitch_mae=36.5 yaw_exact=0.000
  ep 8/20 loss=0.6133 grad=2.69 | val_yaw_cmae=136.7 hit@10=0.000 pitch_mae=25.6 yaw_exact=0.000
  ep 9/20 loss=0.4312 grad=1.98 | val_yaw_cmae=44.5 hit@10=0.000 pitch_mae=21.4 yaw_exact=0.000  *best
  ep10/20 loss=0.2248 grad=2.40 | val_yaw_cmae=71.0 hit@10=0.000 pitch_mae=21.4 yaw_exact=0.000
  ep11/20 loss=0.1409 grad=1.39 | val_yaw_cmae=26.4 hit@10=0.232 pitch_mae=15.7 yaw_exact=0.073  *best
  ep12/20 loss=0.0520 grad=0.80 | val_yaw_cmae=49.2 hit@10=0.085 pitch_mae=13.7 yaw_exact=0.023
  ep13/20 loss=0.0173 grad=0.56 | val_yaw_cmae=50.2 hit@10=0.081 pitch_mae=11.1 yaw_exact=0.027
  ep14/20 loss=0.0132 grad=0.52 | val_yaw_cmae=38.4 hit@10=0.135 pitch_mae=8.7 yaw_exact=0.042
  ep15/20 loss=0.0108 grad=0.47 | val_yaw_cmae=41.6 hit@10=0.120 pitch_mae=8.8 yaw_exact=0.023
  ep16/20 loss=0.0097 grad=0.49 | val_yaw_cmae=44.4 hit@10=0.124 pitch_mae=10.4 yaw_exact=0.046
  ep17/20 loss=0.0074 grad=0.42 | val_yaw_cmae=36.5 hit@10=0.201 pitch_mae=9.3 yaw_exact=0.031
  ep18/20 loss=0.0073 grad=0.41 | val_yaw_cmae=40.4 hit@10=0.054 pitch_mae=9.0 yaw_exact=0.008
  ep19/20 loss=0.0071 grad=0.44 | val_yaw_cmae=35.9 hit@10=0.212 pitch_mae=7.4 yaw_exact=0.073
  ep20/20 loss=0.0053 grad=0.36 | val_yaw_cmae=34.7 hit@10=0.166 pitch_mae=8.2 yaw_exact=0.039

[TEST final ] yaw_cmae=17.02deg hit@30=0.788 coarse90=0.958 | pitch_mae=11.52
[TEST best  ] (ep11) yaw_cmae=34.54deg hit@30=0.481 coarse90=0.847 | pitch_mae=18.12
[DONE] D:\我的文件\研究生学术\光学项目\0506新\项目重启_v0.4_BlenderOCS\v0.4_results\10_b6_circular_regression_fix01\joint_fold4_aug-standard
<<< rc=0 mode=joint fold=4 aug=standard end=11:53:49

=== B6-FIX01 batch done Tue Jun 30 11:53:49     2026 ===
